Archive member included to satisfy reference by file (symbol)

c:/st/stm32cubeide_1.11.0/stm32cubeide/plugins/com.st.stm32cube.ide.mcu.externaltools.gnu-tools-for-stm32.10.3-2021.10.win32_1.0.100.202210260954/tools/bin/../lib/gcc/arm-none-eabi/10.3.1/../../../../arm-none-eabi/lib/thumb/v7e-m+fp/hard\libc_nano.a(lib_a-errno.o)
                              ./Core/Src/syscalls.o (__errno)
c:/st/stm32cubeide_1.11.0/stm32cubeide/plugins/com.st.stm32cube.ide.mcu.externaltools.gnu-tools-for-stm32.10.3-2021.10.win32_1.0.100.202210260954/tools/bin/../lib/gcc/arm-none-eabi/10.3.1/../../../../arm-none-eabi/lib/thumb/v7e-m+fp/hard\libc_nano.a(lib_a-exit.o)
                              c:/st/stm32cubeide_1.11.0/stm32cubeide/plugins/com.st.stm32cube.ide.mcu.externaltools.gnu-tools-for-stm32.10.3-2021.10.win32_1.0.100.202210260954/tools/bin/../lib/gcc/arm-none-eabi/10.3.1/../../../../arm-none-eabi/lib/thumb/v7e-m+fp/hard/crt0.o (exit)
c:/st/stm32cubeide_1.11.0/stm32cubeide/plugins/com.st.stm32cube.ide.mcu.externaltools.gnu-tools-for-stm32.10.3-2021.10.win32_1.0.100.202210260954/tools/bin/../lib/gcc/arm-none-eabi/10.3.1/../../../../arm-none-eabi/lib/thumb/v7e-m+fp/hard\libc_nano.a(lib_a-impure.o)
                              c:/st/stm32cubeide_1.11.0/stm32cubeide/plugins/com.st.stm32cube.ide.mcu.externaltools.gnu-tools-for-stm32.10.3-2021.10.win32_1.0.100.202210260954/tools/bin/../lib/gcc/arm-none-eabi/10.3.1/../../../../arm-none-eabi/lib/thumb/v7e-m+fp/hard\libc_nano.a(lib_a-exit.o) (_global_impure_ptr)
c:/st/stm32cubeide_1.11.0/stm32cubeide/plugins/com.st.stm32cube.ide.mcu.externaltools.gnu-tools-for-stm32.10.3-2021.10.win32_1.0.100.202210260954/tools/bin/../lib/gcc/arm-none-eabi/10.3.1/../../../../arm-none-eabi/lib/thumb/v7e-m+fp/hard\libc_nano.a(lib_a-init.o)
                              c:/st/stm32cubeide_1.11.0/stm32cubeide/plugins/com.st.stm32cube.ide.mcu.externaltools.gnu-tools-for-stm32.10.3-2021.10.win32_1.0.100.202210260954/tools/bin/../lib/gcc/arm-none-eabi/10.3.1/../../../../arm-none-eabi/lib/thumb/v7e-m+fp/hard/crt0.o (__libc_init_array)
c:/st/stm32cubeide_1.11.0/stm32cubeide/plugins/com.st.stm32cube.ide.mcu.externaltools.gnu-tools-for-stm32.10.3-2021.10.win32_1.0.100.202210260954/tools/bin/../lib/gcc/arm-none-eabi/10.3.1/../../../../arm-none-eabi/lib/thumb/v7e-m+fp/hard\libc_nano.a(lib_a-memcpy-stub.o)
                              ./Core/Src/ModBusRTU.o (memcpy)
c:/st/stm32cubeide_1.11.0/stm32cubeide/plugins/com.st.stm32cube.ide.mcu.externaltools.gnu-tools-for-stm32.10.3-2021.10.win32_1.0.100.202210260954/tools/bin/../lib/gcc/arm-none-eabi/10.3.1/../../../../arm-none-eabi/lib/thumb/v7e-m+fp/hard\libc_nano.a(lib_a-memset.o)
                              c:/st/stm32cubeide_1.11.0/stm32cubeide/plugins/com.st.stm32cube.ide.mcu.externaltools.gnu-tools-for-stm32.10.3-2021.10.win32_1.0.100.202210260954/tools/bin/../lib/gcc/arm-none-eabi/10.3.1/../../../../arm-none-eabi/lib/thumb/v7e-m+fp/hard/crt0.o (memset)
c:/st/stm32cubeide_1.11.0/stm32cubeide/plugins/com.st.stm32cube.ide.mcu.externaltools.gnu-tools-for-stm32.10.3-2021.10.win32_1.0.100.202210260954/tools/bin/../lib/gcc/arm-none-eabi/10.3.1/thumb/v7e-m+fp/hard\libgcc.a(_aeabi_uldivmod.o)
                              ./Drivers/STM32F4xx_HAL_Driver/Src/stm32f4xx_hal_rcc.o (__aeabi_uldivmod)
c:/st/stm32cubeide_1.11.0/stm32cubeide/plugins/com.st.stm32cube.ide.mcu.externaltools.gnu-tools-for-stm32.10.3-2021.10.win32_1.0.100.202210260954/tools/bin/../lib/gcc/arm-none-eabi/10.3.1/thumb/v7e-m+fp/hard\libgcc.a(_udivmoddi4.o)
                              c:/st/stm32cubeide_1.11.0/stm32cubeide/plugins/com.st.stm32cube.ide.mcu.externaltools.gnu-tools-for-stm32.10.3-2021.10.win32_1.0.100.202210260954/tools/bin/../lib/gcc/arm-none-eabi/10.3.1/thumb/v7e-m+fp/hard\libgcc.a(_aeabi_uldivmod.o) (__udivmoddi4)
c:/st/stm32cubeide_1.11.0/stm32cubeide/plugins/com.st.stm32cube.ide.mcu.externaltools.gnu-tools-for-stm32.10.3-2021.10.win32_1.0.100.202210260954/tools/bin/../lib/gcc/arm-none-eabi/10.3.1/thumb/v7e-m+fp/hard\libgcc.a(_dvmd_tls.o)
                              c:/st/stm32cubeide_1.11.0/stm32cubeide/plugins/com.st.stm32cube.ide.mcu.externaltools.gnu-tools-for-stm32.10.3-2021.10.win32_1.0.100.202210260954/tools/bin/../lib/gcc/arm-none-eabi/10.3.1/thumb/v7e-m+fp/hard\libgcc.a(_aeabi_uldivmod.o) (__aeabi_ldiv0)

Discarded input sections

 .text          0x0000000000000000        0x0 c:/st/stm32cubeide_1.11.0/stm32cubeide/plugins/com.st.stm32cube.ide.mcu.externaltools.gnu-tools-for-stm32.10.3-2021.10.win32_1.0.100.202210260954/tools/bin/../lib/gcc/arm-none-eabi/10.3.1/thumb/v7e-m+fp/hard/crti.o
 .data          0x0000000000000000        0x0 c:/st/stm32cubeide_1.11.0/stm32cubeide/plugins/com.st.stm32cube.ide.mcu.externaltools.gnu-tools-for-stm32.10.3-2021.10.win32_1.0.100.202210260954/tools/bin/../lib/gcc/arm-none-eabi/10.3.1/thumb/v7e-m+fp/hard/crti.o
[...]
Memory Configuration

Name             Origin             Length             Attributes
RAM              0x0000000020000000 0x0000000000020000 xrw
FLASH            0x0000000008000000 0x0000000000080000 xr
*default*        0x0000000000000000 0xffffffffffffffff

Linker script and memory map

LOAD c:/st/stm32cubeide_1.11.0/stm32cubeide/plugins/com.st.stm32cube.ide.mcu.externaltools.gnu-tools-for-stm32.10.3-2021.10.win32_1.0.100.202210260954/tools/bin/../lib/gcc/arm-none-eabi/10.3.1/thumb/v7e-m+fp/hard/crti.o
LOAD c:/st/stm32cubeide_1.11.0/stm32cubeide/plugins/com.st.stm32cube.ide.mcu.externaltools.gnu-tools-for-stm32.10.3-2021.10.win32_1.0.100.202210260954/tools/bin/../lib/gcc/arm-none-eabi/10.3.1/thumb/v7e-m+fp/hard/crtbegin.o
LOAD c:/st/stm32cubeide_1.11.0/stm32cubeide/plugins/com.st.stm32cube.ide.mcu.externaltools.gnu-tools-for-stm32.10.3-2021.10.win32_1.0.100.202210260954/tools/bin/../lib/gcc/arm-none-eabi/10.3.1/../../../../arm-none-eabi/lib/thumb/v7e-m+fp/hard/crt0.o
LOAD ./Core/Src/I2C_EndEffector.o
LOAD ./Core/Src/Joystick.o
LOAD ./Core/Src/ModBusRTU.o
LOAD ./Core/Src/dma.o
LOAD ./Core/Src/gpio.o
LOAD ./Core/Src/i2c.o
LOAD ./Core/Src/main.o
LOAD ./Core/Src/stm32f4xx_hal_msp.o
LOAD ./Core/Src/stm32f4xx_it.o
LOAD ./Core/Src/syscalls.o
LOAD ./Core/Src/sysmem.o
LOAD ./Core/Src/system_stm32f4xx.o
LOAD ./Core/Src/tim.o
LOAD ./Core/Src/usart.o
LOAD ./Core/Startup/startup_stm32f411retx.o
LOAD ./Drivers/STM32F4xx_HAL_Driver/Src/stm32f4xx_hal.o
LOAD ./Drivers/STM32F4xx_HAL_Driver/Src/stm32f4xx_hal_cortex.o
LOAD ./Drivers/STM32F4xx_HAL_Driver/Src/stm32f4xx_hal_dma.o
LOAD ./Drivers/STM32F4xx_HAL_Driver/Src/stm32f4xx_hal_dma_ex.o
LOAD ./Drivers/STM32F4xx_HAL_Driver/Src/stm32f4xx_hal_exti.o
LOAD ./Drivers/STM32F4xx_HAL_Driver/Src/stm32f4xx_hal_flash.o
LOAD ./Drivers/STM32F4xx_HAL_Driver/Src/stm32f4xx_hal_flash_ex.o
LOAD ./Drivers/STM32F4xx_HAL_Driver/Src/stm32f4xx_hal_flash_ramfunc.o
LOAD ./Drivers/STM32F4xx_HAL_Driver/Src/stm32f4xx_hal_gpio.o
LOAD ./Drivers/STM32F4xx_HAL_Driver/Src/stm32f4xx_hal_i2c.o
LOAD ./Drivers/STM32F4xx_HAL_Driver/Src/stm32f4xx_hal_i2c_ex.o
LOAD ./Drivers/STM32F4xx_HAL_Driver/Src/stm32f4xx_hal_pwr.o
LOAD ./Drivers/STM32F4xx_HAL_Driver/Src/stm32f4xx_hal_pwr_ex.o
LOAD ./Drivers/STM32F4xx_HAL_Driver/Src/stm32f4xx_hal_rcc.o
LOAD ./Drivers/STM32F4xx_HAL_Driver/Src/stm32f4xx_hal_rcc_ex.o
LOAD ./Drivers/STM32F4xx_HAL_Driver/Src/stm32f4xx_hal_tim.o
LOAD ./Drivers/STM32F4xx_HAL_Driver/Src/stm32f4xx_hal_tim_ex.o
LOAD ./Drivers/STM32F4xx_HAL_Driver/Src/stm32f4xx_hal_uart.o
START GROUP
LOAD c:/st/stm32cubeide_1.11.0/stm32cubeide/plugins/com.st.stm32cube.ide.mcu.externaltools.gnu-tools-for-stm32.10.3-2021.10.win32_1.0.100.202210260954/tools/bin/../lib/gcc/arm-none-eabi/10.3.1/../../../../arm-none-eabi/lib/thumb/v7e-m+fp/hard\libc_nano.a
LOAD c:/st/stm32cubeide_1.11.0/stm32cubeide/plugins/com.st.stm32cube.ide.mcu.externaltools.gnu-tools-for-stm32.10.3-2021.10.win32_1.0.100.202210260954/tools/bin/../lib/gcc/arm-none-eabi/10.3.1/../../../../arm-none-eabi/lib/thumb/v7e-m+fp/hard\libm.a
END GROUP
START GROUP
LOAD c:/st/stm32cubeide_1.11.0/stm32cubeide/plugins/com.st.stm32cube.ide.mcu.externaltools.gnu-tools-for-stm32.10.3-2021.10.win32_1.0.100.202210260954/tools/bin/../lib/gcc/arm-none-eabi/10.3.1/thumb/v7e-m+fp/hard\libgcc.a
LOAD c:/st/stm32cubeide_1.11.0/stm32cubeide/plugins/com.st.stm32cube.ide.mcu.externaltools.gnu-tools-for-stm32.10.3-2021.10.win32_1.0.100.202210260954/tools/bin/../lib/gcc/arm-none-eabi/10.3.1/../../../../arm-none-eabi/lib/thumb/v7e-m+fp/hard\libc_nano.a
END GROUP
START GROUP
LOAD c:/st/stm32cubeide_1.11.0/stm32cubeide/plugins/com.st.stm32cube.ide.mcu.externaltools.gnu-tools-for-stm32.10.3-2021.10.win32_1.0.100.202210260954/tools/bin/../lib/gcc/arm-none-eabi/10.3.1/thumb/v7e-m+fp/hard\libgcc.a
LOAD c:/st/stm32cubeide_1.11.0/stm32cubeide/plugins/com.st.stm32cube.ide.mcu.externaltools.gnu-tools-for-stm32.10.3-2021.10.win32_1.0.100.202210260954/tools/bin/../lib/gcc/arm-none-eabi/10.3.1/../../../../arm-none-eabi/lib/thumb/v7e-m+fp/hard\libc_nano.a
LOAD c:/st/stm32cubeide_1.11.0/stm32cubeide/plugins/com.st.stm32cube.ide.mcu.externaltools.gnu-tools-for-stm32.10.3-2021.10.win32_1.0.100.202210260954/tools/bin/../lib/gcc/arm-none-eabi/10.3.1/../../../../arm-none-eabi/lib/thumb/v7e-m+fp/hard\libnosys.a
END GROUP
START GROUP
LOAD c:/st/stm32cubeide_1.11.0/stm32cubeide/plugins/com.st.stm32cube.ide.mcu.externaltools.gnu-tools-for-stm32.10.3-2021.10.win32_1.0.100.202210260954/tools/bin/../lib/gcc/arm-none-eabi/10.3.1/thumb/v7e-m+fp/hard\libgcc.a
LOAD c:/st/stm32cubeide_1.11.0/stm32cubeide/plugins/com.st.stm32cube.ide.mcu.externaltools.gnu-tools-for-stm32.10.3-2021.10.win32_1.0.100.202210260954/tools/bin/../lib/gcc/arm-none-eabi/10.3.1/../../../../arm-none-eabi/lib/thumb/v7e-m+fp/hard\libc_nano.a
LOAD c:/st/stm32cubeide_1.11.0/stm32cubeide/plugins/com.st.stm32cube.ide.mcu.externaltools.gnu-tools-for-stm32.10.3-2021.10.win32_1.0.100.202210260954/tools/bin/../lib/gcc/arm-none-eabi/10.3.1/../../../../arm-none-eabi/lib/thumb/v7e-m+fp/hard\libnosys.a
END GROUP
LOAD c:/st/stm32cubeide_1.11.0/stm32cubeide/plugins/com.st.stm32cube.ide.mcu.externaltools.gnu-tools-for-stm32.10.3-2021.10.win32_1.0.100.202210260954/tools/bin/../lib/gcc/arm-none-eabi/10.3.1/thumb/v7e-m+fp/hard/crtend.o
LOAD c:/st/stm32cubeide_1.11.0/stm32cubeide/plugins/com.st.stm32cube.ide.mcu.externaltools.gnu-tools-for-stm32.10.3-2021.10.win32_1.0.100.202210260954/tools/bin/../lib/gcc/arm-none-eabi/10.3.1/thumb/v7e-m+fp/hard/crtn.o
                0x0000000020020000                _estack = (ORIGIN (RAM) + LENGTH (RAM))
                0x0000000000000200                _Min_Heap_Size = 0x200
                0x0000000000000400                _Min_Stack_Size = 0x400

.isr_vector     0x0000000008000000      0x198
                0x0000000008000000                . = ALIGN (0x4)
 *(.isr_vector)
 .isr_vector    0x0000000008000000      0x198 ./Core/Startup/startup_stm32f411retx.o
                0x0000000008000000                g_pfnVectors
                0x0000000008000198                . = ALIGN (0x4)

.text           0x0000000008000198     0x7ffc
                0x0000000008000198                . = ALIGN (0x4)
 *(.text)
 .text          0x0000000008000198       0x40 c:/st/stm32cubeide_1.11.0/stm32cubeide/plugins/com.st.stm32cube.ide.mcu.externaltools.gnu-tools-for-stm32.10.3-2021.10.win32_1.0.100.202210260954/tools/bin/../lib/gcc/arm-none-eabi/10.3.1/thumb/v7e-m+fp/hard/crtbegin.o
 .text          0x00000000080001d8       0x30 c:/st/stm32cubeide_1.11.0/stm32cubeide/plugins/com.st.stm32cube.ide.mcu.externaltools.gnu-tools-for-stm32.10.3-2021.10.win32_1.0.100.202210260954/tools/bin/../lib/gcc/arm-none-eabi/10.3.1/thumb/v7e-m+fp/hard\libgcc.a(_aeabi_uldivmod.o)
                0x00000000080001d8                __aeabi_uldivmod
 .text          0x0000000008000208      0x2d0 c:/st/stm32cubeide_1.11.0/stm32cubeide/plugins/com.st.stm32cube.ide.mcu.externaltools.gnu-tools-for-stm32.10.3-2021.10.win32_1.0.100.202210260954/tools/bin/../lib/gcc/arm-none-eabi/10.3.1/thumb/v7e-m+fp/hard\libgcc.a(_udivmoddi4.o)
                0x0000000008000208                __udivmoddi4
 .text          0x00000000080004d8        0x4 c:/st/stm32cubeide_1.11.0/stm32cubeide/plugins/com.st.stm32cube.ide.mcu.externaltools.gnu-tools-for-stm32.10.3-2021.10.win32_1.0.100.202210260954/tools/bin/../lib/gcc/arm-none-eabi/10.3.1/thumb/v7e-m+fp/hard\libgcc.a(_dvmd_tls.o)
                0x00000000080004d8                __aeabi_idiv0
                0x00000000080004d8                __aeabi_ldiv0
 *(.text*)
 .text.ENDEFF_SOFT_RESET
                0x00000000080004dc       0x50 ./Core/Src/I2C_EndEffector.o
                0x00000000080004dc                ENDEFF_SOFT_RESET
 .text.ENDEFF_TEST_MODE
                0x000000000800052c       0x50 ./Core/Src/I2C_EndEffector.o
                0x000000000800052c                ENDEFF_TEST_MODE
 .text.ENDEFF_TEST_MODE_QUIT
                0x000000000800057c       0x50 ./Core/Src/I2C_EndEffector.o
                0x000000000800057c                ENDEFF_TEST_MODE_QUIT
 .text.ENDEFF_GRIPPER_RUNMODE
                0x00000000080005cc       0x50 ./Core/Src/I2C_EndEffector.o
                0x00000000080005cc                ENDEFF_GRIPPER_RUNMODE
 .text.ENDEFF_GRIPPER_IDLE
                0x000000000800061c       0x50 ./Core/Src/I2C_EndEffector.o
                0x000000000800061c                ENDEFF_GRIPPER_IDLE
 .text.ENDEFF_GRIPPER_PICK
                0x000000000800066c       0x50 ./Core/Src/I2C_EndEffector.o
                0x000000000800066c                ENDEFF_GRIPPER_PICK
 .text.ENDEFF_GRIPPER_PLACE
                0x00000000080006bc       0x50 ./Core/Src/I2C_EndEffector.o
                0x00000000080006bc                ENDEFF_GRIPPER_PLACE
 .text.I2C_TO_BASESYSTEM
                0x000000000800070c      0x244 ./Core/Src/I2C_EndEffector.o
                0x000000000800070c                I2C_TO_BASESYSTEM
 .text.UARTInterruptConfig
                0x0000000008000950       0x1c ./Core/Src/Joystick.o
                0x0000000008000950                UARTInterruptConfig
 .text.Joystick_Received
                0x000000000800096c      0x154 ./Core/Src/Joystick.o
                0x000000000800096c                Joystick_Received
 .text.modbus_1t5_Timeout
                0x0000000008000ac0       0x20 ./Core/Src/ModBusRTU.o
                0x0000000008000ac0                modbus_1t5_Timeout
 .text.modbus_3t5_Timeout
                0x0000000008000ae0       0x20 ./Core/Src/ModBusRTU.o
                0x0000000008000ae0                modbus_3t5_Timeout
 .text.modbus_UART_Recived
                0x0000000008000b00       0x64 ./Core/Src/ModBusRTU.o
                0x0000000008000b00                modbus_UART_Recived
 .text.Modbus_init
                0x0000000008000b64       0xac ./Core/Src/ModBusRTU.o
                0x0000000008000b64                Modbus_init
 .text.CRC16    0x0000000008000c10       0x6c ./Core/Src/ModBusRTU.o
                0x0000000008000c10                CRC16
 .text.Modbus_Protocal_Worker
                0x0000000008000c7c      0x210 ./Core/Src/ModBusRTU.o
                0x0000000008000c7c                Modbus_Protocal_Worker
 .text.modbusWrite1Register
                0x0000000008000e8c       0x84 ./Core/Src/ModBusRTU.o
                0x0000000008000e8c                modbusWrite1Register
 .text.modbusRead1Register
                0x0000000008000f10       0xf4 ./Core/Src/ModBusRTU.o
                0x0000000008000f10                modbusRead1Register
 .text.ModbusErrorReply
                0x0000000008001004       0x44 ./Core/Src/ModBusRTU.o
                0x0000000008001004                ModbusErrorReply
 .text.Modbus_frame_response
                0x0000000008001048       0x30 ./Core/Src/ModBusRTU.o
                0x0000000008001048                Modbus_frame_response
 .text.Modbus_Emission
                0x0000000008001078      0x100 ./Core/Src/ModBusRTU.o
                0x0000000008001078                Modbus_Emission
 .text.MX_DMA_Init
                0x0000000008001178       0x6c ./Core/Src/dma.o
                0x0000000008001178                MX_DMA_Init
 .text.MX_GPIO_Init
                0x00000000080011e4       0xdc ./Core/Src/gpio.o
                0x00000000080011e4                MX_GPIO_Init
 .text.MX_I2C1_Init
                0x00000000080012c0       0x5c ./Core/Src/i2c.o
                0x00000000080012c0                MX_I2C1_Init
 .text.HAL_I2C_MspInit
                0x000000000800131c       0xb0 ./Core/Src/i2c.o
                0x000000000800131c                HAL_I2C_MspInit
 .text.main     0x00000000080013cc      0x1c8 ./Core/Src/main.o
                0x00000000080013cc                main
 .text.SystemClock_Config
                0x0000000008001594       0xd0 ./Core/Src/main.o
                0x0000000008001594                SystemClock_Config
 .text.HAL_UART_RxCpltCallback
                0x0000000008001664       0x28 ./Core/Src/main.o
                0x0000000008001664                HAL_UART_RxCpltCallback
 .text.Error_Handler
                0x000000000800168c        0xa ./Core/Src/main.o
                0x000000000800168c                Error_Handler
 *fill*         0x0000000008001696        0x2 
 .text.HAL_MspInit
                0x0000000008001698       0x50 ./Core/Src/stm32f4xx_hal_msp.o
                0x0000000008001698                HAL_MspInit
 .text.NMI_Handler
                0x00000000080016e8        0x6 ./Core/Src/stm32f4xx_it.o
                0x00000000080016e8                NMI_Handler
 .text.HardFault_Handler
                0x00000000080016ee        0x6 ./Core/Src/stm32f4xx_it.o
                0x00000000080016ee                HardFault_Handler
 .text.MemManage_Handler
                0x00000000080016f4        0x6 ./Core/Src/stm32f4xx_it.o
                0x00000000080016f4                MemManage_Handler
 .text.BusFault_Handler
                0x00000000080016fa        0x6 ./Core/Src/stm32f4xx_it.o
                0x00000000080016fa                BusFault_Handler
 .text.UsageFault_Handler
                0x0000000008001700        0x6 ./Core/Src/stm32f4xx_it.o
                0x0000000008001700                UsageFault_Handler
 .text.SVC_Handler
                0x0000000008001706        0xe ./Core/Src/stm32f4xx_it.o
                0x0000000008001706                SVC_Handler
 .text.DebugMon_Handler
                0x0000000008001714        0xe ./Core/Src/stm32f4xx_it.o
                0x0000000008001714                DebugMon_Handler
 .text.PendSV_Handler
                0x0000000008001722        0xe ./Core/Src/stm32f4xx_it.o
                0x0000000008001722                PendSV_Handler
 .text.SysTick_Handler
                0x0000000008001730        0xc ./Core/Src/stm32f4xx_it.o
                0x0000000008001730                SysTick_Handler
 .text.DMA1_Stream6_IRQHandler
                0x000000000800173c       0x14 ./Core/Src/stm32f4xx_it.o
                0x000000000800173c                DMA1_Stream6_IRQHandler
 .text.TIM1_TRG_COM_TIM11_IRQHandler
                0x0000000008001750       0x14 ./Core/Src/stm32f4xx_it.o
                0x0000000008001750                TIM1_TRG_COM_TIM11_IRQHandler
 .text.I2C1_EV_IRQHandler
                0x0000000008001764       0x14 ./Core/Src/stm32f4xx_it.o
                0x0000000008001764                I2C1_EV_IRQHandler
 .text.I2C1_ER_IRQHandler
                0x0000000008001778       0x14 ./Core/Src/stm32f4xx_it.o
                0x0000000008001778                I2C1_ER_IRQHandler
 .text.USART1_IRQHandler
                0x000000000800178c       0x14 ./Core/Src/stm32f4xx_it.o
                0x000000000800178c                USART1_IRQHandler
 .text.USART2_IRQHandler
                0x00000000080017a0       0x14 ./Core/Src/stm32f4xx_it.o
                0x00000000080017a0                USART2_IRQHandler
 .text.DMA2_Stream7_IRQHandler
                0x00000000080017b4       0x14 ./Core/Src/stm32f4xx_it.o
                0x00000000080017b4                DMA2_Stream7_IRQHandler
 .text.SystemInit
                0x00000000080017c8       0x24 ./Core/Src/system_stm32f4xx.o
                0x00000000080017c8                SystemInit
 .text.MX_TIM11_Init
                0x00000000080017ec       0xa8 ./Core/Src/tim.o
                0x00000000080017ec                MX_TIM11_Init
 .text.HAL_TIM_Base_MspInit
                0x0000000008001894       0x50 ./Core/Src/tim.o
                0x0000000008001894                HAL_TIM_Base_MspInit
 .text.MX_USART1_UART_Init
                0x00000000080018e4       0x54 ./Core/Src/usart.o
                0x00000000080018e4                MX_USART1_UART_Init
 .text.MX_USART2_UART_Init
                0x0000000008001938       0x58 ./Core/Src/usart.o
                0x0000000008001938                MX_USART2_UART_Init
 .text.HAL_UART_MspInit
                0x0000000008001990      0x1e0 ./Core/Src/usart.o
                0x0000000008001990                HAL_UART_MspInit
 .text.Reset_Handler
                0x0000000008001b70       0x50 ./Core/Startup/startup_stm32f411retx.o
                0x0000000008001b70                Reset_Handler
 .text.Default_Handler
                0x0000000008001bc0        0x2 ./Core/Startup/startup_stm32f411retx.o
                0x0000000008001bc0                RTC_Alarm_IRQHandler
                0x0000000008001bc0                EXTI2_IRQHandler
                0x0000000008001bc0                SPI4_IRQHandler
                0x0000000008001bc0                TIM1_CC_IRQHandler
                0x0000000008001bc0                DMA2_Stream5_IRQHandler
                0x0000000008001bc0                DMA1_Stream5_IRQHandler
                0x0000000008001bc0                PVD_IRQHandler
                0x0000000008001bc0                SDIO_IRQHandler
                0x0000000008001bc0                TAMP_STAMP_IRQHandler
                0x0000000008001bc0                EXTI3_IRQHandler
                0x0000000008001bc0                TIM1_UP_TIM10_IRQHandler
                0x0000000008001bc0                I2C3_ER_IRQHandler
                0x0000000008001bc0                EXTI0_IRQHandler
                0x0000000008001bc0                I2C2_EV_IRQHandler
                0x0000000008001bc0                DMA1_Stream2_IRQHandler
                0x0000000008001bc0                FPU_IRQHandler
                0x0000000008001bc0                DMA2_Stream2_IRQHandler
                0x0000000008001bc0                SPI1_IRQHandler
                0x0000000008001bc0                TIM1_BRK_TIM9_IRQHandler
                0x0000000008001bc0                DMA2_Stream3_IRQHandler
                0x0000000008001bc0                USART6_IRQHandler
                0x0000000008001bc0                DMA2_Stream0_IRQHandler
                0x0000000008001bc0                TIM4_IRQHandler
                0x0000000008001bc0                DMA1_Stream1_IRQHandler
                0x0000000008001bc0                TIM3_IRQHandler
                0x0000000008001bc0                RCC_IRQHandler
                0x0000000008001bc0                Default_Handler
                0x0000000008001bc0                EXTI15_10_IRQHandler
                0x0000000008001bc0                ADC_IRQHandler
                0x0000000008001bc0                DMA1_Stream7_IRQHandler
                0x0000000008001bc0                SPI5_IRQHandler
                0x0000000008001bc0                TIM5_IRQHandler
                0x0000000008001bc0                I2C3_EV_IRQHandler
                0x0000000008001bc0                EXTI9_5_IRQHandler
                0x0000000008001bc0                RTC_WKUP_IRQHandler
                0x0000000008001bc0                SPI2_IRQHandler
                0x0000000008001bc0                DMA1_Stream0_IRQHandler
                0x0000000008001bc0                EXTI4_IRQHandler
                0x0000000008001bc0                WWDG_IRQHandler
                0x0000000008001bc0                TIM2_IRQHandler
                0x0000000008001bc0                OTG_FS_WKUP_IRQHandler
                0x0000000008001bc0                EXTI1_IRQHandler
                0x0000000008001bc0                I2C2_ER_IRQHandler
                0x0000000008001bc0                DMA2_Stream1_IRQHandler
                0x0000000008001bc0                FLASH_IRQHandler
                0x0000000008001bc0                DMA2_Stream4_IRQHandler
                0x0000000008001bc0                OTG_FS_IRQHandler
                0x0000000008001bc0                SPI3_IRQHandler
                0x0000000008001bc0                DMA1_Stream4_IRQHandler
                0x0000000008001bc0                DMA2_Stream6_IRQHandler
                0x0000000008001bc0                DMA1_Stream3_IRQHandler
 *fill*         0x0000000008001bc2        0x2 
 .text.HAL_Init
                0x0000000008001bc4       0x44 ./Drivers/STM32F4xx_HAL_Driver/Src/stm32f4xx_hal.o
                0x0000000008001bc4                HAL_Init
 .text.HAL_InitTick
                0x0000000008001c08       0x60 ./Drivers/STM32F4xx_HAL_Driver/Src/stm32f4xx_hal.o
                0x0000000008001c08                HAL_InitTick
 .text.HAL_IncTick
                0x0000000008001c68       0x28 ./Drivers/STM32F4xx_HAL_Driver/Src/stm32f4xx_hal.o
                0x0000000008001c68                HAL_IncTick
 .text.HAL_GetTick
                0x0000000008001c90       0x18 ./Drivers/STM32F4xx_HAL_Driver/Src/stm32f4xx_hal.o
                0x0000000008001c90                HAL_GetTick
 .text.__NVIC_SetPriorityGrouping
                0x0000000008001ca8       0x48 ./Drivers/STM32F4xx_HAL_Driver/Src/stm32f4xx_hal_cortex.o
 .text.__NVIC_GetPriorityGrouping
                0x0000000008001cf0       0x1c ./Drivers/STM32F4xx_HAL_Driver/Src/stm32f4xx_hal_cortex.o
 .text.__NVIC_EnableIRQ
                0x0000000008001d0c       0x3c ./Drivers/STM32F4xx_HAL_Driver/Src/stm32f4xx_hal_cortex.o
 .text.__NVIC_SetPriority
                0x0000000008001d48       0x54 ./Drivers/STM32F4xx_HAL_Driver/Src/stm32f4xx_hal_cortex.o
 .text.NVIC_EncodePriority
                0x0000000008001d9c       0x66 ./Drivers/STM32F4xx_HAL_Driver/Src/stm32f4xx_hal_cortex.o
 *fill*         0x0000000008001e02        0x2 
 .text.SysTick_Config
                0x0000000008001e04       0x44 ./Drivers/STM32F4xx_HAL_Driver/Src/stm32f4xx_hal_cortex.o
 .text.HAL_NVIC_SetPriorityGrouping
                0x0000000008001e48       0x16 ./Drivers/STM32F4xx_HAL_Driver/Src/stm32f4xx_hal_cortex.o
                0x0000000008001e48                HAL_NVIC_SetPriorityGrouping
 .text.HAL_NVIC_SetPriority
                0x0000000008001e5e       0x38 ./Drivers/STM32F4xx_HAL_Driver/Src/stm32f4xx_hal_cortex.o
                0x0000000008001e5e                HAL_NVIC_SetPriority
 .text.HAL_NVIC_EnableIRQ
                0x0000000008001e96       0x1c ./Drivers/STM32F4xx_HAL_Driver/Src/stm32f4xx_hal_cortex.o
                0x0000000008001e96                HAL_NVIC_EnableIRQ
 .text.HAL_SYSTICK_Config
                0x0000000008001eb2       0x18 ./Drivers/STM32F4xx_HAL_Driver/Src/stm32f4xx_hal_cortex.o
                0x0000000008001eb2                HAL_SYSTICK_Config
 *fill*         0x0000000008001eca        0x2 
 .text.HAL_DMA_Init
                0x0000000008001ecc      0x15c ./Drivers/STM32F4xx_HAL_Driver/Src/stm32f4xx_hal_dma.o
                0x0000000008001ecc                HAL_DMA_Init
 .text.HAL_DMA_Start_IT
                0x0000000008002028       0xb0 ./Drivers/STM32F4xx_HAL_Driver/Src/stm32f4xx_hal_dma.o
                0x0000000008002028                HAL_DMA_Start_IT
 .text.HAL_DMA_Abort
                0x00000000080020d8       0xe0 ./Drivers/STM32F4xx_HAL_Driver/Src/stm32f4xx_hal_dma.o
                0x00000000080020d8                HAL_DMA_Abort
 .text.HAL_DMA_Abort_IT
                0x00000000080021b8       0x44 ./Drivers/STM32F4xx_HAL_Driver/Src/stm32f4xx_hal_dma.o
                0x00000000080021b8                HAL_DMA_Abort_IT
 .text.HAL_DMA_IRQHandler
                0x00000000080021fc      0x314 ./Drivers/STM32F4xx_HAL_Driver/Src/stm32f4xx_hal_dma.o
                0x00000000080021fc                HAL_DMA_IRQHandler
 .text.HAL_DMA_GetState
                0x0000000008002510       0x1c ./Drivers/STM32F4xx_HAL_Driver/Src/stm32f4xx_hal_dma.o
                0x0000000008002510                HAL_DMA_GetState
 .text.HAL_DMA_GetError
                0x000000000800252c       0x18 ./Drivers/STM32F4xx_HAL_Driver/Src/stm32f4xx_hal_dma.o
                0x000000000800252c                HAL_DMA_GetError
 .text.DMA_SetConfig
                0x0000000008002544       0x5c ./Drivers/STM32F4xx_HAL_Driver/Src/stm32f4xx_hal_dma.o
 .text.DMA_CalcBaseAndBitshift
                0x00000000080025a0       0x6c ./Drivers/STM32F4xx_HAL_Driver/Src/stm32f4xx_hal_dma.o
 .text.DMA_CheckFifoParam
                0x000000000800260c       0xf8 ./Drivers/STM32F4xx_HAL_Driver/Src/stm32f4xx_hal_dma.o
 .text.HAL_GPIO_Init
                0x0000000008002704      0x308 ./Drivers/STM32F4xx_HAL_Driver/Src/stm32f4xx_hal_gpio.o
                0x0000000008002704                HAL_GPIO_Init
 .text.HAL_GPIO_WritePin
                0x0000000008002a0c       0x32 ./Drivers/STM32F4xx_HAL_Driver/Src/stm32f4xx_hal_gpio.o
                0x0000000008002a0c                HAL_GPIO_WritePin
 *fill*         0x0000000008002a3e        0x2 
 .text.HAL_I2C_Init
                0x0000000008002a40      0x288 ./Drivers/STM32F4xx_HAL_Driver/Src/stm32f4xx_hal_i2c.o
                0x0000000008002a40                HAL_I2C_Init
 .text.HAL_I2C_Master_Transmit
                0x0000000008002cc8      0x1fc ./Drivers/STM32F4xx_HAL_Driver/Src/stm32f4xx_hal_i2c.o
                0x0000000008002cc8                HAL_I2C_Master_Transmit
 .text.HAL_I2C_Master_Receive
                0x0000000008002ec4      0x44c ./Drivers/STM32F4xx_HAL_Driver/Src/stm32f4xx_hal_i2c.o
                0x0000000008002ec4                HAL_I2C_Master_Receive
 .text.HAL_I2C_EV_IRQHandler
                0x0000000008003310      0x2e2 ./Drivers/STM32F4xx_HAL_Driver/Src/stm32f4xx_hal_i2c.o
                0x0000000008003310                HAL_I2C_EV_IRQHandler
 .text.HAL_I2C_ER_IRQHandler
                0x00000000080035f2      0x14e ./Drivers/STM32F4xx_HAL_Driver/Src/stm32f4xx_hal_i2c.o
                0x00000000080035f2                HAL_I2C_ER_IRQHandler
 .text.HAL_I2C_MasterTxCpltCallback
                0x0000000008003740       0x14 ./Drivers/STM32F4xx_HAL_Driver/Src/stm32f4xx_hal_i2c.o
                0x0000000008003740                HAL_I2C_MasterTxCpltCallback
 .text.HAL_I2C_MasterRxCpltCallback
                0x0000000008003754       0x14 ./Drivers/STM32F4xx_HAL_Driver/Src/stm32f4xx_hal_i2c.o
                0x0000000008003754                HAL_I2C_MasterRxCpltCallback
 .text.HAL_I2C_SlaveTxCpltCallback
                0x0000000008003768       0x14 ./Drivers/STM32F4xx_HAL_Driver/Src/stm32f4xx_hal_i2c.o
                0x0000000008003768                HAL_I2C_SlaveTxCpltCallback
 .text.HAL_I2C_SlaveRxCpltCallback
                0x000000000800377c       0x14 ./Drivers/STM32F4xx_HAL_Driver/Src/stm32f4xx_hal_i2c.o
                0x000000000800377c                HAL_I2C_SlaveRxCpltCallback
 .text.HAL_I2C_AddrCallback
                0x0000000008003790       0x1c ./Drivers/STM32F4xx_HAL_Driver/Src/stm32f4xx_hal_i2c.o
                0x0000000008003790                HAL_I2C_AddrCallback
 .text.HAL_I2C_ListenCpltCallback
                0x00000000080037ac       0x14 ./Drivers/STM32F4xx_HAL_Driver/Src/stm32f4xx_hal_i2c.o
                0x00000000080037ac                HAL_I2C_ListenCpltCallback
 .text.HAL_I2C_MemTxCpltCallback
                0x00000000080037c0       0x14 ./Drivers/STM32F4xx_HAL_Driver/Src/stm32f4xx_hal_i2c.o
                0x00000000080037c0                HAL_I2C_MemTxCpltCallback
 .text.HAL_I2C_MemRxCpltCallback
                0x00000000080037d4       0x14 ./Drivers/STM32F4xx_HAL_Driver/Src/stm32f4xx_hal_i2c.o
                0x00000000080037d4                HAL_I2C_MemRxCpltCallback
 .text.HAL_I2C_ErrorCallback
                0x00000000080037e8       0x14 ./Drivers/STM32F4xx_HAL_Driver/Src/stm32f4xx_hal_i2c.o
                0x00000000080037e8                HAL_I2C_ErrorCallback
 .text.HAL_I2C_AbortCpltCallback
                0x00000000080037fc       0x14 ./Drivers/STM32F4xx_HAL_Driver/Src/stm32f4xx_hal_i2c.o
                0x00000000080037fc                HAL_I2C_AbortCpltCallback
 .text.I2C_MasterTransmit_TXE
                0x0000000008003810      0x138 ./Drivers/STM32F4xx_HAL_Driver/Src/stm32f4xx_hal_i2c.o
 .text.I2C_MasterTransmit_BTF
                0x0000000008003948       0xec ./Drivers/STM32F4xx_HAL_Driver/Src/stm32f4xx_hal_i2c.o
 .text.I2C_MemoryTransmit_TXE_BTF
                0x0000000008003a34      0x128 ./Drivers/STM32F4xx_HAL_Driver/Src/stm32f4xx_hal_i2c.o
 .text.I2C_MasterReceive_RXNE
                0x0000000008003b5c      0x176 ./Drivers/STM32F4xx_HAL_Driver/Src/stm32f4xx_hal_i2c.o
 .text.I2C_MasterReceive_BTF
                0x0000000008003cd2      0x1d4 ./Drivers/STM32F4xx_HAL_Driver/Src/stm32f4xx_hal_i2c.o
 .text.I2C_Master_SB
                0x0000000008003ea6      0x10c ./Drivers/STM32F4xx_HAL_Driver/Src/stm32f4xx_hal_i2c.o
 .text.I2C_Master_ADD10
                0x0000000008003fb2       0x54 ./Drivers/STM32F4xx_HAL_Driver/Src/stm32f4xx_hal_i2c.o
 .text.I2C_Master_ADDR
                0x0000000008004006      0x322 ./Drivers/STM32F4xx_HAL_Driver/Src/stm32f4xx_hal_i2c.o
 .text.I2C_SlaveTransmit_TXE
                0x0000000008004328       0x7a ./Drivers/STM32F4xx_HAL_Driver/Src/stm32f4xx_hal_i2c.o
 .text.I2C_SlaveTransmit_BTF
                0x00000000080043a2       0x42 ./Drivers/STM32F4xx_HAL_Driver/Src/stm32f4xx_hal_i2c.o
 .text.I2C_SlaveReceive_RXNE
                0x00000000080043e4       0x7c ./Drivers/STM32F4xx_HAL_Driver/Src/stm32f4xx_hal_i2c.o
 .text.I2C_SlaveReceive_BTF
                0x0000000008004460       0x44 ./Drivers/STM32F4xx_HAL_Driver/Src/stm32f4xx_hal_i2c.o
 .text.I2C_Slave_ADDR
                0x00000000080044a4       0x94 ./Drivers/STM32F4xx_HAL_Driver/Src/stm32f4xx_hal_i2c.o
 .text.I2C_Slave_STOPF
                0x0000000008004538      0x260 ./Drivers/STM32F4xx_HAL_Driver/Src/stm32f4xx_hal_i2c.o
 .text.I2C_Slave_AF
                0x0000000008004798       0xe0 ./Drivers/STM32F4xx_HAL_Driver/Src/stm32f4xx_hal_i2c.o
 .text.I2C_ITError
                0x0000000008004878      0x264 ./Drivers/STM32F4xx_HAL_Driver/Src/stm32f4xx_hal_i2c.o
 .text.I2C_MasterRequestWrite
                0x0000000008004adc      0x104 ./Drivers/STM32F4xx_HAL_Driver/Src/stm32f4xx_hal_i2c.o
 .text.I2C_MasterRequestRead
                0x0000000008004be0      0x19c ./Drivers/STM32F4xx_HAL_Driver/Src/stm32f4xx_hal_i2c.o
 .text.I2C_DMAAbort
                0x0000000008004d7c      0x150 ./Drivers/STM32F4xx_HAL_Driver/Src/stm32f4xx_hal_i2c.o
 .text.I2C_WaitOnFlagUntilTimeout
                0x0000000008004ecc       0xae ./Drivers/STM32F4xx_HAL_Driver/Src/stm32f4xx_hal_i2c.o
 .text.I2C_WaitOnMasterAddressFlagUntilTimeout
                0x0000000008004f7a       0xfe ./Drivers/STM32F4xx_HAL_Driver/Src/stm32f4xx_hal_i2c.o
 .text.I2C_WaitOnTXEFlagUntilTimeout
                0x0000000008005078       0x82 ./Drivers/STM32F4xx_HAL_Driver/Src/stm32f4xx_hal_i2c.o
 .text.I2C_WaitOnBTFFlagUntilTimeout
                0x00000000080050fa       0x82 ./Drivers/STM32F4xx_HAL_Driver/Src/stm32f4xx_hal_i2c.o
 .text.I2C_WaitOnSTOPRequestThroughIT
                0x000000000800517c       0x64 ./Drivers/STM32F4xx_HAL_Driver/Src/stm32f4xx_hal_i2c.o
 .text.I2C_WaitOnRXNEFlagUntilTimeout
                0x00000000080051e0       0xac ./Drivers/STM32F4xx_HAL_Driver/Src/stm32f4xx_hal_i2c.o
 .text.I2C_IsAcknowledgeFailed
                0x000000000800528c       0x5e ./Drivers/STM32F4xx_HAL_Driver/Src/stm32f4xx_hal_i2c.o
 .text.I2C_ConvertOtherXferOptions
                0x00000000080052ea       0x36 ./Drivers/STM32F4xx_HAL_Driver/Src/stm32f4xx_hal_i2c.o
 .text.HAL_RCC_OscConfig
                0x0000000008005320      0x4f0 ./Drivers/STM32F4xx_HAL_Driver/Src/stm32f4xx_hal_rcc.o
                0x0000000008005320                HAL_RCC_OscConfig
 .text.HAL_RCC_ClockConfig
                0x0000000008005810      0x1cc ./Drivers/STM32F4xx_HAL_Driver/Src/stm32f4xx_hal_rcc.o
                0x0000000008005810                HAL_RCC_ClockConfig
 .text.HAL_RCC_GetSysClockFreq
                0x00000000080059dc      0x20c ./Drivers/STM32F4xx_HAL_Driver/Src/stm32f4xx_hal_rcc.o
                0x00000000080059dc                HAL_RCC_GetSysClockFreq
 .text.HAL_RCC_GetHCLKFreq
                0x0000000008005be8       0x18 ./Drivers/STM32F4xx_HAL_Driver/Src/stm32f4xx_hal_rcc.o
                0x0000000008005be8                HAL_RCC_GetHCLKFreq
 .text.HAL_RCC_GetPCLK1Freq
                0x0000000008005c00       0x28 ./Drivers/STM32F4xx_HAL_Driver/Src/stm32f4xx_hal_rcc.o
                0x0000000008005c00                HAL_RCC_GetPCLK1Freq
 .text.HAL_RCC_GetPCLK2Freq
                0x0000000008005c28       0x28 ./Drivers/STM32F4xx_HAL_Driver/Src/stm32f4xx_hal_rcc.o
                0x0000000008005c28                HAL_RCC_GetPCLK2Freq
 .text.HAL_TIM_Base_Init
                0x0000000008005c50       0xb8 ./Drivers/STM32F4xx_HAL_Driver/Src/stm32f4xx_hal_tim.o
                0x0000000008005c50                HAL_TIM_Base_Init
 .text.HAL_TIM_Base_Start_IT
                0x0000000008005d08       0xc4 ./Drivers/STM32F4xx_HAL_Driver/Src/stm32f4xx_hal_tim.o
                0x0000000008005d08                HAL_TIM_Base_Start_IT
 .text.HAL_TIM_OC_Init
                0x0000000008005dcc       0xb8 ./Drivers/STM32F4xx_HAL_Driver/Src/stm32f4xx_hal_tim.o
                0x0000000008005dcc                HAL_TIM_OC_Init
 .text.HAL_TIM_OC_MspInit
                0x0000000008005e84       0x14 ./Drivers/STM32F4xx_HAL_Driver/Src/stm32f4xx_hal_tim.o
                0x0000000008005e84                HAL_TIM_OC_MspInit
 .text.HAL_TIM_OnePulse_Init
                0x0000000008005e98       0xbc ./Drivers/STM32F4xx_HAL_Driver/Src/stm32f4xx_hal_tim.o
                0x0000000008005e98                HAL_TIM_OnePulse_Init
 .text.HAL_TIM_OnePulse_MspInit
                0x0000000008005f54       0x14 ./Drivers/STM32F4xx_HAL_Driver/Src/stm32f4xx_hal_tim.o
                0x0000000008005f54                HAL_TIM_OnePulse_MspInit
 .text.HAL_TIM_OnePulse_Start_IT
                0x0000000008005f68       0xcc ./Drivers/STM32F4xx_HAL_Driver/Src/stm32f4xx_hal_tim.o
                0x0000000008005f68                HAL_TIM_OnePulse_Start_IT
 .text.HAL_TIM_IRQHandler
                0x0000000008006034      0x250 ./Drivers/STM32F4xx_HAL_Driver/Src/stm32f4xx_hal_tim.o
                0x0000000008006034                HAL_TIM_IRQHandler
 .text.HAL_TIM_OC_ConfigChannel
                0x0000000008006284       0xb8 ./Drivers/STM32F4xx_HAL_Driver/Src/stm32f4xx_hal_tim.o
                0x0000000008006284                HAL_TIM_OC_ConfigChannel
 .text.HAL_TIM_PeriodElapsedCallback
                0x000000000800633c       0x14 ./Drivers/STM32F4xx_HAL_Driver/Src/stm32f4xx_hal_tim.o
                0x000000000800633c                HAL_TIM_PeriodElapsedCallback
 .text.HAL_TIM_PeriodElapsedHalfCpltCallback
                0x0000000008006350       0x14 ./Drivers/STM32F4xx_HAL_Driver/Src/stm32f4xx_hal_tim.o
                0x0000000008006350                HAL_TIM_PeriodElapsedHalfCpltCallback
 .text.HAL_TIM_OC_DelayElapsedCallback
                0x0000000008006364       0x14 ./Drivers/STM32F4xx_HAL_Driver/Src/stm32f4xx_hal_tim.o
                0x0000000008006364                HAL_TIM_OC_DelayElapsedCallback
 .text.HAL_TIM_IC_CaptureCallback
                0x0000000008006378       0x14 ./Drivers/STM32F4xx_HAL_Driver/Src/stm32f4xx_hal_tim.o
                0x0000000008006378                HAL_TIM_IC_CaptureCallback
 .text.HAL_TIM_IC_CaptureHalfCpltCallback
                0x000000000800638c       0x14 ./Drivers/STM32F4xx_HAL_Driver/Src/stm32f4xx_hal_tim.o
                0x000000000800638c                HAL_TIM_IC_CaptureHalfCpltCallback
 .text.HAL_TIM_PWM_PulseFinishedCallback
                0x00000000080063a0       0x14 ./Drivers/STM32F4xx_HAL_Driver/Src/stm32f4xx_hal_tim.o
                0x00000000080063a0                HAL_TIM_PWM_PulseFinishedCallback
 .text.HAL_TIM_PWM_PulseFinishedHalfCpltCallback
                0x00000000080063b4       0x14 ./Drivers/STM32F4xx_HAL_Driver/Src/stm32f4xx_hal_tim.o
                0x00000000080063b4                HAL_TIM_PWM_PulseFinishedHalfCpltCallback
 .text.HAL_TIM_TriggerCallback
                0x00000000080063c8       0x14 ./Drivers/STM32F4xx_HAL_Driver/Src/stm32f4xx_hal_tim.o
                0x00000000080063c8                HAL_TIM_TriggerCallback
 .text.HAL_TIM_TriggerHalfCpltCallback
                0x00000000080063dc       0x14 ./Drivers/STM32F4xx_HAL_Driver/Src/stm32f4xx_hal_tim.o
                0x00000000080063dc                HAL_TIM_TriggerHalfCpltCallback
 .text.HAL_TIM_ErrorCallback
                0x00000000080063f0       0x14 ./Drivers/STM32F4xx_HAL_Driver/Src/stm32f4xx_hal_tim.o
                0x00000000080063f0                HAL_TIM_ErrorCallback
 .text.HAL_TIM_RegisterCallback
                0x0000000008006404      0x294 ./Drivers/STM32F4xx_HAL_Driver/Src/stm32f4xx_hal_tim.o
                0x0000000008006404                HAL_TIM_RegisterCallback
 .text.TIM_Base_SetConfig
                0x0000000008006698      0x100 ./Drivers/STM32F4xx_HAL_Driver/Src/stm32f4xx_hal_tim.o
                0x0000000008006698                TIM_Base_SetConfig
 .text.TIM_OC1_SetConfig
                0x0000000008006798       0xcc ./Drivers/STM32F4xx_HAL_Driver/Src/stm32f4xx_hal_tim.o
 .text.TIM_OC2_SetConfig
                0x0000000008006864       0xd8 ./Drivers/STM32F4xx_HAL_Driver/Src/stm32f4xx_hal_tim.o
                0x0000000008006864                TIM_OC2_SetConfig
 .text.TIM_OC3_SetConfig
                0x000000000800693c       0xd4 ./Drivers/STM32F4xx_HAL_Driver/Src/stm32f4xx_hal_tim.o
 .text.TIM_OC4_SetConfig
                0x0000000008006a10       0xa0 ./Drivers/STM32F4xx_HAL_Driver/Src/stm32f4xx_hal_tim.o
 .text.TIM_CCxChannelCmd
                0x0000000008006ab0       0x4a ./Drivers/STM32F4xx_HAL_Driver/Src/stm32f4xx_hal_tim.o
                0x0000000008006ab0                TIM_CCxChannelCmd
 *fill*         0x0000000008006afa        0x2 
 .text.TIM_ResetCallback
                0x0000000008006afc       0xb0 ./Drivers/STM32F4xx_HAL_Driver/Src/stm32f4xx_hal_tim.o
                0x0000000008006afc                TIM_ResetCallback
 .text.HAL_TIMEx_CommutCallback
                0x0000000008006bac       0x14 ./Drivers/STM32F4xx_HAL_Driver/Src/stm32f4xx_hal_tim_ex.o
                0x0000000008006bac                HAL_TIMEx_CommutCallback
 .text.HAL_TIMEx_CommutHalfCpltCallback
                0x0000000008006bc0       0x14 ./Drivers/STM32F4xx_HAL_Driver/Src/stm32f4xx_hal_tim_ex.o
                0x0000000008006bc0                HAL_TIMEx_CommutHalfCpltCallback
 .text.HAL_TIMEx_BreakCallback
                0x0000000008006bd4       0x14 ./Drivers/STM32F4xx_HAL_Driver/Src/stm32f4xx_hal_tim_ex.o
                0x0000000008006bd4                HAL_TIMEx_BreakCallback
 .text.HAL_UART_Init
                0x0000000008006be8       0xb4 ./Drivers/STM32F4xx_HAL_Driver/Src/stm32f4xx_hal_uart.o
                0x0000000008006be8                HAL_UART_Init
 .text.HAL_UART_RegisterCallback
                0x0000000008006c9c      0x150 ./Drivers/STM32F4xx_HAL_Driver/Src/stm32f4xx_hal_uart.o
                0x0000000008006c9c                HAL_UART_RegisterCallback
 .text.HAL_UART_Receive_IT
                0x0000000008006dec       0x60 ./Drivers/STM32F4xx_HAL_Driver/Src/stm32f4xx_hal_uart.o
                0x0000000008006dec                HAL_UART_Receive_IT
 .text.HAL_UART_Transmit_DMA
                0x0000000008006e4c       0xfc ./Drivers/STM32F4xx_HAL_Driver/Src/stm32f4xx_hal_uart.o
                0x0000000008006e4c                HAL_UART_Transmit_DMA
 .text.HAL_UART_AbortReceive
                0x0000000008006f48      0x146 ./Drivers/STM32F4xx_HAL_Driver/Src/stm32f4xx_hal_uart.o
                0x0000000008006f48                HAL_UART_AbortReceive
 *fill*         0x000000000800708e        0x2 
 .text.HAL_UART_IRQHandler
                0x0000000008007090      0x524 ./Drivers/STM32F4xx_HAL_Driver/Src/stm32f4xx_hal_uart.o
                0x0000000008007090                HAL_UART_IRQHandler
 .text.HAL_UART_TxCpltCallback
                0x00000000080075b4       0x14 ./Drivers/STM32F4xx_HAL_Driver/Src/stm32f4xx_hal_uart.o
                0x00000000080075b4                HAL_UART_TxCpltCallback
 .text.HAL_UART_TxHalfCpltCallback
                0x00000000080075c8       0x14 ./Drivers/STM32F4xx_HAL_Driver/Src/stm32f4xx_hal_uart.o
                0x00000000080075c8                HAL_UART_TxHalfCpltCallback
 .text.HAL_UART_RxHalfCpltCallback
                0x00000000080075dc       0x14 ./Drivers/STM32F4xx_HAL_Driver/Src/stm32f4xx_hal_uart.o
                0x00000000080075dc                HAL_UART_RxHalfCpltCallback
 .text.HAL_UART_ErrorCallback
                0x00000000080075f0       0x14 ./Drivers/STM32F4xx_HAL_Driver/Src/stm32f4xx_hal_uart.o
                0x00000000080075f0                HAL_UART_ErrorCallback
 .text.HAL_UART_AbortCpltCallback
                0x0000000008007604       0x14 ./Drivers/STM32F4xx_HAL_Driver/Src/stm32f4xx_hal_uart.o
                0x0000000008007604                HAL_UART_AbortCpltCallback
 .text.HAL_UART_AbortTransmitCpltCallback
                0x0000000008007618       0x14 ./Drivers/STM32F4xx_HAL_Driver/Src/stm32f4xx_hal_uart.o
                0x0000000008007618                HAL_UART_AbortTransmitCpltCallback
 .text.HAL_UART_AbortReceiveCpltCallback
                0x000000000800762c       0x14 ./Drivers/STM32F4xx_HAL_Driver/Src/stm32f4xx_hal_uart.o
                0x000000000800762c                HAL_UART_AbortReceiveCpltCallback
 .text.HAL_UARTEx_RxEventCallback
                0x0000000008007640       0x18 ./Drivers/STM32F4xx_HAL_Driver/Src/stm32f4xx_hal_uart.o
                0x0000000008007640                HAL_UARTEx_RxEventCallback
 .text.UART_InitCallbacksToDefault
                0x0000000008007658       0x70 ./Drivers/STM32F4xx_HAL_Driver/Src/stm32f4xx_hal_uart.o
                0x0000000008007658                UART_InitCallbacksToDefault
 .text.UART_DMATransmitCplt
                0x00000000080076c8       0x9c ./Drivers/STM32F4xx_HAL_Driver/Src/stm32f4xx_hal_uart.o
 .text.UART_DMATxHalfCplt
                0x0000000008007764       0x1e ./Drivers/STM32F4xx_HAL_Driver/Src/stm32f4xx_hal_uart.o
 .text.UART_DMAError
                0x0000000008007782       0x96 ./Drivers/STM32F4xx_HAL_Driver/Src/stm32f4xx_hal_uart.o
 .text.UART_Start_Receive_IT
                0x0000000008007818       0x7c ./Drivers/STM32F4xx_HAL_Driver/Src/stm32f4xx_hal_uart.o
                0x0000000008007818                UART_Start_Receive_IT
 .text.UART_EndTxTransfer
                0x0000000008007894       0x50 ./Drivers/STM32F4xx_HAL_Driver/Src/stm32f4xx_hal_uart.o
 .text.UART_EndRxTransfer
                0x00000000080078e4       0xc6 ./Drivers/STM32F4xx_HAL_Driver/Src/stm32f4xx_hal_uart.o
 .text.UART_DMAAbortOnError
                0x00000000080079aa       0x2a ./Drivers/STM32F4xx_HAL_Driver/Src/stm32f4xx_hal_uart.o
 .text.UART_Transmit_IT
                0x00000000080079d4       0xa0 ./Drivers/STM32F4xx_HAL_Driver/Src/stm32f4xx_hal_uart.o
 .text.UART_EndTransmit_IT
                0x0000000008007a74       0x32 ./Drivers/STM32F4xx_HAL_Driver/Src/stm32f4xx_hal_uart.o
 .text.UART_Receive_IT
                0x0000000008007aa6      0x17a ./Drivers/STM32F4xx_HAL_Driver/Src/stm32f4xx_hal_uart.o
 .text.UART_SetConfig
                0x0000000008007c20      0x4e8 ./Drivers/STM32F4xx_HAL_Driver/Src/stm32f4xx_hal_uart.o
 .text.__libc_init_array
                0x0000000008008108       0x48 c:/st/stm32cubeide_1.11.0/stm32cubeide/plugins/com.st.stm32cube.ide.mcu.externaltools.gnu-tools-for-stm32.10.3-2021.10.win32_1.0.100.202210260954/tools/bin/../lib/gcc/arm-none-eabi/10.3.1/../../../../arm-none-eabi/lib/thumb/v7e-m+fp/hard\libc_nano.a(lib_a-init.o)
                0x0000000008008108                __libc_init_array
 .text.memcpy   0x0000000008008150       0x1c c:/st/stm32cubeide_1.11.0/stm32cubeide/plugins/com.st.stm32cube.ide.mcu.externaltools.gnu-tools-for-stm32.10.3-2021.10.win32_1.0.100.202210260954/tools/bin/../lib/gcc/arm-none-eabi/10.3.1/../../../../arm-none-eabi/lib/thumb/v7e-m+fp/hard\libc_nano.a(lib_a-memcpy-stub.o)
                0x0000000008008150                memcpy
 .text.memset   0x000000000800816c       0x10 c:/st/stm32cubeide_1.11.0/stm32cubeide/plugins/com.st.stm32cube.ide.mcu.externaltools.gnu-tools-for-stm32.10.3-2021.10.win32_1.0.100.202210260954/tools/bin/../lib/gcc/arm-none-eabi/10.3.1/../../../../arm-none-eabi/lib/thumb/v7e-m+fp/hard\libc_nano.a(lib_a-memset.o)
                0x000000000800816c                memset
 *(.glue_7)
 .glue_7        0x000000000800817c        0x0 linker stubs
 *(.glue_7t)
 .glue_7t       0x000000000800817c        0x0 linker stubs
 *(.eh_frame)
 .eh_frame      0x000000000800817c        0x0 c:/st/stm32cubeide_1.11.0/stm32cubeide/plugins/com.st.stm32cube.ide.mcu.externaltools.gnu-tools-for-stm32.10.3-2021.10.win32_1.0.100.202210260954/tools/bin/../lib/gcc/arm-none-eabi/10.3.1/thumb/v7e-m+fp/hard/crtbegin.o
 *(.init)
 .init          0x000000000800817c        0x4 c:/st/stm32cubeide_1.11.0/stm32cubeide/plugins/com.st.stm32cube.ide.mcu.externaltools.gnu-tools-for-stm32.10.3-2021.10.win32_1.0.100.202210260954/tools/bin/../lib/gcc/arm-none-eabi/10.3.1/thumb/v7e-m+fp/hard/crti.o
                0x000000000800817c                _init
 .init          0x0000000008008180        0x8 c:/st/stm32cubeide_1.11.0/stm32cubeide/plugins/com.st.stm32cube.ide.mcu.externaltools.gnu-tools-for-stm32.10.3-2021.10.win32_1.0.100.202210260954/tools/bin/../lib/gcc/arm-none-eabi/10.3.1/thumb/v7e-m+fp/hard/crtn.o
 *(.fini)
 .fini          0x0000000008008188        0x4 c:/st/stm32cubeide_1.11.0/stm32cubeide/plugins/com.st.stm32cube.ide.mcu.externaltools.gnu-tools-for-stm32.10.3-2021.10.win32_1.0.100.202210260954/tools/bin/../lib/gcc/arm-none-eabi/10.3.1/thumb/v7e-m+fp/hard/crti.o
                0x0000000008008188                _fini
 .fini          0x000000000800818c        0x8 c:/st/stm32cubeide_1.11.0/stm32cubeide/plugins/com.st.stm32cube.ide.mcu.externaltools.gnu-tools-for-stm32.10.3-2021.10.win32_1.0.100.202210260954/tools/bin/../lib/gcc/arm-none-eabi/10.3.1/thumb/v7e-m+fp/hard/crtn.o
                0x0000000008008194                . = ALIGN (0x4)
                0x0000000008008194                _etext = .

.vfp11_veneer   0x0000000008008194        0x0
 .vfp11_veneer  0x0000000008008194        0x0 linker stubs

.v4_bx          0x0000000008008194        0x0
 .v4_bx         0x0000000008008194        0x0 linker stubs

.iplt           0x0000000008008194        0x0
 .iplt          0x0000000008008194        0x0 c:/st/stm32cubeide_1.11.0/stm32cubeide/plugins/com.st.stm32cube.ide.mcu.externaltools.gnu-tools-for-stm32.10.3-2021.10.win32_1.0.100.202210260954/tools/bin/../lib/gcc/arm-none-eabi/10.3.1/thumb/v7e-m+fp/hard/crtbegin.o

.rodata         0x0000000008008194       0x20
                0x0000000008008194                . = ALIGN (0x4)
 *(.rodata)
 *(.rodata*)
 .rodata.AHBPrescTable
                0x0000000008008194       0x10 ./Core/Src/system_stm32f4xx.o
                0x0000000008008194                AHBPrescTable
 .rodata.APBPrescTable
                0x00000000080081a4        0x8 ./Core/Src/system_stm32f4xx.o
                0x00000000080081a4                APBPrescTable
 .rodata.flagBitshiftOffset.0
                0x00000000080081ac        0x8 ./Drivers/STM32F4xx_HAL_Driver/Src/stm32f4xx_hal_dma.o
                0x00000000080081b4                . = ALIGN (0x4)

.ARM.extab      0x00000000080081b4        0x0
                0x00000000080081b4                . = ALIGN (0x4)
 *(.ARM.extab* .gnu.linkonce.armextab.*)
                0x00000000080081b4                . = ALIGN (0x4)

.ARM            0x00000000080081b4        0x8
                0x00000000080081b4                . = ALIGN (0x4)
                0x00000000080081b4                __exidx_start = .
 *(.ARM.exidx*)
 .ARM.exidx     0x00000000080081b4        0x8 c:/st/stm32cubeide_1.11.0/stm32cubeide/plugins/com.st.stm32cube.ide.mcu.externaltools.gnu-tools-for-stm32.10.3-2021.10.win32_1.0.100.202210260954/tools/bin/../lib/gcc/arm-none-eabi/10.3.1/thumb/v7e-m+fp/hard\libgcc.a(_udivmoddi4.o)
                0x00000000080081bc                __exidx_end = .
                0x00000000080081bc                . = ALIGN (0x4)

.rel.dyn        0x00000000080081bc        0x0
 .rel.iplt      0x00000000080081bc        0x0 c:/st/stm32cubeide_1.11.0/stm32cubeide/plugins/com.st.stm32cube.ide.mcu.externaltools.gnu-tools-for-stm32.10.3-2021.10.win32_1.0.100.202210260954/tools/bin/../lib/gcc/arm-none-eabi/10.3.1/thumb/v7e-m+fp/hard/crtbegin.o

.preinit_array  0x00000000080081bc        0x0
                0x00000000080081bc                . = ALIGN (0x4)
                0x00000000080081bc                PROVIDE (__preinit_array_start = .)
 *(.preinit_array*)
                0x00000000080081bc                PROVIDE (__preinit_array_end = .)
                0x00000000080081bc                . = ALIGN (0x4)

.init_array     0x00000000080081bc        0x4
                0x00000000080081bc                . = ALIGN (0x4)
                0x00000000080081bc                PROVIDE (__init_array_start = .)
 *(SORT_BY_NAME(.init_array.*))
 *(.init_array*)
 .init_array    0x00000000080081bc        0x4 c:/st/stm32cubeide_1.11.0/stm32cubeide/plugins/com.st.stm32cube.ide.mcu.externaltools.gnu-tools-for-stm32.10.3-2021.10.win32_1.0.100.202210260954/tools/bin/../lib/gcc/arm-none-eabi/10.3.1/thumb/v7e-m+fp/hard/crtbegin.o
                0x00000000080081c0                PROVIDE (__init_array_end = .)
                0x00000000080081c0                . = ALIGN (0x4)

.fini_array     0x00000000080081c0        0x4
                0x00000000080081c0                . = ALIGN (0x4)
                [!provide]                        PROVIDE (__fini_array_start = .)
 *(SORT_BY_NAME(.fini_array.*))
 *(.fini_array*)
 .fini_array    0x00000000080081c0        0x4 c:/st/stm32cubeide_1.11.0/stm32cubeide/plugins/com.st.stm32cube.ide.mcu.externaltools.gnu-tools-for-stm32.10.3-2021.10.win32_1.0.100.202210260954/tools/bin/../lib/gcc/arm-none-eabi/10.3.1/thumb/v7e-m+fp/hard/crtbegin.o
                [!provide]                        PROVIDE (__fini_array_end = .)
                0x00000000080081c4                . = ALIGN (0x4)
                0x00000000080081c4                _sidata = LOADADDR (.data)

.data           0x0000000020000000      0x228 load address 0x00000000080081c4
                0x0000000020000000                . = ALIGN (0x4)
                0x0000000020000000                _sdata = .
 *(.data)
 *(.data*)
 .data.data.10  0x0000000020000000        0x4 ./Core/Src/I2C_EndEffector.o
 .data.data.7   0x0000000020000004        0x2 ./Core/Src/I2C_EndEffector.o
 *fill*         0x0000000020000006        0x2 
 .data.data.6   0x0000000020000008        0x2 ./Core/Src/I2C_EndEffector.o
 *fill*         0x000000002000000a        0x2 
 .data.data.5   0x000000002000000c        0x2 ./Core/Src/I2C_EndEffector.o
 *fill*         0x000000002000000e        0x2 
 .data.data.4   0x0000000020000010        0x2 ./Core/Src/I2C_EndEffector.o
 *fill*         0x0000000020000012        0x2 
 .data.data.3   0x0000000020000014        0x2 ./Core/Src/I2C_EndEffector.o
 *fill*         0x0000000020000016        0x2 
 .data.data.2   0x0000000020000018        0x2 ./Core/Src/I2C_EndEffector.o
 *fill*         0x000000002000001a        0x2 
 .data.auchCRCLo
                0x000000002000001c      0x100 ./Core/Src/ModBusRTU.o
 .data.auchCRCHi
                0x000000002000011c      0x100 ./Core/Src/ModBusRTU.o
 .data.SystemCoreClock
                0x000000002000021c        0x4 ./Core/Src/system_stm32f4xx.o
                0x000000002000021c                SystemCoreClock
 .data.uwTickPrio
                0x0000000020000220        0x4 ./Drivers/STM32F4xx_HAL_Driver/Src/stm32f4xx_hal.o
                0x0000000020000220                uwTickPrio
 .data.uwTickFreq
                0x0000000020000224        0x1 ./Drivers/STM32F4xx_HAL_Driver/Src/stm32f4xx_hal.o
                0x0000000020000224                uwTickFreq
 *(.RamFunc)
 *(.RamFunc*)
                0x0000000020000228                . = ALIGN (0x4)
 *fill*         0x0000000020000225        0x3 
                0x0000000020000228                _edata = .

.igot.plt       0x0000000020000228        0x0 load address 0x00000000080083ec
 .igot.plt      0x0000000020000228        0x0 c:/st/stm32cubeide_1.11.0/stm32cubeide/plugins/com.st.stm32cube.ide.mcu.externaltools.gnu-tools-for-stm32.10.3-2021.10.win32_1.0.100.202210260954/tools/bin/../lib/gcc/arm-none-eabi/10.3.1/thumb/v7e-m+fp/hard/crtbegin.o
                0x0000000020000228                . = ALIGN (0x4)

.bss            0x0000000020000228      0x990 load address 0x00000000080083ec
                0x0000000020000228                _sbss = .
                0x0000000020000228                __bss_start__ = _sbss
 *(.bss)
 .bss           0x0000000020000228       0x1c c:/st/stm32cubeide_1.11.0/stm32cubeide/plugins/com.st.stm32cube.ide.mcu.externaltools.gnu-tools-for-stm32.10.3-2021.10.win32_1.0.100.202210260954/tools/bin/../lib/gcc/arm-none-eabi/10.3.1/thumb/v7e-m+fp/hard/crtbegin.o
 *(.bss*)
 .bss.timestamp
                0x0000000020000244        0x4 ./Core/Src/I2C_EndEffector.o
                0x0000000020000244                timestamp
 .bss.complete  0x0000000020000248        0x4 ./Core/Src/I2C_EndEffector.o
                0x0000000020000248                complete
 .bss.END_EFFECTOR_STATE.1
                0x000000002000024c        0x1 ./Core/Src/I2C_EndEffector.o
 *fill*         0x000000002000024d        0x3 
 .bss.picked.0  0x0000000020000250        0x4 ./Core/Src/I2C_EndEffector.o
 .bss.RxBuffer  0x0000000020000254        0x1 ./Core/Src/Joystick.o
                0x0000000020000254                RxBuffer
 .bss.Joy_State.2
                0x0000000020000255        0x1 ./Core/Src/Joystick.o
 *fill*         0x0000000020000256        0x2 
 .bss.tempData.1
                0x0000000020000258        0x6 ./Core/Src/Joystick.o
 *fill*         0x000000002000025e        0x2 
 .bss.count.0   0x0000000020000260        0x4 ./Core/Src/Joystick.o
 .bss.hModbus   0x0000000020000264        0x4 ./Core/Src/ModBusRTU.o
                0x0000000020000264                hModbus
 .bss.hi2c1     0x0000000020000268       0x54 ./Core/Src/i2c.o
                0x0000000020000268                hi2c1
 .bss.hmodbus   0x00000000200002bc      0x4d8 ./Core/Src/main.o
                0x00000000200002bc                hmodbus
 .bss.registerFrame
                0x0000000020000794      0x190 ./Core/Src/main.o
                0x0000000020000794                registerFrame
 .bss.reset     0x0000000020000924        0x4 ./Core/Src/main.o
                0x0000000020000924                reset
 .bss.start     0x0000000020000928        0x4 ./Core/Src/main.o
                0x0000000020000928                start
 .bss.pick      0x000000002000092c        0x4 ./Core/Src/main.o
                0x000000002000092c                pick
 .bss.place     0x0000000020000930        0x4 ./Core/Src/main.o
                0x0000000020000930                place
 .bss.stop      0x0000000020000934        0x4 ./Core/Src/main.o
                0x0000000020000934                stop
 .bss.test      0x0000000020000938        0x4 ./Core/Src/main.o
                0x0000000020000938                test
 .bss.stoptest  0x000000002000093c        0x4 ./Core/Src/main.o
                0x000000002000093c                stoptest
 .bss.RecieveData
                0x0000000020000940        0x1 ./Core/Src/main.o
                0x0000000020000940                RecieveData
 *fill*         0x0000000020000941        0x3 
 .bss.receivedByte
                0x0000000020000944       0x10 ./Core/Src/main.o
                0x0000000020000944                receivedByte
 .bss.timestamp.0
                0x0000000020000954        0x4 ./Core/Src/main.o
 .bss.htim11    0x0000000020000958       0xb4 ./Core/Src/tim.o
                0x0000000020000958                htim11
 .bss.huart1    0x0000000020000a0c       0x74 ./Core/Src/usart.o
                0x0000000020000a0c                huart1
 .bss.huart2    0x0000000020000a80       0x74 ./Core/Src/usart.o
                0x0000000020000a80                huart2
 .bss.hdma_usart1_tx
                0x0000000020000af4       0x60 ./Core/Src/usart.o
                0x0000000020000af4                hdma_usart1_tx
 .bss.hdma_usart2_tx
                0x0000000020000b54       0x60 ./Core/Src/usart.o
                0x0000000020000b54                hdma_usart2_tx
 .bss.uwTick    0x0000000020000bb4        0x4 ./Drivers/STM32F4xx_HAL_Driver/Src/stm32f4xx_hal.o
                0x0000000020000bb4                uwTick
 *(COMMON)
                0x0000000020000bb8                . = ALIGN (0x4)
                0x0000000020000bb8                _ebss = .
                0x0000000020000bb8                __bss_end__ = _ebss

._user_heap_stack
                0x0000000020000bb8      0x600 load address 0x00000000080083ec
                0x0000000020000bb8                . = ALIGN (0x8)
                [!provide]                        PROVIDE (end = .)
                0x0000000020000bb8                PROVIDE (_end = .)
                0x0000000020000db8                . = (. + _Min_Heap_Size)
 *fill*         0x0000000020000bb8      0x200 
                0x00000000200011b8                . = (. + _Min_Stack_Size)
 *fill*         0x0000000020000db8      0x400 
                0x00000000200011b8                . = ALIGN (0x8)

/DISCARD/
 libc.a(*)
 libm.a(*)
 libgcc.a(*)

.ARM.attributes
                0x0000000000000000       0x30
 *(.ARM.attributes)
 .ARM.attributes
                0x0000000000000000       0x1e c:/st/stm32cubeide_1.11.0/stm32cubeide/plugins/com.st.stm32cube.ide.mcu.externaltools.gnu-tools-for-stm32.10.3-2021.10.win32_1.0.100.202210260954/tools/bin/../lib/gcc/arm-none-eabi/10.3.1/thumb/v7e-m+fp/hard/crti.o
 .ARM.attributes
                0x000000000000001e       0x34 c:/st/stm32cubeide_1.11.0/stm32cubeide/plugins/com.st.stm32cube.ide.mcu.externaltools.gnu-tools-for-stm32.10.3-2021.10.win32_1.0.100.202210260954/tools/bin/../lib/gcc/arm-none-eabi/10.3.1/thumb/v7e-m+fp/hard/crtbegin.o
 .ARM.attributes
                0x0000000000000052       0x34 ./Core/Src/I2C_EndEffector.o
 .ARM.attributes
                0x0000000000000086       0x34 ./Core/Src/Joystick.o
 .ARM.attributes
                0x00000000000000ba       0x34 ./Core/Src/ModBusRTU.o
 .ARM.attributes
                0x00000000000000ee       0x34 ./Core/Src/dma.o
 .ARM.attributes
                0x0000000000000122       0x34 ./Core/Src/gpio.o
 .ARM.attributes
                0x0000000000000156       0x34 ./Core/Src/i2c.o
 .ARM.attributes
                0x000000000000018a       0x34 ./Core/Src/main.o
 .ARM.attributes
                0x00000000000001be       0x34 ./Core/Src/stm32f4xx_hal_msp.o
 .ARM.attributes
                0x00000000000001f2       0x34 ./Core/Src/stm32f4xx_it.o
 .ARM.attributes
                0x0000000000000226       0x34 ./Core/Src/system_stm32f4xx.o
 .ARM.attributes
                0x000000000000025a       0x34 ./Core/Src/tim.o
 .ARM.attributes
                0x000000000000028e       0x34 ./Core/Src/usart.o
 .ARM.attributes
                0x00000000000002c2       0x21 ./Core/Startup/startup_stm32f411retx.o
 .ARM.attributes
                0x00000000000002e3       0x34 ./Drivers/STM32F4xx_HAL_Driver/Src/stm32f4xx_hal.o
 .ARM.attributes
                0x0000000000000317       0x34 ./Drivers/STM32F4xx_HAL_Driver/Src/stm32f4xx_hal_cortex.o
 .ARM.attributes
                0x000000000000034b       0x34 ./Drivers/STM32F4xx_HAL_Driver/Src/stm32f4xx_hal_dma.o
 .ARM.attributes
                0x000000000000037f       0x34 ./Drivers/STM32F4xx_HAL_Driver/Src/stm32f4xx_hal_gpio.o
 .ARM.attributes
                0x00000000000003b3       0x34 ./Drivers/STM32F4xx_HAL_Driver/Src/stm32f4xx_hal_i2c.o
 .ARM.attributes
                0x00000000000003e7       0x34 ./Drivers/STM32F4xx_HAL_Driver/Src/stm32f4xx_hal_rcc.o
 .ARM.attributes
                0x000000000000041b       0x34 ./Drivers/STM32F4xx_HAL_Driver/Src/stm32f4xx_hal_tim.o
 .ARM.attributes
                0x000000000000044f       0x34 ./Drivers/STM32F4xx_HAL_Driver/Src/stm32f4xx_hal_tim_ex.o
 .ARM.attributes
                0x0000000000000483       0x34 ./Drivers/STM32F4xx_HAL_Driver/Src/stm32f4xx_hal_uart.o
 .ARM.attributes
                0x00000000000004b7       0x34 c:/st/stm32cubeide_1.11.0/stm32cubeide/plugins/com.st.stm32cube.ide.mcu.externaltools.gnu-tools-for-stm32.10.3-2021.10.win32_1.0.100.202210260954/tools/bin/../lib/gcc/arm-none-eabi/10.3.1/../../../../arm-none-eabi/lib/thumb/v7e-m+fp/hard\libc_nano.a(lib_a-init.o)
 .ARM.attributes
                0x00000000000004eb       0x34 c:/st/stm32cubeide_1.11.0/stm32cubeide/plugins/com.st.stm32cube.ide.mcu.externaltools.gnu-tools-for-stm32.10.3-2021.10.win32_1.0.100.202210260954/tools/bin/../lib/gcc/arm-none-eabi/10.3.1/../../../../arm-none-eabi/lib/thumb/v7e-m+fp/hard\libc_nano.a(lib_a-memcpy-stub.o)
 .ARM.attributes
                0x000000000000051f       0x34 c:/st/stm32cubeide_1.11.0/stm32cubeide/plugins/com.st.stm32cube.ide.mcu.externaltools.gnu-tools-for-stm32.10.3-2021.10.win32_1.0.100.202210260954/tools/bin/../lib/gcc/arm-none-eabi/10.3.1/../../../../arm-none-eabi/lib/thumb/v7e-m+fp/hard\libc_nano.a(lib_a-memset.o)
 .ARM.attributes
                0x0000000000000553       0x1e c:/st/stm32cubeide_1.11.0/stm32cubeide/plugins/com.st.stm32cube.ide.mcu.externaltools.gnu-tools-for-stm32.10.3-2021.10.win32_1.0.100.202210260954/tools/bin/../lib/gcc/arm-none-eabi/10.3.1/thumb/v7e-m+fp/hard\libgcc.a(_aeabi_uldivmod.o)
 .ARM.attributes
                0x0000000000000571       0x34 c:/st/stm32cubeide_1.11.0/stm32cubeide/plugins/com.st.stm32cube.ide.mcu.externaltools.gnu-tools-for-stm32.10.3-2021.10.win32_1.0.100.202210260954/tools/bin/../lib/gcc/arm-none-eabi/10.3.1/thumb/v7e-m+fp/hard\libgcc.a(_udivmoddi4.o)
 .ARM.attributes
                0x00000000000005a5       0x1e c:/st/stm32cubeide_1.11.0/stm32cubeide/plugins/com.st.stm32cube.ide.mcu.externaltools.gnu-tools-for-stm32.10.3-2021.10.win32_1.0.100.202210260954/tools/bin/../lib/gcc/arm-none-eabi/10.3.1/thumb/v7e-m+fp/hard\libgcc.a(_dvmd_tls.o)
 .ARM.attributes
                0x00000000000005c3       0x1e c:/st/stm32cubeide_1.11.0/stm32cubeide/plugins/com.st.stm32cube.ide.mcu.externaltools.gnu-tools-for-stm32.10.3-2021.10.win32_1.0.100.202210260954/tools/bin/../lib/gcc/arm-none-eabi/10.3.1/thumb/v7e-m+fp/hard/crtn.o
OUTPUT(BASE_SYSTEM.elf elf32-littlearm)
LOAD linker stubs
LOAD c:/st/stm32cubeide_1.11.0/stm32cubeide/plugins/com.st.stm32cube.ide.mcu.externaltools.gnu-tools-for-stm32.10.3-2021.10.win32_1.0.100.202210260954/tools/bin/../lib/gcc/arm-none-eabi/10.3.1/../../../../arm-none-eabi/lib/thumb/v7e-m+fp/hard\libc.a
LOAD c:/st/stm32cubeide_1.11.0/stm32cubeide/plugins/com.st.stm32cube.ide.mcu.externaltools.gnu-tools-for-stm32.10.3-2021.10.win32_1.0.100.202210260954/tools/bin/../lib/gcc/arm-none-eabi/10.3.1/../../../../arm-none-eabi/lib/thumb/v7e-m+fp/hard\libm.a
LOAD c:/st/stm32cubeide_1.11.0/stm32cubeide/plugins/com.st.stm32cube.ide.mcu.externaltools.gnu-tools-for-stm32.10.3-2021.10.win32_1.0.100.202210260954/tools/bin/../lib/gcc/arm-none-eabi/10.3.1/thumb/v7e-m+fp/hard\libgcc.a

.debug_info     0x0000000000000000    0x156aa
 .debug_info    0x0000000000000000      0x94b ./Core/Src/I2C_EndEffector.o
 .debug_info    0x000000000000094b      0x85b ./Core/Src/Joystick.o
 .debug_info    0x00000000000011a6     0x12b0 ./Core/Src/ModBusRTU.o
 .debug_info    0x0000000000002456      0x4a5 ./Core/Src/dma.o
 .debug_info    0x00000000000028fb      0x49d ./Core/Src/gpio.o
 .debug_info    0x0000000000002d98      0xc24 ./Core/Src/i2c.o
 .debug_info    0x00000000000039bc     0x1849 ./Core/Src/main.o
 .debug_info    0x0000000000005205      0x2e7 ./Core/Src/stm32f4xx_hal_msp.o
 .debug_info    0x00000000000054ec      0xfb6 ./Core/Src/stm32f4xx_it.o
 .debug_info    0x00000000000064a2      0x54f ./Core/Src/system_stm32f4xx.o
 .debug_info    0x00000000000069f1      0xd81 ./Core/Src/tim.o
 .debug_info    0x0000000000007772      0xd29 ./Core/Src/usart.o
 .debug_info    0x000000000000849b       0x22 ./Core/Startup/startup_stm32f411retx.o
 .debug_info    0x00000000000084bd      0x90d ./Drivers/STM32F4xx_HAL_Driver/Src/stm32f4xx_hal.o
 .debug_info    0x0000000000008dca      0xd8b ./Drivers/STM32F4xx_HAL_Driver/Src/stm32f4xx_hal_cortex.o
 .debug_info    0x0000000000009b55      0x947 ./Drivers/STM32F4xx_HAL_Driver/Src/stm32f4xx_hal_dma.o
 .debug_info    0x000000000000a49c      0x78e ./Drivers/STM32F4xx_HAL_Driver/Src/stm32f4xx_hal_gpio.o
 .debug_info    0x000000000000ac2a     0x260f ./Drivers/STM32F4xx_HAL_Driver/Src/stm32f4xx_hal_i2c.o
 .debug_info    0x000000000000d239      0x98d ./Drivers/STM32F4xx_HAL_Driver/Src/stm32f4xx_hal_rcc.o
 .debug_info    0x000000000000dbc6     0x2f2f ./Drivers/STM32F4xx_HAL_Driver/Src/stm32f4xx_hal_tim.o
 .debug_info    0x0000000000010af5     0x175a ./Drivers/STM32F4xx_HAL_Driver/Src/stm32f4xx_hal_tim_ex.o
 .debug_info    0x000000000001224f     0x345b ./Drivers/STM32F4xx_HAL_Driver/Src/stm32f4xx_hal_uart.o

.debug_abbrev   0x0000000000000000     0x2c99
 .debug_abbrev  0x0000000000000000      0x1aa ./Core/Src/I2C_EndEffector.o
 .debug_abbrev  0x00000000000001aa      0x1d2 ./Core/Src/Joystick.o
 .debug_abbrev  0x000000000000037c      0x330 ./Core/Src/ModBusRTU.o
 .debug_abbrev  0x00000000000006ac      0x115 ./Core/Src/dma.o
 .debug_abbrev  0x00000000000007c1      0x146 ./Core/Src/gpio.o
 .debug_abbrev  0x0000000000000907      0x1fe ./Core/Src/i2c.o
 .debug_abbrev  0x0000000000000b05      0x2f6 ./Core/Src/main.o
 .debug_abbrev  0x0000000000000dfb       0xf0 ./Core/Src/stm32f4xx_hal_msp.o
 .debug_abbrev  0x0000000000000eeb      0x1c7 ./Core/Src/stm32f4xx_it.o
 .debug_abbrev  0x00000000000010b2      0x116 ./Core/Src/system_stm32f4xx.o
 .debug_abbrev  0x00000000000011c8      0x202 ./Core/Src/tim.o
 .debug_abbrev  0x00000000000013ca      0x218 ./Core/Src/usart.o
 .debug_abbrev  0x00000000000015e2       0x12 ./Core/Startup/startup_stm32f411retx.o
 .debug_abbrev  0x00000000000015f4      0x23e ./Drivers/STM32F4xx_HAL_Driver/Src/stm32f4xx_hal.o
 .debug_abbrev  0x0000000000001832      0x316 ./Drivers/STM32F4xx_HAL_Driver/Src/stm32f4xx_hal_cortex.o
 .debug_abbrev  0x0000000000001b48      0x21b ./Drivers/STM32F4xx_HAL_Driver/Src/stm32f4xx_hal_dma.o
 .debug_abbrev  0x0000000000001d63      0x1c4 ./Drivers/STM32F4xx_HAL_Driver/Src/stm32f4xx_hal_gpio.o
 .debug_abbrev  0x0000000000001f27      0x2a8 ./Drivers/STM32F4xx_HAL_Driver/Src/stm32f4xx_hal_i2c.o
 .debug_abbrev  0x00000000000021cf      0x2aa ./Drivers/STM32F4xx_HAL_Driver/Src/stm32f4xx_hal_rcc.o
 .debug_abbrev  0x0000000000002479      0x294 ./Drivers/STM32F4xx_HAL_Driver/Src/stm32f4xx_hal_tim.o
 .debug_abbrev  0x000000000000270d      0x287 ./Drivers/STM32F4xx_HAL_Driver/Src/stm32f4xx_hal_tim_ex.o
 .debug_abbrev  0x0000000000002994      0x305 ./Drivers/STM32F4xx_HAL_Driver/Src/stm32f4xx_hal_uart.o

.debug_aranges  0x0000000000000000     0x10b0
 .debug_aranges
                0x0000000000000000       0x68 ./Core/Src/I2C_EndEffector.o
 .debug_aranges
                0x0000000000000068       0x30 ./Core/Src/Joystick.o
 .debug_aranges
                0x0000000000000098       0x70 ./Core/Src/ModBusRTU.o
 .debug_aranges
                0x0000000000000108       0x20 ./Core/Src/dma.o
 .debug_aranges
                0x0000000000000128       0x20 ./Core/Src/gpio.o
 .debug_aranges
                0x0000000000000148       0x30 ./Core/Src/i2c.o
 .debug_aranges
                0x0000000000000178       0x38 ./Core/Src/main.o
 .debug_aranges
                0x00000000000001b0       0x20 ./Core/Src/stm32f4xx_hal_msp.o
 .debug_aranges
                0x00000000000001d0       0x98 ./Core/Src/stm32f4xx_it.o
 .debug_aranges
                0x0000000000000268       0x28 ./Core/Src/system_stm32f4xx.o
 .debug_aranges
                0x0000000000000290       0x30 ./Core/Src/tim.o
 .debug_aranges
                0x00000000000002c0       0x38 ./Core/Src/usart.o
 .debug_aranges
                0x00000000000002f8       0x28 ./Core/Startup/startup_stm32f411retx.o
 .debug_aranges
                0x0000000000000320       0xf0 ./Drivers/STM32F4xx_HAL_Driver/Src/stm32f4xx_hal.o
 .debug_aranges
                0x0000000000000410      0x118 ./Drivers/STM32F4xx_HAL_Driver/Src/stm32f4xx_hal_cortex.o
 .debug_aranges
                0x0000000000000528       0x90 ./Drivers/STM32F4xx_HAL_Driver/Src/stm32f4xx_hal_dma.o
 .debug_aranges
                0x00000000000005b8       0x58 ./Drivers/STM32F4xx_HAL_Driver/Src/stm32f4xx_hal_gpio.o
 .debug_aranges
                0x0000000000000610      0x2a0 ./Drivers/STM32F4xx_HAL_Driver/Src/stm32f4xx_hal_i2c.o
 .debug_aranges
                0x00000000000008b0       0x88 ./Drivers/STM32F4xx_HAL_Driver/Src/stm32f4xx_hal_rcc.o
 .debug_aranges
                0x0000000000000938      0x3e8 ./Drivers/STM32F4xx_HAL_Driver/Src/stm32f4xx_hal_tim.o
 .debug_aranges
                0x0000000000000d20      0x168 ./Drivers/STM32F4xx_HAL_Driver/Src/stm32f4xx_hal_tim_ex.o
 .debug_aranges
                0x0000000000000e88      0x228 ./Drivers/STM32F4xx_HAL_Driver/Src/stm32f4xx_hal_uart.o

.debug_ranges   0x0000000000000000      0xfa0
 .debug_ranges  0x0000000000000000       0x58 ./Core/Src/I2C_EndEffector.o
 .debug_ranges  0x0000000000000058       0x20 ./Core/Src/Joystick.o
 .debug_ranges  0x0000000000000078       0x60 ./Core/Src/ModBusRTU.o
 .debug_ranges  0x00000000000000d8       0x10 ./Core/Src/dma.o
 .debug_ranges  0x00000000000000e8       0x10 ./Core/Src/gpio.o
 .debug_ranges  0x00000000000000f8       0x20 ./Core/Src/i2c.o
 .debug_ranges  0x0000000000000118       0x28 ./Core/Src/main.o
 .debug_ranges  0x0000000000000140       0x10 ./Core/Src/stm32f4xx_hal_msp.o
 .debug_ranges  0x0000000000000150       0x88 ./Core/Src/stm32f4xx_it.o
 .debug_ranges  0x00000000000001d8       0x18 ./Core/Src/system_stm32f4xx.o
 .debug_ranges  0x00000000000001f0       0x20 ./Core/Src/tim.o
 .debug_ranges  0x0000000000000210       0x28 ./Core/Src/usart.o
 .debug_ranges  0x0000000000000238       0x20 ./Core/Startup/startup_stm32f411retx.o
 .debug_ranges  0x0000000000000258       0xe0 ./Drivers/STM32F4xx_HAL_Driver/Src/stm32f4xx_hal.o
 .debug_ranges  0x0000000000000338      0x108 ./Drivers/STM32F4xx_HAL_Driver/Src/stm32f4xx_hal_cortex.o
 .debug_ranges  0x0000000000000440       0x80 ./Drivers/STM32F4xx_HAL_Driver/Src/stm32f4xx_hal_dma.o
 .debug_ranges  0x00000000000004c0       0x48 ./Drivers/STM32F4xx_HAL_Driver/Src/stm32f4xx_hal_gpio.o
 .debug_ranges  0x0000000000000508      0x2a8 ./Drivers/STM32F4xx_HAL_Driver/Src/stm32f4xx_hal_i2c.o
 .debug_ranges  0x00000000000007b0       0x78 ./Drivers/STM32F4xx_HAL_Driver/Src/stm32f4xx_hal_rcc.o
 .debug_ranges  0x0000000000000828      0x3d8 ./Drivers/STM32F4xx_HAL_Driver/Src/stm32f4xx_hal_tim.o
 .debug_ranges  0x0000000000000c00      0x158 ./Drivers/STM32F4xx_HAL_Driver/Src/stm32f4xx_hal_tim_ex.o
 .debug_ranges  0x0000000000000d58      0x248 ./Drivers/STM32F4xx_HAL_Driver/Src/stm32f4xx_hal_uart.o

.debug_macro    0x0000000000000000    0x179a9
 .debug_macro   0x0000000000000000      0x2db ./Core/Src/I2C_EndEffector.o
 .debug_macro   0x00000000000002db      0xa78 ./Core/Src/I2C_EndEffector.o
 .debug_macro   0x0000000000000d53      0x2a1 ./Core/Src/I2C_EndEffector.o
 .debug_macro   0x0000000000000ff4       0x2e ./Core/Src/I2C_EndEffector.o
 .debug_macro   0x0000000000001022       0x28 ./Core/Src/I2C_EndEffector.o
 .debug_macro   0x000000000000104a       0x22 ./Core/Src/I2C_EndEffector.o
 .debug_macro   0x000000000000106c       0x8e ./Core/Src/I2C_EndEffector.o
 .debug_macro   0x00000000000010fa       0x51 ./Core/Src/I2C_EndEffector.o
 .debug_macro   0x000000000000114b      0x103 ./Core/Src/I2C_EndEffector.o
 .debug_macro   0x000000000000124e       0x6a ./Core/Src/I2C_EndEffector.o
 .debug_macro   0x00000000000012b8      0x1df ./Core/Src/I2C_EndEffector.o
 .debug_macro   0x0000000000001497       0x1c ./Core/Src/I2C_EndEffector.o
 .debug_macro   0x00000000000014b3       0x22 ./Core/Src/I2C_EndEffector.o
 .debug_macro   0x00000000000014d5       0xd9 ./Core/Src/I2C_EndEffector.o
 .debug_macro   0x00000000000015ae     0x102d ./Core/Src/I2C_EndEffector.o
 .debug_macro   0x00000000000025db      0x11f ./Core/Src/I2C_EndEffector.o
 .debug_macro   0x00000000000026fa     0xb953 ./Core/Src/I2C_EndEffector.o
 .debug_macro   0x000000000000e04d       0x6d ./Core/Src/I2C_EndEffector.o
 .debug_macro   0x000000000000e0ba     0x367e ./Core/Src/I2C_EndEffector.o
 .debug_macro   0x0000000000011738      0x174 ./Core/Src/I2C_EndEffector.o
 .debug_macro   0x00000000000118ac       0x5c ./Core/Src/I2C_EndEffector.o
 .debug_macro   0x0000000000011908      0x447 ./Core/Src/I2C_EndEffector.o
 .debug_macro   0x0000000000011d4f      0x9fe ./Core/Src/I2C_EndEffector.o
 .debug_macro   0x000000000001274d      0x115 ./Core/Src/I2C_EndEffector.o
 .debug_macro   0x0000000000012862      0x11b ./Core/Src/I2C_EndEffector.o
 .debug_macro   0x000000000001297d       0xa5 ./Core/Src/I2C_EndEffector.o
 .debug_macro   0x0000000000012a22      0x15f ./Core/Src/I2C_EndEffector.o
 .debug_macro   0x0000000000012b81      0x287 ./Core/Src/I2C_EndEffector.o
 .debug_macro   0x0000000000012e08       0x5f ./Core/Src/I2C_EndEffector.o
 .debug_macro   0x0000000000012e67      0x236 ./Core/Src/I2C_EndEffector.o
 .debug_macro   0x000000000001309d      0x132 ./Core/Src/I2C_EndEffector.o
 .debug_macro   0x00000000000131cf      0x264 ./Core/Src/I2C_EndEffector.o
 .debug_macro   0x0000000000013433       0x2e ./Core/Src/I2C_EndEffector.o
 .debug_macro   0x0000000000013461      0x1b5 ./Core/Src/I2C_EndEffector.o
 .debug_macro   0x0000000000013616       0x22 ./Core/Src/I2C_EndEffector.o
 .debug_macro   0x0000000000013638       0xd6 ./Core/Src/I2C_EndEffector.o
 .debug_macro   0x000000000001370e      0x11a ./Core/Src/I2C_EndEffector.o
 .debug_macro   0x0000000000013828       0x85 ./Core/Src/I2C_EndEffector.o
 .debug_macro   0x00000000000138ad       0x89 ./Core/Src/I2C_EndEffector.o
 .debug_macro   0x0000000000013936      0x8e6 ./Core/Src/I2C_EndEffector.o
 .debug_macro   0x000000000001421c       0x47 ./Core/Src/I2C_EndEffector.o
 .debug_macro   0x0000000000014263      0x29c ./Core/Src/I2C_EndEffector.o
 .debug_macro   0x00000000000144ff      0x126 ./Core/Src/I2C_EndEffector.o
 .debug_macro   0x0000000000014625       0x52 ./Core/Src/I2C_EndEffector.o
 .debug_macro   0x0000000000014677       0x1e ./Core/Src/I2C_EndEffector.o
 .debug_macro   0x0000000000014695       0x3c ./Core/Src/I2C_EndEffector.o
 .debug_macro   0x00000000000146d1       0x34 ./Core/Src/I2C_EndEffector.o
 .debug_macro   0x0000000000014705       0x16 ./Core/Src/I2C_EndEffector.o
 .debug_macro   0x000000000001471b       0x43 ./Core/Src/I2C_EndEffector.o
 .debug_macro   0x000000000001475e       0x34 ./Core/Src/I2C_EndEffector.o
 .debug_macro   0x0000000000014792       0x10 ./Core/Src/I2C_EndEffector.o
 .debug_macro   0x00000000000147a2       0x58 ./Core/Src/I2C_EndEffector.o
 .debug_macro   0x00000000000147fa       0x71 ./Core/Src/I2C_EndEffector.o
 .debug_macro   0x000000000001486b       0x1c ./Core/Src/I2C_EndEffector.o
 .debug_macro   0x0000000000014887      0x12a ./Core/Src/I2C_EndEffector.o
 .debug_macro   0x00000000000149b1      0x341 ./Core/Src/I2C_EndEffector.o
 .debug_macro   0x0000000000014cf2      0x19b ./Core/Src/I2C_EndEffector.o
 .debug_macro   0x0000000000014e8d       0x16 ./Core/Src/I2C_EndEffector.o
 .debug_macro   0x0000000000014ea3       0x35 ./Core/Src/I2C_EndEffector.o
 .debug_macro   0x0000000000014ed8       0x20 ./Core/Src/I2C_EndEffector.o
 .debug_macro   0x0000000000014ef8       0x10 ./Core/Src/I2C_EndEffector.o
 .debug_macro   0x0000000000014f08      0x204 ./Core/Src/Joystick.o
 .debug_macro   0x000000000001510c       0x5e ./Core/Src/Joystick.o
 .debug_macro   0x000000000001516a      0x2cb ./Core/Src/ModBusRTU.o
 .debug_macro   0x0000000000015435       0x10 ./Core/Src/ModBusRTU.o
 .debug_macro   0x0000000000015445      0x200 ./Core/Src/dma.o
 .debug_macro   0x0000000000015645       0x58 ./Core/Src/dma.o
 .debug_macro   0x000000000001569d      0x200 ./Core/Src/gpio.o
 .debug_macro   0x000000000001589d      0x200 ./Core/Src/i2c.o
 .debug_macro   0x0000000000015a9d      0x337 ./Core/Src/main.o
 .debug_macro   0x0000000000015dd4      0x1f6 ./Core/Src/stm32f4xx_hal_msp.o
 .debug_macro   0x0000000000015fca      0x200 ./Core/Src/stm32f4xx_it.o
 .debug_macro   0x00000000000161ca      0x1e7 ./Core/Src/system_stm32f4xx.o
 .debug_macro   0x00000000000163b1      0x200 ./Core/Src/tim.o
 .debug_macro   0x00000000000165b1      0x200 ./Core/Src/usart.o
 .debug_macro   0x00000000000167b1      0x247 ./Drivers/STM32F4xx_HAL_Driver/Src/stm32f4xx_hal.o
 .debug_macro   0x00000000000169f8      0x1e7 ./Drivers/STM32F4xx_HAL_Driver/Src/stm32f4xx_hal_cortex.o
 .debug_macro   0x0000000000016bdf      0x1ed ./Drivers/STM32F4xx_HAL_Driver/Src/stm32f4xx_hal_dma.o
 .debug_macro   0x0000000000016dcc      0x1ed ./Drivers/STM32F4xx_HAL_Driver/Src/stm32f4xx_hal_gpio.o
 .debug_macro   0x0000000000016fb9      0x22e ./Drivers/STM32F4xx_HAL_Driver/Src/stm32f4xx_hal_i2c.o
 .debug_macro   0x00000000000171e7      0x20b ./Drivers/STM32F4xx_HAL_Driver/Src/stm32f4xx_hal_rcc.o
 .debug_macro   0x00000000000173f2      0x1e8 ./Drivers/STM32F4xx_HAL_Driver/Src/stm32f4xx_hal_tim.o
 .debug_macro   0x00000000000175da      0x1e7 ./Drivers/STM32F4xx_HAL_Driver/Src/stm32f4xx_hal_tim_ex.o
 .debug_macro   0x00000000000177c1      0x1e8 ./Drivers/STM32F4xx_HAL_Driver/Src/stm32f4xx_hal_uart.o

.debug_line     0x0000000000000000    0x15dba
 .debug_line    0x0000000000000000      0xb6d ./Core/Src/I2C_EndEffector.o
 .debug_line    0x0000000000000b6d      0x85c ./Core/Src/Joystick.o
 .debug_line    0x00000000000013c9      0xd16 ./Core/Src/ModBusRTU.o
 .debug_line    0x00000000000020df      0x6f3 ./Core/Src/dma.o
 .debug_line    0x00000000000027d2      0x70e ./Core/Src/gpio.o
 .debug_line    0x0000000000002ee0      0x764 ./Core/Src/i2c.o
 .debug_line    0x0000000000003644      0x9dd ./Core/Src/main.o
 .debug_line    0x0000000000004021      0x6f5 ./Core/Src/stm32f4xx_hal_msp.o
 .debug_line    0x0000000000004716      0x85f ./Core/Src/stm32f4xx_it.o
 .debug_line    0x0000000000004f75      0x776 ./Core/Src/system_stm32f4xx.o
 .debug_line    0x00000000000056eb      0x769 ./Core/Src/tim.o
 .debug_line    0x0000000000005e54      0x81c ./Core/Src/usart.o
 .debug_line    0x0000000000006670       0x88 ./Core/Startup/startup_stm32f411retx.o
 .debug_line    0x00000000000066f8      0x9dc ./Drivers/STM32F4xx_HAL_Driver/Src/stm32f4xx_hal.o
 .debug_line    0x00000000000070d4      0xc8b ./Drivers/STM32F4xx_HAL_Driver/Src/stm32f4xx_hal_cortex.o
 .debug_line    0x0000000000007d5f      0xf40 ./Drivers/STM32F4xx_HAL_Driver/Src/stm32f4xx_hal_dma.o
 .debug_line    0x0000000000008c9f      0xb14 ./Drivers/STM32F4xx_HAL_Driver/Src/stm32f4xx_hal_gpio.o
 .debug_line    0x00000000000097b3     0x3991 ./Drivers/STM32F4xx_HAL_Driver/Src/stm32f4xx_hal_i2c.o
 .debug_line    0x000000000000d144      0xd58 ./Drivers/STM32F4xx_HAL_Driver/Src/stm32f4xx_hal_rcc.o
 .debug_line    0x000000000000de9c     0x3865 ./Drivers/STM32F4xx_HAL_Driver/Src/stm32f4xx_hal_tim.o
 .debug_line    0x0000000000011701     0x1995 ./Drivers/STM32F4xx_HAL_Driver/Src/stm32f4xx_hal_tim_ex.o
 .debug_line    0x0000000000013096     0x2d24 ./Drivers/STM32F4xx_HAL_Driver/Src/stm32f4xx_hal_uart.o

.debug_str      0x0000000000000000    0x9127d
 .debug_str     0x0000000000000000    0x8bf63 ./Core/Src/I2C_EndEffector.o
                                      0x8c261 (size before relaxing)
 .debug_str     0x000000000008bf63      0x3e5 ./Core/Src/Joystick.o
                                      0x88ccc (size before relaxing)
 .debug_str     0x000000000008c348      0xf0a ./Core/Src/ModBusRTU.o
                                      0x8c9d5 (size before relaxing)
 .debug_str     0x000000000008d252      0x4f7 ./Core/Src/dma.o
                                      0x88b61 (size before relaxing)
 .debug_str     0x000000000008d749       0xd8 ./Core/Src/gpio.o
                                      0x88867 (size before relaxing)
 .debug_str     0x000000000008d821       0x9b ./Core/Src/i2c.o
                                      0x89177 (size before relaxing)
 .debug_str     0x000000000008d8bc      0x2c5 ./Core/Src/main.o
                                      0x8d2df (size before relaxing)
 .debug_str     0x000000000008db81       0x49 ./Core/Src/stm32f4xx_hal_msp.o
                                      0x887b9 (size before relaxing)
 .debug_str     0x000000000008dbca      0x1e5 ./Core/Src/stm32f4xx_it.o
                                      0x89539 (size before relaxing)
 .debug_str     0x000000000008ddaf       0xdb ./Core/Src/system_stm32f4xx.o
                                      0x88726 (size before relaxing)
 .debug_str     0x000000000008de8a      0x103 ./Core/Src/tim.o
                                      0x89458 (size before relaxing)
 .debug_str     0x000000000008df8d       0x6d ./Core/Src/usart.o
                                      0x89205 (size before relaxing)
 .debug_str     0x000000000008dffa       0x36 ./Core/Startup/startup_stm32f411retx.o
                                         0x5a (size before relaxing)
 .debug_str     0x000000000008e030      0x5ee ./Drivers/STM32F4xx_HAL_Driver/Src/stm32f4xx_hal.o
                                      0x89152 (size before relaxing)
 .debug_str     0x000000000008e61e      0x323 ./Drivers/STM32F4xx_HAL_Driver/Src/stm32f4xx_hal_cortex.o
                                      0x88e73 (size before relaxing)
 .debug_str     0x000000000008e941      0x2ee ./Drivers/STM32F4xx_HAL_Driver/Src/stm32f4xx_hal_dma.o
                                      0x88b2e (size before relaxing)
 .debug_str     0x000000000008ec2f      0x121 ./Drivers/STM32F4xx_HAL_Driver/Src/stm32f4xx_hal_gpio.o
                                      0x888a1 (size before relaxing)
 .debug_str     0x000000000008ed50      0xa65 ./Drivers/STM32F4xx_HAL_Driver/Src/stm32f4xx_hal_i2c.o
                                      0x896e4 (size before relaxing)
 .debug_str     0x000000000008f7b5      0x213 ./Drivers/STM32F4xx_HAL_Driver/Src/stm32f4xx_hal_rcc.o
                                      0x88b5a (size before relaxing)
 .debug_str     0x000000000008f9c8      0xdf4 ./Drivers/STM32F4xx_HAL_Driver/Src/stm32f4xx_hal_tim.o
                                      0x8a101 (size before relaxing)
 .debug_str     0x00000000000907bc      0x4a6 ./Drivers/STM32F4xx_HAL_Driver/Src/stm32f4xx_hal_tim_ex.o
                                      0x89506 (size before relaxing)
 .debug_str     0x0000000000090c62      0x61b ./Drivers/STM32F4xx_HAL_Driver/Src/stm32f4xx_hal_uart.o
                                      0x893f2 (size before relaxing)

.comment        0x0000000000000000       0x50
 .comment       0x0000000000000000       0x50 ./Core/Src/I2C_EndEffector.o
                                         0x51 (size before relaxing)
 .comment       0x0000000000000050       0x51 ./Core/Src/Joystick.o
 .comment       0x0000000000000050       0x51 ./Core/Src/ModBusRTU.o
 .comment       0x0000000000000050       0x51 ./Core/Src/dma.o
 .comment       0x0000000000000050       0x51 ./Core/Src/gpio.o
 .comment       0x0000000000000050       0x51 ./Core/Src/i2c.o
 .comment       0x0000000000000050       0x51 ./Core/Src/main.o
 .comment       0x0000000000000050       0x51 ./Core/Src/stm32f4xx_hal_msp.o
 .comment       0x0000000000000050       0x51 ./Core/Src/stm32f4xx_it.o
 .comment       0x0000000000000050       0x51 ./Core/Src/system_stm32f4xx.o
 .comment       0x0000000000000050       0x51 ./Core/Src/tim.o
 .comment       0x0000000000000050       0x51 ./Core/Src/usart.o
 .comment       0x0000000000000050       0x51 ./Drivers/STM32F4xx_HAL_Driver/Src/stm32f4xx_hal.o
 .comment       0x0000000000000050       0x51 ./Drivers/STM32F4xx_HAL_Driver/Src/stm32f4xx_hal_cortex.o
 .comment       0x0000000000000050       0x51 ./Drivers/STM32F4xx_HAL_Driver/Src/stm32f4xx_hal_dma.o
 .comment       0x0000000000000050       0x51 ./Drivers/STM32F4xx_HAL_Driver/Src/stm32f4xx_hal_gpio.o
 .comment       0x0000000000000050       0x51 ./Drivers/STM32F4xx_HAL_Driver/Src/stm32f4xx_hal_i2c.o
 .comment       0x0000000000000050       0x51 ./Drivers/STM32F4xx_HAL_Driver/Src/stm32f4xx_hal_rcc.o
 .comment       0x0000000000000050       0x51 ./Drivers/STM32F4xx_HAL_Driver/Src/stm32f4xx_hal_tim.o
 .comment       0x0000000000000050       0x51 ./Drivers/STM32F4xx_HAL_Driver/Src/stm32f4xx_hal_tim_ex.o
 .comment       0x0000000000000050       0x51 ./Drivers/STM32F4xx_HAL_Driver/Src/stm32f4xx_hal_uart.o

.debug_frame    0x0000000000000000     0x4594
 .debug_frame   0x0000000000000000      0x17c ./Core/Src/I2C_EndEffector.o
 .debug_frame   0x000000000000017c       0x74 ./Core/Src/Joystick.o
 .debug_frame   0x00000000000001f0      0x1ac ./Core/Src/ModBusRTU.o
 .debug_frame   0x000000000000039c       0x34 ./Core/Src/dma.o
 .debug_frame   0x00000000000003d0       0x34 ./Core/Src/gpio.o
 .debug_frame   0x0000000000000404       0x74 ./Core/Src/i2c.o
 .debug_frame   0x0000000000000478       0x90 ./Core/Src/main.o
 .debug_frame   0x0000000000000508       0x34 ./Core/Src/stm32f4xx_hal_msp.o
 .debug_frame   0x000000000000053c      0x1c8 ./Core/Src/stm32f4xx_it.o
 .debug_frame   0x0000000000000704       0x58 ./Core/Src/system_stm32f4xx.o
 .debug_frame   0x000000000000075c       0x7c ./Core/Src/tim.o
 .debug_frame   0x00000000000007d8       0x90 ./Core/Src/usart.o
 .debug_frame   0x0000000000000868      0x374 ./Drivers/STM32F4xx_HAL_Driver/Src/stm32f4xx_hal.o
 .debug_frame   0x0000000000000bdc      0x498 ./Drivers/STM32F4xx_HAL_Driver/Src/stm32f4xx_hal_cortex.o
 .debug_frame   0x0000000000001074      0x250 ./Drivers/STM32F4xx_HAL_Driver/Src/stm32f4xx_hal_dma.o
 .debug_frame   0x00000000000012c4      0x14c ./Drivers/STM32F4xx_HAL_Driver/Src/stm32f4xx_hal_gpio.o
 .debug_frame   0x0000000000001410      0xc5c ./Drivers/STM32F4xx_HAL_Driver/Src/stm32f4xx_hal_i2c.o
 .debug_frame   0x000000000000206c      0x1f4 ./Drivers/STM32F4xx_HAL_Driver/Src/stm32f4xx_hal_rcc.o
 .debug_frame   0x0000000000002260     0x1234 ./Drivers/STM32F4xx_HAL_Driver/Src/stm32f4xx_hal_tim.o
 .debug_frame   0x0000000000003494      0x638 ./Drivers/STM32F4xx_HAL_Driver/Src/stm32f4xx_hal_tim_ex.o
 .debug_frame   0x0000000000003acc      0x9f4 ./Drivers/STM32F4xx_HAL_Driver/Src/stm32f4xx_hal_uart.o
 .debug_frame   0x00000000000044c0       0x2c c:/st/stm32cubeide_1.11.0/stm32cubeide/plugins/com.st.stm32cube.ide.mcu.externaltools.gnu-tools-for-stm32.10.3-2021.10.win32_1.0.100.202210260954/tools/bin/../lib/gcc/arm-none-eabi/10.3.1/../../../../arm-none-eabi/lib/thumb/v7e-m+fp/hard\libc_nano.a(lib_a-init.o)
 .debug_frame   0x00000000000044ec       0x28 c:/st/stm32cubeide_1.11.0/stm32cubeide/plugins/com.st.stm32cube.ide.mcu.externaltools.gnu-tools-for-stm32.10.3-2021.10.win32_1.0.100.202210260954/tools/bin/../lib/gcc/arm-none-eabi/10.3.1/../../../../arm-none-eabi/lib/thumb/v7e-m+fp/hard\libc_nano.a(lib_a-memcpy-stub.o)
 .debug_frame   0x0000000000004514       0x20 c:/st/stm32cubeide_1.11.0/stm32cubeide/plugins/com.st.stm32cube.ide.mcu.externaltools.gnu-tools-for-stm32.10.3-2021.10.win32_1.0.100.202210260954/tools/bin/../lib/gcc/arm-none-eabi/10.3.1/../../../../arm-none-eabi/lib/thumb/v7e-m+fp/hard\libc_nano.a(lib_a-memset.o)
 .debug_frame   0x0000000000004534       0x2c c:/st/stm32cubeide_1.11.0/stm32cubeide/plugins/com.st.stm32cube.ide.mcu.externaltools.gnu-tools-for-stm32.10.3-2021.10.win32_1.0.100.202210260954/tools/bin/../lib/gcc/arm-none-eabi/10.3.1/thumb/v7e-m+fp/hard\libgcc.a(_aeabi_uldivmod.o)
 .debug_frame   0x0000000000004560       0x34 c:/st/stm32cubeide_1.11.0/stm32cubeide/plugins/com.st.stm32cube.ide.mcu.externaltools.gnu-tools-for-stm32.10.3-2021.10.win32_1.0.100.202210260954/tools/bin/../lib/gcc/arm-none-eabi/10.3.1/thumb/v7e-m+fp/hard\libgcc.a(_udivmoddi4.o)
