Archive member included to satisfy reference by file (symbol)

c:/st/stm32cubeide_1.11.0/stm32cubeide/plugins/com.st.stm32cube.ide.mcu.externaltools.gnu-tools-for-stm32.10.3-2021.10.win32_1.0.100.202210260954/tools/bin/../lib/gcc/arm-none-eabi/10.3.1/../../../../arm-none-eabi/lib/thumb/v7e-m+fp/hard\libc_nano.a(lib_a-errno.o)
                              ./Core/Src/syscalls.o (__errno)
c:/st/stm32cubeide_1.11.0/stm32cubeide/plugins/com.st.stm32cube.ide.mcu.externaltools.gnu-tools-for-stm32.10.3-2021.10.win32_1.0.100.202210260954/tools/bin/../lib/gcc/arm-none-eabi/10.3.1/../../../../arm-none-eabi/lib/thumb/v7e-m+fp/hard\libc_nano.a(lib_a-exit.o)
                              c:/st/stm32cubeide_1.11.0/stm32cubeide/plugins/com.st.stm32cube.ide.mcu.externaltools.gnu-tools-for-stm32.10.3-2021.10.win32_1.0.100.202210260954/tools/bin/../lib/gcc/arm-none-eabi/10.3.1/../../../../arm-none-eabi/lib/thumb/v7e-m+fp/hard/crt0.o (exit)
c:/st/stm32cubeide_1.11.0/stm32cubeide/plugins/com.st.stm32cube.ide.mcu.externaltools.gnu-tools-for-stm32.10.3-2021.10.win32_1.0.100.202210260954/tools/bin/../lib/gcc/arm-none-eabi/10.3.1/../../../../arm-none-eabi/lib/thumb/v7e-m+fp/hard\libc_nano.a(lib_a-impure.o)
                              c:/st/stm32cubeide_1.11.0/stm32cubeide/plugins/com.st.stm32cube.ide.mcu.externaltools.gnu-tools-for-stm32.10.3-2021.10.win32_1.0.100.202210260954/tools/bin/../lib/gcc/arm-none-eabi/10.3.1/../../../../arm-none-eabi/lib/thumb/v7e-m+fp/hard\libc_nano.a(lib_a-exit.o) (_global_impure_ptr)
c:/st/stm32cubeide_1.11.0/stm32cubeide/plugins/com.st.stm32cube.ide.mcu.externaltools.gnu-tools-for-stm32.10.3-2021.10.win32_1.0.100.202210260954/tools/bin/../lib/gcc/arm-none-eabi/10.3.1/../../../../arm-none-eabi/lib/thumb/v7e-m+fp/hard\libc_nano.a(lib_a-init.o)
                              c:/st/stm32cubeide_1.11.0/stm32cubeide/plugins/com.st.stm32cube.ide.mcu.externaltools.gnu-tools-for-stm32.10.3-2021.10.win32_1.0.100.202210260954/tools/bin/../lib/gcc/arm-none-eabi/10.3.1/../../../../arm-none-eabi/lib/thumb/v7e-m+fp/hard/crt0.o (__libc_init_array)
c:/st/stm32cubeide_1.11.0/stm32cubeide/plugins/com.st.stm32cube.ide.mcu.externaltools.gnu-tools-for-stm32.10.3-2021.10.win32_1.0.100.202210260954/tools/bin/../lib/gcc/arm-none-eabi/10.3.1/../../../../arm-none-eabi/lib/thumb/v7e-m+fp/hard\libc_nano.a(lib_a-memcpy-stub.o)
                              ./Core/Src/ModBusRTU.o (memcpy)
c:/st/stm32cubeide_1.11.0/stm32cubeide/plugins/com.st.stm32cube.ide.mcu.externaltools.gnu-tools-for-stm32.10.3-2021.10.win32_1.0.100.202210260954/tools/bin/../lib/gcc/arm-none-eabi/10.3.1/../../../../arm-none-eabi/lib/thumb/v7e-m+fp/hard\libc_nano.a(lib_a-memset.o)
                              c:/st/stm32cubeide_1.11.0/stm32cubeide/plugins/com.st.stm32cube.ide.mcu.externaltools.gnu-tools-for-stm32.10.3-2021.10.win32_1.0.100.202210260954/tools/bin/../lib/gcc/arm-none-eabi/10.3.1/../../../../arm-none-eabi/lib/thumb/v7e-m+fp/hard/crt0.o (memset)
c:/st/stm32cubeide_1.11.0/stm32cubeide/plugins/com.st.stm32cube.ide.mcu.externaltools.gnu-tools-for-stm32.10.3-2021.10.win32_1.0.100.202210260954/tools/bin/../lib/gcc/arm-none-eabi/10.3.1/thumb/v7e-m+fp/hard\libgcc.a(_aeabi_uldivmod.o)
                              ./Drivers/STM32F4xx_HAL_Driver/Src/stm32f4xx_hal_rcc.o (__aeabi_uldivmod)
c:/st/stm32cubeide_1.11.0/stm32cubeide/plugins/com.st.stm32cube.ide.mcu.externaltools.gnu-tools-for-stm32.10.3-2021.10.win32_1.0.100.202210260954/tools/bin/../lib/gcc/arm-none-eabi/10.3.1/thumb/v7e-m+fp/hard\libgcc.a(_udivmoddi4.o)
                              c:/st/stm32cubeide_1.11.0/stm32cubeide/plugins/com.st.stm32cube.ide.mcu.externaltools.gnu-tools-for-stm32.10.3-2021.10.win32_1.0.100.202210260954/tools/bin/../lib/gcc/arm-none-eabi/10.3.1/thumb/v7e-m+fp/hard\libgcc.a(_aeabi_uldivmod.o) (__udivmoddi4)
c:/st/stm32cubeide_1.11.0/stm32cubeide/plugins/com.st.stm32cube.ide.mcu.externaltools.gnu-tools-for-stm32.10.3-2021.10.win32_1.0.100.202210260954/tools/bin/../lib/gcc/arm-none-eabi/10.3.1/thumb/v7e-m+fp/hard\libgcc.a(_dvmd_tls.o)
                              c:/st/stm32cubeide_1.11.0/stm32cubeide/plugins/com.st.stm32cube.ide.mcu.externaltools.gnu-tools-for-stm32.10.3-2021.10.win32_1.0.100.202210260954/tools/bin/../lib/gcc/arm-none-eabi/10.3.1/thumb/v7e-m+fp/hard\libgcc.a(_aeabi_uldivmod.o) (__aeabi_ldiv0)

Discarded input sections

 .text          0x0000000000000000        0x0 c:/st/stm32cubeide_1.11.0/stm32cubeide/plugins/com.st.stm32cube.ide.mcu.externaltools.gnu-tools-for-stm32.10.3-2021.10.win32_1.0.100.202210260954/tools/bin/../lib/gcc/arm-none-eabi/10.3.1/thumb/v7e-m+fp/hard/crti.o
 .data          0x0000000000000000        0x0 c:/st/stm32cubeide_1.11.0/stm32cubeide/plugins/com.st.stm32cube.ide.mcu.externaltools.gnu-tools-for-stm32.10.3-2021.10.win32_1.0.100.202210260954/tools/bin/../lib/gcc/arm-none-eabi/10.3.1/thumb/v7e-m+fp/hard/crti.o
[...]
Memory Configuration

Name             Origin             Length             Attributes
RAM              0x0000000020000000 0x0000000000020000 xrw
FLASH            0x0000000008000000 0x0000000000080000 xr
*default*        0x0000000000000000 0xffffffffffffffff

Linker script and memory map

LOAD c:/st/stm32cubeide_1.11.0/stm32cubeide/plugins/com.st.stm32cube.ide.mcu.externaltools.gnu-tools-for-stm32.10.3-2021.10.win32_1.0.100.202210260954/tools/bin/../lib/gcc/arm-none-eabi/10.3.1/thumb/v7e-m+fp/hard/crti.o
LOAD c:/st/stm32cubeide_1.11.0/stm32cubeide/plugins/com.st.stm32cube.ide.mcu.externaltools.gnu-tools-for-stm32.10.3-2021.10.win32_1.0.100.202210260954/tools/bin/../lib/gcc/arm-none-eabi/10.3.1/thumb/v7e-m+fp/hard/crtbegin.o
LOAD c:/st/stm32cubeide_1.11.0/stm32cubeide/plugins/com.st.stm32cube.ide.mcu.externaltools.gnu-tools-for-stm32.10.3-2021.10.win32_1.0.100.202210260954/tools/bin/../lib/gcc/arm-none-eabi/10.3.1/../../../../arm-none-eabi/lib/thumb/v7e-m+fp/hard/crt0.o
LOAD ./Core/Src/I2C_EndEffector.o
LOAD ./Core/Src/Joystick.o
LOAD ./Core/Src/ModBusRTU.o
LOAD ./Core/Src/dma.o
LOAD ./Core/Src/gpio.o
LOAD ./Core/Src/i2c.o
LOAD ./Core/Src/main.o
LOAD ./Core/Src/stm32f4xx_hal_msp.o
LOAD ./Core/Src/stm32f4xx_it.o
LOAD ./Core/Src/syscalls.o
LOAD ./Core/Src/sysmem.o
LOAD ./Core/Src/system_stm32f4xx.o
LOAD ./Core/Src/tim.o
LOAD ./Core/Src/usart.o
LOAD ./Core/Startup/startup_stm32f411retx.o
LOAD ./Drivers/STM32F4xx_HAL_Driver/Src/stm32f4xx_hal.o
LOAD ./Drivers/STM32F4xx_HAL_Driver/Src/stm32f4xx_hal_cortex.o
LOAD ./Drivers/STM32F4xx_HAL_Driver/Src/stm32f4xx_hal_dma.o
LOAD ./Drivers/STM32F4xx_HAL_Driver/Src/stm32f4xx_hal_dma_ex.o
LOAD ./Drivers/STM32F4xx_HAL_Driver/Src/stm32f4xx_hal_exti.o
LOAD ./Drivers/STM32F4xx_HAL_Driver/Src/stm32f4xx_hal_flash.o
LOAD ./Drivers/STM32F4xx_HAL_Driver/Src/stm32f4xx_hal_flash_ex.o
LOAD ./Drivers/STM32F4xx_HAL_Driver/Src/stm32f4xx_hal_flash_ramfunc.o
LOAD ./Drivers/STM32F4xx_HAL_Driver/Src/stm32f4xx_hal_gpio.o
LOAD ./Drivers/STM32F4xx_HAL_Driver/Src/stm32f4xx_hal_i2c.o
LOAD ./Drivers/STM32F4xx_HAL_Driver/Src/stm32f4xx_hal_i2c_ex.o
LOAD ./Drivers/STM32F4xx_HAL_Driver/Src/stm32f4xx_hal_pwr.o
LOAD ./Drivers/STM32F4xx_HAL_Driver/Src/stm32f4xx_hal_pwr_ex.o
LOAD ./Drivers/STM32F4xx_HAL_Driver/Src/stm32f4xx_hal_rcc.o
LOAD ./Drivers/STM32F4xx_HAL_Driver/Src/stm32f4xx_hal_rcc_ex.o
LOAD ./Drivers/STM32F4xx_HAL_Driver/Src/stm32f4xx_hal_tim.o
LOAD ./Drivers/STM32F4xx_HAL_Driver/Src/stm32f4xx_hal_tim_ex.o
LOAD ./Drivers/STM32F4xx_HAL_Driver/Src/stm32f4xx_hal_uart.o
START GROUP
LOAD c:/st/stm32cubeide_1.11.0/stm32cubeide/plugins/com.st.stm32cube.ide.mcu.externaltools.gnu-tools-for-stm32.10.3-2021.10.win32_1.0.100.202210260954/tools/bin/../lib/gcc/arm-none-eabi/10.3.1/../../../../arm-none-eabi/lib/thumb/v7e-m+fp/hard\libc_nano.a
LOAD c:/st/stm32cubeide_1.11.0/stm32cubeide/plugins/com.st.stm32cube.ide.mcu.externaltools.gnu-tools-for-stm32.10.3-2021.10.win32_1.0.100.202210260954/tools/bin/../lib/gcc/arm-none-eabi/10.3.1/../../../../arm-none-eabi/lib/thumb/v7e-m+fp/hard\libm.a
END GROUP
START GROUP
LOAD c:/st/stm32cubeide_1.11.0/stm32cubeide/plugins/com.st.stm32cube.ide.mcu.externaltools.gnu-tools-for-stm32.10.3-2021.10.win32_1.0.100.202210260954/tools/bin/../lib/gcc/arm-none-eabi/10.3.1/thumb/v7e-m+fp/hard\libgcc.a
LOAD c:/st/stm32cubeide_1.11.0/stm32cubeide/plugins/com.st.stm32cube.ide.mcu.externaltools.gnu-tools-for-stm32.10.3-2021.10.win32_1.0.100.202210260954/tools/bin/../lib/gcc/arm-none-eabi/10.3.1/../../../../arm-none-eabi/lib/thumb/v7e-m+fp/hard\libc_nano.a
END GROUP
START GROUP
LOAD c:/st/stm32cubeide_1.11.0/stm32cubeide/plugins/com.st.stm32cube.ide.mcu.externaltools.gnu-tools-for-stm32.10.3-2021.10.win32_1.0.100.202210260954/tools/bin/../lib/gcc/arm-none-eabi/10.3.1/thumb/v7e-m+fp/hard\libgcc.a
LOAD c:/st/stm32cubeide_1.11.0/stm32cubeide/plugins/com.st.stm32cube.ide.mcu.externaltools.gnu-tools-for-stm32.10.3-2021.10.win32_1.0.100.202210260954/tools/bin/../lib/gcc/arm-none-eabi/10.3.1/../../../../arm-none-eabi/lib/thumb/v7e-m+fp/hard\libc_nano.a
LOAD c:/st/stm32cubeide_1.11.0/stm32cubeide/plugins/com.st.stm32cube.ide.mcu.externaltools.gnu-tools-for-stm32.10.3-2021.10.win32_1.0.100.202210260954/tools/bin/../lib/gcc/arm-none-eabi/10.3.1/../../../../arm-none-eabi/lib/thumb/v7e-m+fp/hard\libnosys.a
END GROUP
START GROUP
LOAD c:/st/stm32cubeide_1.11.0/stm32cubeide/plugins/com.st.stm32cube.ide.mcu.externaltools.gnu-tools-for-stm32.10.3-2021.10.win32_1.0.100.202210260954/tools/bin/../lib/gcc/arm-none-eabi/10.3.1/thumb/v7e-m+fp/hard\libgcc.a
LOAD c:/st/stm32cubeide_1.11.0/stm32cubeide/plugins/com.st.stm32cube.ide.mcu.externaltools.gnu-tools-for-stm32.10.3-2021.10.win32_1.0.100.202210260954/tools/bin/../lib/gcc/arm-none-eabi/10.3.1/../../../../arm-none-eabi/lib/thumb/v7e-m+fp/hard\libc_nano.a
LOAD c:/st/stm32cubeide_1.11.0/stm32cubeide/plugins/com.st.stm32cube.ide.mcu.externaltools.gnu-tools-for-stm32.10.3-2021.10.win32_1.0.100.202210260954/tools/bin/../lib/gcc/arm-none-eabi/10.3.1/../../../../arm-none-eabi/lib/thumb/v7e-m+fp/hard\libnosys.a
END GROUP
LOAD c:/st/stm32cubeide_1.11.0/stm32cubeide/plugins/com.st.stm32cube.ide.mcu.externaltools.gnu-tools-for-stm32.10.3-2021.10.win32_1.0.100.202210260954/tools/bin/../lib/gcc/arm-none-eabi/10.3.1/thumb/v7e-m+fp/hard/crtend.o
LOAD c:/st/stm32cubeide_1.11.0/stm32cubeide/plugins/com.st.stm32cube.ide.mcu.externaltools.gnu-tools-for-stm32.10.3-2021.10.win32_1.0.100.202210260954/tools/bin/../lib/gcc/arm-none-eabi/10.3.1/thumb/v7e-m+fp/hard/crtn.o
                0x0000000020020000                _estack = (ORIGIN (RAM) + LENGTH (RAM))
                0x0000000000000200                _Min_Heap_Size = 0x200
                0x0000000000000400                _Min_Stack_Size = 0x400

.isr_vector     0x0000000008000000      0x198
                0x0000000008000000                . = ALIGN (0x4)
 *(.isr_vector)
 .isr_vector    0x0000000008000000      0x198 ./Core/Startup/startup_stm32f411retx.o
                0x0000000008000000                g_pfnVectors
                0x0000000008000198                . = ALIGN (0x4)

.text           0x0000000008000198     0x7edc
                0x0000000008000198                . = ALIGN (0x4)
 *(.text)
 .text          0x0000000008000198       0x40 c:/st/stm32cubeide_1.11.0/stm32cubeide/plugins/com.st.stm32cube.ide.mcu.externaltools.gnu-tools-for-stm32.10.3-2021.10.win32_1.0.100.202210260954/tools/bin/../lib/gcc/arm-none-eabi/10.3.1/thumb/v7e-m+fp/hard/crtbegin.o
 .text          0x00000000080001d8       0x30 c:/st/stm32cubeide_1.11.0/stm32cubeide/plugins/com.st.stm32cube.ide.mcu.externaltools.gnu-tools-for-stm32.10.3-2021.10.win32_1.0.100.202210260954/tools/bin/../lib/gcc/arm-none-eabi/10.3.1/thumb/v7e-m+fp/hard\libgcc.a(_aeabi_uldivmod.o)
                0x00000000080001d8                __aeabi_uldivmod
 .text          0x0000000008000208      0x2d0 c:/st/stm32cubeide_1.11.0/stm32cubeide/plugins/com.st.stm32cube.ide.mcu.externaltools.gnu-tools-for-stm32.10.3-2021.10.win32_1.0.100.202210260954/tools/bin/../lib/gcc/arm-none-eabi/10.3.1/thumb/v7e-m+fp/hard\libgcc.a(_udivmoddi4.o)
                0x0000000008000208                __udivmoddi4
 .text          0x00000000080004d8        0x4 c:/st/stm32cubeide_1.11.0/stm32cubeide/plugins/com.st.stm32cube.ide.mcu.externaltools.gnu-tools-for-stm32.10.3-2021.10.win32_1.0.100.202210260954/tools/bin/../lib/gcc/arm-none-eabi/10.3.1/thumb/v7e-m+fp/hard\libgcc.a(_dvmd_tls.o)
                0x00000000080004d8                __aeabi_idiv0
                0x00000000080004d8                __aeabi_ldiv0
 *(.text*)
 .text.ENDEFF_SOFT_RESET
                0x00000000080004dc       0x50 ./Core/Src/I2C_EndEffector.o
                0x00000000080004dc                ENDEFF_SOFT_RESET
 .text.ENDEFF_TEST_MODE
                0x000000000800052c       0x50 ./Core/Src/I2C_EndEffector.o
                0x000000000800052c                ENDEFF_TEST_MODE
 .text.ENDEFF_TEST_MODE_QUIT
                0x000000000800057c       0x50 ./Core/Src/I2C_EndEffector.o
                0x000000000800057c                ENDEFF_TEST_MODE_QUIT
 .text.ENDEFF_GRIPPER_RUNMODE
                0x00000000080005cc       0x50 ./Core/Src/I2C_EndEffector.o
                0x00000000080005cc                ENDEFF_GRIPPER_RUNMODE
 .text.ENDEFF_GRIPPER_IDLE
                0x000000000800061c       0x50 ./Core/Src/I2C_EndEffector.o
                0x000000000800061c                ENDEFF_GRIPPER_IDLE
 .text.ENDEFF_GRIPPER_PICK
                0x000000000800066c       0x50 ./Core/Src/I2C_EndEffector.o
                0x000000000800066c                ENDEFF_GRIPPER_PICK
 .text.ENDEFF_GRIPPER_PLACE
                0x00000000080006bc       0x50 ./Core/Src/I2C_EndEffector.o
                0x00000000080006bc                ENDEFF_GRIPPER_PLACE
 .text.I2C_TO_BASESYSTEM
                0x000000000800070c      0x244 ./Core/Src/I2C_EndEffector.o
                0x000000000800070c                I2C_TO_BASESYSTEM
 .text.modbus_1t5_Timeout
                0x0000000008000950       0x20 ./Core/Src/ModBusRTU.o
                0x0000000008000950                modbus_1t5_Timeout
 .text.modbus_3t5_Timeout
                0x0000000008000970       0x20 ./Core/Src/ModBusRTU.o
                0x0000000008000970                modbus_3t5_Timeout
 .text.modbus_UART_Recived
                0x0000000008000990       0x64 ./Core/Src/ModBusRTU.o
                0x0000000008000990                modbus_UART_Recived
 .text.Modbus_init
                0x00000000080009f4       0xac ./Core/Src/ModBusRTU.o
                0x00000000080009f4                Modbus_init
 .text.CRC16    0x0000000008000aa0       0x6c ./Core/Src/ModBusRTU.o
                0x0000000008000aa0                CRC16
 .text.Modbus_Protocal_Worker
                0x0000000008000b0c      0x210 ./Core/Src/ModBusRTU.o
                0x0000000008000b0c                Modbus_Protocal_Worker
 .text.modbusWrite1Register
                0x0000000008000d1c       0x84 ./Core/Src/ModBusRTU.o
                0x0000000008000d1c                modbusWrite1Register
 .text.modbusRead1Register
                0x0000000008000da0       0xf4 ./Core/Src/ModBusRTU.o
                0x0000000008000da0                modbusRead1Register
 .text.ModbusErrorReply
                0x0000000008000e94       0x44 ./Core/Src/ModBusRTU.o
                0x0000000008000e94                ModbusErrorReply
 .text.Modbus_frame_response
                0x0000000008000ed8       0x30 ./Core/Src/ModBusRTU.o
                0x0000000008000ed8                Modbus_frame_response
 .text.Modbus_Emission
                0x0000000008000f08      0x100 ./Core/Src/ModBusRTU.o
                0x0000000008000f08                Modbus_Emission
 .text.MX_DMA_Init
                0x0000000008001008       0x40 ./Core/Src/dma.o
                0x0000000008001008                MX_DMA_Init
 .text.MX_GPIO_Init
                0x0000000008001048       0xdc ./Core/Src/gpio.o
                0x0000000008001048                MX_GPIO_Init
 .text.MX_I2C1_Init
                0x0000000008001124       0x5c ./Core/Src/i2c.o
                0x0000000008001124                MX_I2C1_Init
 .text.HAL_I2C_MspInit
                0x0000000008001180       0xb0 ./Core/Src/i2c.o
                0x0000000008001180                HAL_I2C_MspInit
 .text.main     0x0000000008001230      0x1c8 ./Core/Src/main.o
                0x0000000008001230                main
 .text.SystemClock_Config
                0x00000000080013f8       0xd0 ./Core/Src/main.o
                0x00000000080013f8                SystemClock_Config
 .text.UARTInterruptConfig
                0x00000000080014c8       0x1c ./Core/Src/main.o
                0x00000000080014c8                UARTInterruptConfig
 .text.HAL_UART_RxCpltCallback
                0x00000000080014e4      0x100 ./Core/Src/main.o
                0x00000000080014e4                HAL_UART_RxCpltCallback
 .text.Error_Handler
                0x00000000080015e4        0xa ./Core/Src/main.o
                0x00000000080015e4                Error_Handler
 *fill*         0x00000000080015ee        0x2 
 .text.HAL_MspInit
                0x00000000080015f0       0x50 ./Core/Src/stm32f4xx_hal_msp.o
                0x00000000080015f0                HAL_MspInit
 .text.NMI_Handler
                0x0000000008001640        0x6 ./Core/Src/stm32f4xx_it.o
                0x0000000008001640                NMI_Handler
 .text.HardFault_Handler
                0x0000000008001646        0x6 ./Core/Src/stm32f4xx_it.o
                0x0000000008001646                HardFault_Handler
 .text.MemManage_Handler
                0x000000000800164c        0x6 ./Core/Src/stm32f4xx_it.o
                0x000000000800164c                MemManage_Handler
 .text.BusFault_Handler
                0x0000000008001652        0x6 ./Core/Src/stm32f4xx_it.o
                0x0000000008001652                BusFault_Handler
 .text.UsageFault_Handler
                0x0000000008001658        0x6 ./Core/Src/stm32f4xx_it.o
                0x0000000008001658                UsageFault_Handler
 .text.SVC_Handler
                0x000000000800165e        0xe ./Core/Src/stm32f4xx_it.o
                0x000000000800165e                SVC_Handler
 .text.DebugMon_Handler
                0x000000000800166c        0xe ./Core/Src/stm32f4xx_it.o
                0x000000000800166c                DebugMon_Handler
 .text.PendSV_Handler
                0x000000000800167a        0xe ./Core/Src/stm32f4xx_it.o
                0x000000000800167a                PendSV_Handler
 .text.SysTick_Handler
                0x0000000008001688        0xc ./Core/Src/stm32f4xx_it.o
                0x0000000008001688                SysTick_Handler
 .text.DMA1_Stream6_IRQHandler
                0x0000000008001694       0x14 ./Core/Src/stm32f4xx_it.o
                0x0000000008001694                DMA1_Stream6_IRQHandler
 .text.TIM1_TRG_COM_TIM11_IRQHandler
                0x00000000080016a8       0x14 ./Core/Src/stm32f4xx_it.o
                0x00000000080016a8                TIM1_TRG_COM_TIM11_IRQHandler
 .text.I2C1_EV_IRQHandler
                0x00000000080016bc       0x14 ./Core/Src/stm32f4xx_it.o
                0x00000000080016bc                I2C1_EV_IRQHandler
 .text.I2C1_ER_IRQHandler
                0x00000000080016d0       0x14 ./Core/Src/stm32f4xx_it.o
                0x00000000080016d0                I2C1_ER_IRQHandler
 .text.USART1_IRQHandler
                0x00000000080016e4       0x14 ./Core/Src/stm32f4xx_it.o
                0x00000000080016e4                USART1_IRQHandler
 .text.USART2_IRQHandler
                0x00000000080016f8       0x14 ./Core/Src/stm32f4xx_it.o
                0x00000000080016f8                USART2_IRQHandler
 .text.SystemInit
                0x000000000800170c       0x24 ./Core/Src/system_stm32f4xx.o
                0x000000000800170c                SystemInit
 .text.MX_TIM11_Init
                0x0000000008001730       0xa8 ./Core/Src/tim.o
                0x0000000008001730                MX_TIM11_Init
 .text.HAL_TIM_Base_MspInit
                0x00000000080017d8       0x50 ./Core/Src/tim.o
                0x00000000080017d8                HAL_TIM_Base_MspInit
 .text.MX_USART1_UART_Init
                0x0000000008001828       0x54 ./Core/Src/usart.o
                0x0000000008001828                MX_USART1_UART_Init
 .text.MX_USART2_UART_Init
                0x000000000800187c       0x58 ./Core/Src/usart.o
                0x000000000800187c                MX_USART2_UART_Init
 .text.HAL_UART_MspInit
                0x00000000080018d4      0x17c ./Core/Src/usart.o
                0x00000000080018d4                HAL_UART_MspInit
 .text.Reset_Handler
                0x0000000008001a50       0x50 ./Core/Startup/startup_stm32f411retx.o
                0x0000000008001a50                Reset_Handler
 .text.Default_Handler
                0x0000000008001aa0        0x2 ./Core/Startup/startup_stm32f411retx.o
                0x0000000008001aa0                RTC_Alarm_IRQHandler
                0x0000000008001aa0                EXTI2_IRQHandler
                0x0000000008001aa0                SPI4_IRQHandler
                0x0000000008001aa0                TIM1_CC_IRQHandler
                0x0000000008001aa0                DMA2_Stream5_IRQHandler
                0x0000000008001aa0                DMA1_Stream5_IRQHandler
                0x0000000008001aa0                PVD_IRQHandler
                0x0000000008001aa0                SDIO_IRQHandler
                0x0000000008001aa0                TAMP_STAMP_IRQHandler
                0x0000000008001aa0                EXTI3_IRQHandler
                0x0000000008001aa0                TIM1_UP_TIM10_IRQHandler
                0x0000000008001aa0                I2C3_ER_IRQHandler
                0x0000000008001aa0                EXTI0_IRQHandler
                0x0000000008001aa0                I2C2_EV_IRQHandler
                0x0000000008001aa0                DMA1_Stream2_IRQHandler
                0x0000000008001aa0                FPU_IRQHandler
                0x0000000008001aa0                DMA2_Stream2_IRQHandler
                0x0000000008001aa0                SPI1_IRQHandler
                0x0000000008001aa0                TIM1_BRK_TIM9_IRQHandler
                0x0000000008001aa0                DMA2_Stream3_IRQHandler
                0x0000000008001aa0                USART6_IRQHandler
                0x0000000008001aa0                DMA2_Stream0_IRQHandler
                0x0000000008001aa0                TIM4_IRQHandler
                0x0000000008001aa0                DMA1_Stream1_IRQHandler
                0x0000000008001aa0                TIM3_IRQHandler
                0x0000000008001aa0                RCC_IRQHandler
                0x0000000008001aa0                Default_Handler
                0x0000000008001aa0                EXTI15_10_IRQHandler
                0x0000000008001aa0                ADC_IRQHandler
                0x0000000008001aa0                DMA1_Stream7_IRQHandler
                0x0000000008001aa0                SPI5_IRQHandler
                0x0000000008001aa0                TIM5_IRQHandler
                0x0000000008001aa0                DMA2_Stream7_IRQHandler
                0x0000000008001aa0                I2C3_EV_IRQHandler
                0x0000000008001aa0                EXTI9_5_IRQHandler
                0x0000000008001aa0                RTC_WKUP_IRQHandler
                0x0000000008001aa0                SPI2_IRQHandler
                0x0000000008001aa0                DMA1_Stream0_IRQHandler
                0x0000000008001aa0                EXTI4_IRQHandler
                0x0000000008001aa0                WWDG_IRQHandler
                0x0000000008001aa0                TIM2_IRQHandler
                0x0000000008001aa0                OTG_FS_WKUP_IRQHandler
                0x0000000008001aa0                EXTI1_IRQHandler
                0x0000000008001aa0                I2C2_ER_IRQHandler
                0x0000000008001aa0                DMA2_Stream1_IRQHandler
                0x0000000008001aa0                FLASH_IRQHandler
                0x0000000008001aa0                DMA2_Stream4_IRQHandler
                0x0000000008001aa0                OTG_FS_IRQHandler
                0x0000000008001aa0                SPI3_IRQHandler
                0x0000000008001aa0                DMA1_Stream4_IRQHandler
                0x0000000008001aa0                DMA2_Stream6_IRQHandler
                0x0000000008001aa0                DMA1_Stream3_IRQHandler
 *fill*         0x0000000008001aa2        0x2 
 .text.HAL_Init
                0x0000000008001aa4       0x44 ./Drivers/STM32F4xx_HAL_Driver/Src/stm32f4xx_hal.o
                0x0000000008001aa4                HAL_Init
 .text.HAL_InitTick
                0x0000000008001ae8       0x60 ./Drivers/STM32F4xx_HAL_Driver/Src/stm32f4xx_hal.o
                0x0000000008001ae8                HAL_InitTick
 .text.HAL_IncTick
                0x0000000008001b48       0x28 ./Drivers/STM32F4xx_HAL_Driver/Src/stm32f4xx_hal.o
                0x0000000008001b48                HAL_IncTick
 .text.HAL_GetTick
                0x0000000008001b70       0x18 ./Drivers/STM32F4xx_HAL_Driver/Src/stm32f4xx_hal.o
                0x0000000008001b70                HAL_GetTick
 .text.__NVIC_SetPriorityGrouping
                0x0000000008001b88       0x48 ./Drivers/STM32F4xx_HAL_Driver/Src/stm32f4xx_hal_cortex.o
 .text.__NVIC_GetPriorityGrouping
                0x0000000008001bd0       0x1c ./Drivers/STM32F4xx_HAL_Driver/Src/stm32f4xx_hal_cortex.o
 .text.__NVIC_EnableIRQ
                0x0000000008001bec       0x3c ./Drivers/STM32F4xx_HAL_Driver/Src/stm32f4xx_hal_cortex.o
 .text.__NVIC_SetPriority
                0x0000000008001c28       0x54 ./Drivers/STM32F4xx_HAL_Driver/Src/stm32f4xx_hal_cortex.o
 .text.NVIC_EncodePriority
                0x0000000008001c7c       0x66 ./Drivers/STM32F4xx_HAL_Driver/Src/stm32f4xx_hal_cortex.o
 *fill*         0x0000000008001ce2        0x2 
 .text.SysTick_Config
                0x0000000008001ce4       0x44 ./Drivers/STM32F4xx_HAL_Driver/Src/stm32f4xx_hal_cortex.o
 .text.HAL_NVIC_SetPriorityGrouping
                0x0000000008001d28       0x16 ./Drivers/STM32F4xx_HAL_Driver/Src/stm32f4xx_hal_cortex.o
                0x0000000008001d28                HAL_NVIC_SetPriorityGrouping
 .text.HAL_NVIC_SetPriority
                0x0000000008001d3e       0x38 ./Drivers/STM32F4xx_HAL_Driver/Src/stm32f4xx_hal_cortex.o
                0x0000000008001d3e                HAL_NVIC_SetPriority
 .text.HAL_NVIC_EnableIRQ
                0x0000000008001d76       0x1c ./Drivers/STM32F4xx_HAL_Driver/Src/stm32f4xx_hal_cortex.o
                0x0000000008001d76                HAL_NVIC_EnableIRQ
 .text.HAL_SYSTICK_Config
                0x0000000008001d92       0x18 ./Drivers/STM32F4xx_HAL_Driver/Src/stm32f4xx_hal_cortex.o
                0x0000000008001d92                HAL_SYSTICK_Config
 *fill*         0x0000000008001daa        0x2 
 .text.HAL_DMA_Init
                0x0000000008001dac      0x15c ./Drivers/STM32F4xx_HAL_Driver/Src/stm32f4xx_hal_dma.o
                0x0000000008001dac                HAL_DMA_Init
 .text.HAL_DMA_Start_IT
                0x0000000008001f08       0xb0 ./Drivers/STM32F4xx_HAL_Driver/Src/stm32f4xx_hal_dma.o
                0x0000000008001f08                HAL_DMA_Start_IT
 .text.HAL_DMA_Abort
                0x0000000008001fb8       0xe0 ./Drivers/STM32F4xx_HAL_Driver/Src/stm32f4xx_hal_dma.o
                0x0000000008001fb8                HAL_DMA_Abort
 .text.HAL_DMA_Abort_IT
                0x0000000008002098       0x44 ./Drivers/STM32F4xx_HAL_Driver/Src/stm32f4xx_hal_dma.o
                0x0000000008002098                HAL_DMA_Abort_IT
 .text.HAL_DMA_IRQHandler
                0x00000000080020dc      0x314 ./Drivers/STM32F4xx_HAL_Driver/Src/stm32f4xx_hal_dma.o
                0x00000000080020dc                HAL_DMA_IRQHandler
 .text.HAL_DMA_GetState
                0x00000000080023f0       0x1c ./Drivers/STM32F4xx_HAL_Driver/Src/stm32f4xx_hal_dma.o
                0x00000000080023f0                HAL_DMA_GetState
 .text.HAL_DMA_GetError
                0x000000000800240c       0x18 ./Drivers/STM32F4xx_HAL_Driver/Src/stm32f4xx_hal_dma.o
                0x000000000800240c                HAL_DMA_GetError
 .text.DMA_SetConfig
                0x0000000008002424       0x5c ./Drivers/STM32F4xx_HAL_Driver/Src/stm32f4xx_hal_dma.o
 .text.DMA_CalcBaseAndBitshift
                0x0000000008002480       0x6c ./Drivers/STM32F4xx_HAL_Driver/Src/stm32f4xx_hal_dma.o
 .text.DMA_CheckFifoParam
                0x00000000080024ec       0xf8 ./Drivers/STM32F4xx_HAL_Driver/Src/stm32f4xx_hal_dma.o
 .text.HAL_GPIO_Init
                0x00000000080025e4      0x308 ./Drivers/STM32F4xx_HAL_Driver/Src/stm32f4xx_hal_gpio.o
                0x00000000080025e4                HAL_GPIO_Init
 .text.HAL_GPIO_WritePin
                0x00000000080028ec       0x32 ./Drivers/STM32F4xx_HAL_Driver/Src/stm32f4xx_hal_gpio.o
                0x00000000080028ec                HAL_GPIO_WritePin
 *fill*         0x000000000800291e        0x2 
 .text.HAL_I2C_Init
                0x0000000008002920      0x288 ./Drivers/STM32F4xx_HAL_Driver/Src/stm32f4xx_hal_i2c.o
                0x0000000008002920                HAL_I2C_Init
 .text.HAL_I2C_Master_Transmit
                0x0000000008002ba8      0x1fc ./Drivers/STM32F4xx_HAL_Driver/Src/stm32f4xx_hal_i2c.o
                0x0000000008002ba8                HAL_I2C_Master_Transmit
 .text.HAL_I2C_Master_Receive
                0x0000000008002da4      0x44c ./Drivers/STM32F4xx_HAL_Driver/Src/stm32f4xx_hal_i2c.o
                0x0000000008002da4                HAL_I2C_Master_Receive
 .text.HAL_I2C_EV_IRQHandler
                0x00000000080031f0      0x2e2 ./Drivers/STM32F4xx_HAL_Driver/Src/stm32f4xx_hal_i2c.o
                0x00000000080031f0                HAL_I2C_EV_IRQHandler
 .text.HAL_I2C_ER_IRQHandler
                0x00000000080034d2      0x14e ./Drivers/STM32F4xx_HAL_Driver/Src/stm32f4xx_hal_i2c.o
                0x00000000080034d2                HAL_I2C_ER_IRQHandler
 .text.HAL_I2C_MasterTxCpltCallback
                0x0000000008003620       0x14 ./Drivers/STM32F4xx_HAL_Driver/Src/stm32f4xx_hal_i2c.o
                0x0000000008003620                HAL_I2C_MasterTxCpltCallback
 .text.HAL_I2C_MasterRxCpltCallback
                0x0000000008003634       0x14 ./Drivers/STM32F4xx_HAL_Driver/Src/stm32f4xx_hal_i2c.o
                0x0000000008003634                HAL_I2C_MasterRxCpltCallback
 .text.HAL_I2C_SlaveTxCpltCallback
                0x0000000008003648       0x14 ./Drivers/STM32F4xx_HAL_Driver/Src/stm32f4xx_hal_i2c.o
                0x0000000008003648                HAL_I2C_SlaveTxCpltCallback
 .text.HAL_I2C_SlaveRxCpltCallback
                0x000000000800365c       0x14 ./Drivers/STM32F4xx_HAL_Driver/Src/stm32f4xx_hal_i2c.o
                0x000000000800365c                HAL_I2C_SlaveRxCpltCallback
 .text.HAL_I2C_AddrCallback
                0x0000000008003670       0x1c ./Drivers/STM32F4xx_HAL_Driver/Src/stm32f4xx_hal_i2c.o
                0x0000000008003670                HAL_I2C_AddrCallback
 .text.HAL_I2C_ListenCpltCallback
                0x000000000800368c       0x14 ./Drivers/STM32F4xx_HAL_Driver/Src/stm32f4xx_hal_i2c.o
                0x000000000800368c                HAL_I2C_ListenCpltCallback
 .text.HAL_I2C_MemTxCpltCallback
                0x00000000080036a0       0x14 ./Drivers/STM32F4xx_HAL_Driver/Src/stm32f4xx_hal_i2c.o
                0x00000000080036a0                HAL_I2C_MemTxCpltCallback
 .text.HAL_I2C_MemRxCpltCallback
                0x00000000080036b4       0x14 ./Drivers/STM32F4xx_HAL_Driver/Src/stm32f4xx_hal_i2c.o
                0x00000000080036b4                HAL_I2C_MemRxCpltCallback
 .text.HAL_I2C_ErrorCallback
                0x00000000080036c8       0x14 ./Drivers/STM32F4xx_HAL_Driver/Src/stm32f4xx_hal_i2c.o
                0x00000000080036c8                HAL_I2C_ErrorCallback
 .text.HAL_I2C_AbortCpltCallback
                0x00000000080036dc       0x14 ./Drivers/STM32F4xx_HAL_Driver/Src/stm32f4xx_hal_i2c.o
                0x00000000080036dc                HAL_I2C_AbortCpltCallback
 .text.I2C_MasterTransmit_TXE
                0x00000000080036f0      0x138 ./Drivers/STM32F4xx_HAL_Driver/Src/stm32f4xx_hal_i2c.o
 .text.I2C_MasterTransmit_BTF
                0x0000000008003828       0xec ./Drivers/STM32F4xx_HAL_Driver/Src/stm32f4xx_hal_i2c.o
 .text.I2C_MemoryTransmit_TXE_BTF
                0x0000000008003914      0x128 ./Drivers/STM32F4xx_HAL_Driver/Src/stm32f4xx_hal_i2c.o
 .text.I2C_MasterReceive_RXNE
                0x0000000008003a3c      0x176 ./Drivers/STM32F4xx_HAL_Driver/Src/stm32f4xx_hal_i2c.o
 .text.I2C_MasterReceive_BTF
                0x0000000008003bb2      0x1d4 ./Drivers/STM32F4xx_HAL_Driver/Src/stm32f4xx_hal_i2c.o
 .text.I2C_Master_SB
                0x0000000008003d86      0x10c ./Drivers/STM32F4xx_HAL_Driver/Src/stm32f4xx_hal_i2c.o
 .text.I2C_Master_ADD10
                0x0000000008003e92       0x54 ./Drivers/STM32F4xx_HAL_Driver/Src/stm32f4xx_hal_i2c.o
 .text.I2C_Master_ADDR
                0x0000000008003ee6      0x322 ./Drivers/STM32F4xx_HAL_Driver/Src/stm32f4xx_hal_i2c.o
 .text.I2C_SlaveTransmit_TXE
                0x0000000008004208       0x7a ./Drivers/STM32F4xx_HAL_Driver/Src/stm32f4xx_hal_i2c.o
 .text.I2C_SlaveTransmit_BTF
                0x0000000008004282       0x42 ./Drivers/STM32F4xx_HAL_Driver/Src/stm32f4xx_hal_i2c.o
 .text.I2C_SlaveReceive_RXNE
                0x00000000080042c4       0x7c ./Drivers/STM32F4xx_HAL_Driver/Src/stm32f4xx_hal_i2c.o
 .text.I2C_SlaveReceive_BTF
                0x0000000008004340       0x44 ./Drivers/STM32F4xx_HAL_Driver/Src/stm32f4xx_hal_i2c.o
 .text.I2C_Slave_ADDR
                0x0000000008004384       0x94 ./Drivers/STM32F4xx_HAL_Driver/Src/stm32f4xx_hal_i2c.o
 .text.I2C_Slave_STOPF
                0x0000000008004418      0x260 ./Drivers/STM32F4xx_HAL_Driver/Src/stm32f4xx_hal_i2c.o
 .text.I2C_Slave_AF
                0x0000000008004678       0xe0 ./Drivers/STM32F4xx_HAL_Driver/Src/stm32f4xx_hal_i2c.o
 .text.I2C_ITError
                0x0000000008004758      0x264 ./Drivers/STM32F4xx_HAL_Driver/Src/stm32f4xx_hal_i2c.o
 .text.I2C_MasterRequestWrite
                0x00000000080049bc      0x104 ./Drivers/STM32F4xx_HAL_Driver/Src/stm32f4xx_hal_i2c.o
 .text.I2C_MasterRequestRead
                0x0000000008004ac0      0x19c ./Drivers/STM32F4xx_HAL_Driver/Src/stm32f4xx_hal_i2c.o
 .text.I2C_DMAAbort
                0x0000000008004c5c      0x150 ./Drivers/STM32F4xx_HAL_Driver/Src/stm32f4xx_hal_i2c.o
 .text.I2C_WaitOnFlagUntilTimeout
                0x0000000008004dac       0xae ./Drivers/STM32F4xx_HAL_Driver/Src/stm32f4xx_hal_i2c.o
 .text.I2C_WaitOnMasterAddressFlagUntilTimeout
                0x0000000008004e5a       0xfe ./Drivers/STM32F4xx_HAL_Driver/Src/stm32f4xx_hal_i2c.o
 .text.I2C_WaitOnTXEFlagUntilTimeout
                0x0000000008004f58       0x82 ./Drivers/STM32F4xx_HAL_Driver/Src/stm32f4xx_hal_i2c.o
 .text.I2C_WaitOnBTFFlagUntilTimeout
                0x0000000008004fda       0x82 ./Drivers/STM32F4xx_HAL_Driver/Src/stm32f4xx_hal_i2c.o
 .text.I2C_WaitOnSTOPRequestThroughIT
                0x000000000800505c       0x64 ./Drivers/STM32F4xx_HAL_Driver/Src/stm32f4xx_hal_i2c.o
 .text.I2C_WaitOnRXNEFlagUntilTimeout
                0x00000000080050c0       0xac ./Drivers/STM32F4xx_HAL_Driver/Src/stm32f4xx_hal_i2c.o
 .text.I2C_IsAcknowledgeFailed
                0x000000000800516c       0x5e ./Drivers/STM32F4xx_HAL_Driver/Src/stm32f4xx_hal_i2c.o
 .text.I2C_ConvertOtherXferOptions
                0x00000000080051ca       0x36 ./Drivers/STM32F4xx_HAL_Driver/Src/stm32f4xx_hal_i2c.o
 .text.HAL_RCC_OscConfig
                0x0000000008005200      0x4f0 ./Drivers/STM32F4xx_HAL_Driver/Src/stm32f4xx_hal_rcc.o
                0x0000000008005200                HAL_RCC_OscConfig
 .text.HAL_RCC_ClockConfig
                0x00000000080056f0      0x1cc ./Drivers/STM32F4xx_HAL_Driver/Src/stm32f4xx_hal_rcc.o
                0x00000000080056f0                HAL_RCC_ClockConfig
 .text.HAL_RCC_GetSysClockFreq
                0x00000000080058bc      0x20c ./Drivers/STM32F4xx_HAL_Driver/Src/stm32f4xx_hal_rcc.o
                0x00000000080058bc                HAL_RCC_GetSysClockFreq
 .text.HAL_RCC_GetHCLKFreq
                0x0000000008005ac8       0x18 ./Drivers/STM32F4xx_HAL_Driver/Src/stm32f4xx_hal_rcc.o
                0x0000000008005ac8                HAL_RCC_GetHCLKFreq
 .text.HAL_RCC_GetPCLK1Freq
                0x0000000008005ae0       0x28 ./Drivers/STM32F4xx_HAL_Driver/Src/stm32f4xx_hal_rcc.o
                0x0000000008005ae0                HAL_RCC_GetPCLK1Freq
 .text.HAL_RCC_GetPCLK2Freq
                0x0000000008005b08       0x28 ./Drivers/STM32F4xx_HAL_Driver/Src/stm32f4xx_hal_rcc.o
                0x0000000008005b08                HAL_RCC_GetPCLK2Freq
 .text.HAL_TIM_Base_Init
                0x0000000008005b30       0xb8 ./Drivers/STM32F4xx_HAL_Driver/Src/stm32f4xx_hal_tim.o
                0x0000000008005b30                HAL_TIM_Base_Init
 .text.HAL_TIM_Base_Start_IT
                0x0000000008005be8       0xc4 ./Drivers/STM32F4xx_HAL_Driver/Src/stm32f4xx_hal_tim.o
                0x0000000008005be8                HAL_TIM_Base_Start_IT
 .text.HAL_TIM_OC_Init
                0x0000000008005cac       0xb8 ./Drivers/STM32F4xx_HAL_Driver/Src/stm32f4xx_hal_tim.o
                0x0000000008005cac                HAL_TIM_OC_Init
 .text.HAL_TIM_OC_MspInit
                0x0000000008005d64       0x14 ./Drivers/STM32F4xx_HAL_Driver/Src/stm32f4xx_hal_tim.o
                0x0000000008005d64                HAL_TIM_OC_MspInit
 .text.HAL_TIM_OnePulse_Init
                0x0000000008005d78       0xbc ./Drivers/STM32F4xx_HAL_Driver/Src/stm32f4xx_hal_tim.o
                0x0000000008005d78                HAL_TIM_OnePulse_Init
 .text.HAL_TIM_OnePulse_MspInit
                0x0000000008005e34       0x14 ./Drivers/STM32F4xx_HAL_Driver/Src/stm32f4xx_hal_tim.o
                0x0000000008005e34                HAL_TIM_OnePulse_MspInit
 .text.HAL_TIM_OnePulse_Start_IT
                0x0000000008005e48       0xcc ./Drivers/STM32F4xx_HAL_Driver/Src/stm32f4xx_hal_tim.o
                0x0000000008005e48                HAL_TIM_OnePulse_Start_IT
 .text.HAL_TIM_IRQHandler
                0x0000000008005f14      0x250 ./Drivers/STM32F4xx_HAL_Driver/Src/stm32f4xx_hal_tim.o
                0x0000000008005f14                HAL_TIM_IRQHandler
 .text.HAL_TIM_OC_ConfigChannel
                0x0000000008006164       0xb8 ./Drivers/STM32F4xx_HAL_Driver/Src/stm32f4xx_hal_tim.o
                0x0000000008006164                HAL_TIM_OC_ConfigChannel
 .text.HAL_TIM_PeriodElapsedCallback
                0x000000000800621c       0x14 ./Drivers/STM32F4xx_HAL_Driver/Src/stm32f4xx_hal_tim.o
                0x000000000800621c                HAL_TIM_PeriodElapsedCallback
 .text.HAL_TIM_PeriodElapsedHalfCpltCallback
                0x0000000008006230       0x14 ./Drivers/STM32F4xx_HAL_Driver/Src/stm32f4xx_hal_tim.o
                0x0000000008006230                HAL_TIM_PeriodElapsedHalfCpltCallback
 .text.HAL_TIM_OC_DelayElapsedCallback
                0x0000000008006244       0x14 ./Drivers/STM32F4xx_HAL_Driver/Src/stm32f4xx_hal_tim.o
                0x0000000008006244                HAL_TIM_OC_DelayElapsedCallback
 .text.HAL_TIM_IC_CaptureCallback
                0x0000000008006258       0x14 ./Drivers/STM32F4xx_HAL_Driver/Src/stm32f4xx_hal_tim.o
                0x0000000008006258                HAL_TIM_IC_CaptureCallback
 .text.HAL_TIM_IC_CaptureHalfCpltCallback
                0x000000000800626c       0x14 ./Drivers/STM32F4xx_HAL_Driver/Src/stm32f4xx_hal_tim.o
                0x000000000800626c                HAL_TIM_IC_CaptureHalfCpltCallback
 .text.HAL_TIM_PWM_PulseFinishedCallback
                0x0000000008006280       0x14 ./Drivers/STM32F4xx_HAL_Driver/Src/stm32f4xx_hal_tim.o
                0x0000000008006280                HAL_TIM_PWM_PulseFinishedCallback
 .text.HAL_TIM_PWM_PulseFinishedHalfCpltCallback
                0x0000000008006294       0x14 ./Drivers/STM32F4xx_HAL_Driver/Src/stm32f4xx_hal_tim.o
                0x0000000008006294                HAL_TIM_PWM_PulseFinishedHalfCpltCallback
 .text.HAL_TIM_TriggerCallback
                0x00000000080062a8       0x14 ./Drivers/STM32F4xx_HAL_Driver/Src/stm32f4xx_hal_tim.o
                0x00000000080062a8                HAL_TIM_TriggerCallback
 .text.HAL_TIM_TriggerHalfCpltCallback
                0x00000000080062bc       0x14 ./Drivers/STM32F4xx_HAL_Driver/Src/stm32f4xx_hal_tim.o
                0x00000000080062bc                HAL_TIM_TriggerHalfCpltCallback
 .text.HAL_TIM_ErrorCallback
                0x00000000080062d0       0x14 ./Drivers/STM32F4xx_HAL_Driver/Src/stm32f4xx_hal_tim.o
                0x00000000080062d0                HAL_TIM_ErrorCallback
 .text.HAL_TIM_RegisterCallback
                0x00000000080062e4      0x294 ./Drivers/STM32F4xx_HAL_Driver/Src/stm32f4xx_hal_tim.o
                0x00000000080062e4                HAL_TIM_RegisterCallback
 .text.TIM_Base_SetConfig
                0x0000000008006578      0x100 ./Drivers/STM32F4xx_HAL_Driver/Src/stm32f4xx_hal_tim.o
                0x0000000008006578                TIM_Base_SetConfig
 .text.TIM_OC1_SetConfig
                0x0000000008006678       0xcc ./Drivers/STM32F4xx_HAL_Driver/Src/stm32f4xx_hal_tim.o
 .text.TIM_OC2_SetConfig
                0x0000000008006744       0xd8 ./Drivers/STM32F4xx_HAL_Driver/Src/stm32f4xx_hal_tim.o
                0x0000000008006744                TIM_OC2_SetConfig
 .text.TIM_OC3_SetConfig
                0x000000000800681c       0xd4 ./Drivers/STM32F4xx_HAL_Driver/Src/stm32f4xx_hal_tim.o
 .text.TIM_OC4_SetConfig
                0x00000000080068f0       0xa0 ./Drivers/STM32F4xx_HAL_Driver/Src/stm32f4xx_hal_tim.o
 .text.TIM_CCxChannelCmd
                0x0000000008006990       0x4a ./Drivers/STM32F4xx_HAL_Driver/Src/stm32f4xx_hal_tim.o
                0x0000000008006990                TIM_CCxChannelCmd
 *fill*         0x00000000080069da        0x2 
 .text.TIM_ResetCallback
                0x00000000080069dc       0xb0 ./Drivers/STM32F4xx_HAL_Driver/Src/stm32f4xx_hal_tim.o
                0x00000000080069dc                TIM_ResetCallback
 .text.HAL_TIMEx_CommutCallback
                0x0000000008006a8c       0x14 ./Drivers/STM32F4xx_HAL_Driver/Src/stm32f4xx_hal_tim_ex.o
                0x0000000008006a8c                HAL_TIMEx_CommutCallback
 .text.HAL_TIMEx_CommutHalfCpltCallback
                0x0000000008006aa0       0x14 ./Drivers/STM32F4xx_HAL_Driver/Src/stm32f4xx_hal_tim_ex.o
                0x0000000008006aa0                HAL_TIMEx_CommutHalfCpltCallback
 .text.HAL_TIMEx_BreakCallback
                0x0000000008006ab4       0x14 ./Drivers/STM32F4xx_HAL_Driver/Src/stm32f4xx_hal_tim_ex.o
                0x0000000008006ab4                HAL_TIMEx_BreakCallback
 .text.HAL_UART_Init
                0x0000000008006ac8       0xb4 ./Drivers/STM32F4xx_HAL_Driver/Src/stm32f4xx_hal_uart.o
                0x0000000008006ac8                HAL_UART_Init
 .text.HAL_UART_RegisterCallback
                0x0000000008006b7c      0x150 ./Drivers/STM32F4xx_HAL_Driver/Src/stm32f4xx_hal_uart.o
                0x0000000008006b7c                HAL_UART_RegisterCallback
 .text.HAL_UART_Receive_IT
                0x0000000008006ccc       0x60 ./Drivers/STM32F4xx_HAL_Driver/Src/stm32f4xx_hal_uart.o
                0x0000000008006ccc                HAL_UART_Receive_IT
 .text.HAL_UART_Transmit_DMA
                0x0000000008006d2c       0xfc ./Drivers/STM32F4xx_HAL_Driver/Src/stm32f4xx_hal_uart.o
                0x0000000008006d2c                HAL_UART_Transmit_DMA
 .text.HAL_UART_AbortReceive
                0x0000000008006e28      0x146 ./Drivers/STM32F4xx_HAL_Driver/Src/stm32f4xx_hal_uart.o
                0x0000000008006e28                HAL_UART_AbortReceive
 *fill*         0x0000000008006f6e        0x2 
 .text.HAL_UART_IRQHandler
                0x0000000008006f70      0x524 ./Drivers/STM32F4xx_HAL_Driver/Src/stm32f4xx_hal_uart.o
                0x0000000008006f70                HAL_UART_IRQHandler
 .text.HAL_UART_TxCpltCallback
                0x0000000008007494       0x14 ./Drivers/STM32F4xx_HAL_Driver/Src/stm32f4xx_hal_uart.o
                0x0000000008007494                HAL_UART_TxCpltCallback
 .text.HAL_UART_TxHalfCpltCallback
                0x00000000080074a8       0x14 ./Drivers/STM32F4xx_HAL_Driver/Src/stm32f4xx_hal_uart.o
                0x00000000080074a8                HAL_UART_TxHalfCpltCallback
 .text.HAL_UART_RxHalfCpltCallback
                0x00000000080074bc       0x14 ./Drivers/STM32F4xx_HAL_Driver/Src/stm32f4xx_hal_uart.o
                0x00000000080074bc                HAL_UART_RxHalfCpltCallback
 .text.HAL_UART_ErrorCallback
                0x00000000080074d0       0x14 ./Drivers/STM32F4xx_HAL_Driver/Src/stm32f4xx_hal_uart.o
                0x00000000080074d0                HAL_UART_ErrorCallback
 .text.HAL_UART_AbortCpltCallback
                0x00000000080074e4       0x14 ./Drivers/STM32F4xx_HAL_Driver/Src/stm32f4xx_hal_uart.o
                0x00000000080074e4                HAL_UART_AbortCpltCallback
 .text.HAL_UART_AbortTransmitCpltCallback
                0x00000000080074f8       0x14 ./Drivers/STM32F4xx_HAL_Driver/Src/stm32f4xx_hal_uart.o
                0x00000000080074f8                HAL_UART_AbortTransmitCpltCallback
 .text.HAL_UART_AbortReceiveCpltCallback
                0x000000000800750c       0x14 ./Drivers/STM32F4xx_HAL_Driver/Src/stm32f4xx_hal_uart.o
                0x000000000800750c                HAL_UART_AbortReceiveCpltCallback
 .text.HAL_UARTEx_RxEventCallback
                0x0000000008007520       0x18 ./Drivers/STM32F4xx_HAL_Driver/Src/stm32f4xx_hal_uart.o
                0x0000000008007520                HAL_UARTEx_RxEventCallback
 .text.UART_InitCallbacksToDefault
                0x0000000008007538       0x70 ./Drivers/STM32F4xx_HAL_Driver/Src/stm32f4xx_hal_uart.o
                0x0000000008007538                UART_InitCallbacksToDefault
 .text.UART_DMATransmitCplt
                0x00000000080075a8       0x9c ./Drivers/STM32F4xx_HAL_Driver/Src/stm32f4xx_hal_uart.o
 .text.UART_DMATxHalfCplt
                0x0000000008007644       0x1e ./Drivers/STM32F4xx_HAL_Driver/Src/stm32f4xx_hal_uart.o
 .text.UART_DMAError
                0x0000000008007662       0x96 ./Drivers/STM32F4xx_HAL_Driver/Src/stm32f4xx_hal_uart.o
 .text.UART_Start_Receive_IT
                0x00000000080076f8       0x7c ./Drivers/STM32F4xx_HAL_Driver/Src/stm32f4xx_hal_uart.o
                0x00000000080076f8                UART_Start_Receive_IT
 .text.UART_EndTxTransfer
                0x0000000008007774       0x50 ./Drivers/STM32F4xx_HAL_Driver/Src/stm32f4xx_hal_uart.o
 .text.UART_EndRxTransfer
                0x00000000080077c4       0xc6 ./Drivers/STM32F4xx_HAL_Driver/Src/stm32f4xx_hal_uart.o
 .text.UART_DMAAbortOnError
                0x000000000800788a       0x2a ./Drivers/STM32F4xx_HAL_Driver/Src/stm32f4xx_hal_uart.o
 .text.UART_Transmit_IT
                0x00000000080078b4       0xa0 ./Drivers/STM32F4xx_HAL_Driver/Src/stm32f4xx_hal_uart.o
 .text.UART_EndTransmit_IT
                0x0000000008007954       0x32 ./Drivers/STM32F4xx_HAL_Driver/Src/stm32f4xx_hal_uart.o
 .text.UART_Receive_IT
                0x0000000008007986      0x17a ./Drivers/STM32F4xx_HAL_Driver/Src/stm32f4xx_hal_uart.o
 .text.UART_SetConfig
                0x0000000008007b00      0x4e8 ./Drivers/STM32F4xx_HAL_Driver/Src/stm32f4xx_hal_uart.o
 .text.__libc_init_array
                0x0000000008007fe8       0x48 c:/st/stm32cubeide_1.11.0/stm32cubeide/plugins/com.st.stm32cube.ide.mcu.externaltools.gnu-tools-for-stm32.10.3-2021.10.win32_1.0.100.202210260954/tools/bin/../lib/gcc/arm-none-eabi/10.3.1/../../../../arm-none-eabi/lib/thumb/v7e-m+fp/hard\libc_nano.a(lib_a-init.o)
                0x0000000008007fe8                __libc_init_array
 .text.memcpy   0x0000000008008030       0x1c c:/st/stm32cubeide_1.11.0/stm32cubeide/plugins/com.st.stm32cube.ide.mcu.externaltools.gnu-tools-for-stm32.10.3-2021.10.win32_1.0.100.202210260954/tools/bin/../lib/gcc/arm-none-eabi/10.3.1/../../../../arm-none-eabi/lib/thumb/v7e-m+fp/hard\libc_nano.a(lib_a-memcpy-stub.o)
                0x0000000008008030                memcpy
 .text.memset   0x000000000800804c       0x10 c:/st/stm32cubeide_1.11.0/stm32cubeide/plugins/com.st.stm32cube.ide.mcu.externaltools.gnu-tools-for-stm32.10.3-2021.10.win32_1.0.100.202210260954/tools/bin/../lib/gcc/arm-none-eabi/10.3.1/../../../../arm-none-eabi/lib/thumb/v7e-m+fp/hard\libc_nano.a(lib_a-memset.o)
                0x000000000800804c                memset
 *(.glue_7)
 .glue_7        0x000000000800805c        0x0 linker stubs
 *(.glue_7t)
 .glue_7t       0x000000000800805c        0x0 linker stubs
 *(.eh_frame)
 .eh_frame      0x000000000800805c        0x0 c:/st/stm32cubeide_1.11.0/stm32cubeide/plugins/com.st.stm32cube.ide.mcu.externaltools.gnu-tools-for-stm32.10.3-2021.10.win32_1.0.100.202210260954/tools/bin/../lib/gcc/arm-none-eabi/10.3.1/thumb/v7e-m+fp/hard/crtbegin.o
 *(.init)
 .init          0x000000000800805c        0x4 c:/st/stm32cubeide_1.11.0/stm32cubeide/plugins/com.st.stm32cube.ide.mcu.externaltools.gnu-tools-for-stm32.10.3-2021.10.win32_1.0.100.202210260954/tools/bin/../lib/gcc/arm-none-eabi/10.3.1/thumb/v7e-m+fp/hard/crti.o
                0x000000000800805c                _init
 .init          0x0000000008008060        0x8 c:/st/stm32cubeide_1.11.0/stm32cubeide/plugins/com.st.stm32cube.ide.mcu.externaltools.gnu-tools-for-stm32.10.3-2021.10.win32_1.0.100.202210260954/tools/bin/../lib/gcc/arm-none-eabi/10.3.1/thumb/v7e-m+fp/hard/crtn.o
 *(.fini)
 .fini          0x0000000008008068        0x4 c:/st/stm32cubeide_1.11.0/stm32cubeide/plugins/com.st.stm32cube.ide.mcu.externaltools.gnu-tools-for-stm32.10.3-2021.10.win32_1.0.100.202210260954/tools/bin/../lib/gcc/arm-none-eabi/10.3.1/thumb/v7e-m+fp/hard/crti.o
                0x0000000008008068                _fini
 .fini          0x000000000800806c        0x8 c:/st/stm32cubeide_1.11.0/stm32cubeide/plugins/com.st.stm32cube.ide.mcu.externaltools.gnu-tools-for-stm32.10.3-2021.10.win32_1.0.100.202210260954/tools/bin/../lib/gcc/arm-none-eabi/10.3.1/thumb/v7e-m+fp/hard/crtn.o
                0x0000000008008074                . = ALIGN (0x4)
                0x0000000008008074                _etext = .

.vfp11_veneer   0x0000000008008074        0x0
 .vfp11_veneer  0x0000000008008074        0x0 linker stubs

.v4_bx          0x0000000008008074        0x0
 .v4_bx         0x0000000008008074        0x0 linker stubs

.iplt           0x0000000008008074        0x0
 .iplt          0x0000000008008074        0x0 c:/st/stm32cubeide_1.11.0/stm32cubeide/plugins/com.st.stm32cube.ide.mcu.externaltools.gnu-tools-for-stm32.10.3-2021.10.win32_1.0.100.202210260954/tools/bin/../lib/gcc/arm-none-eabi/10.3.1/thumb/v7e-m+fp/hard/crtbegin.o

.rodata         0x0000000008008074       0x20
                0x0000000008008074                . = ALIGN (0x4)
 *(.rodata)
 *(.rodata*)
 .rodata.AHBPrescTable
                0x0000000008008074       0x10 ./Core/Src/system_stm32f4xx.o
                0x0000000008008074                AHBPrescTable
 .rodata.APBPrescTable
                0x0000000008008084        0x8 ./Core/Src/system_stm32f4xx.o
                0x0000000008008084                APBPrescTable
 .rodata.flagBitshiftOffset.0
                0x000000000800808c        0x8 ./Drivers/STM32F4xx_HAL_Driver/Src/stm32f4xx_hal_dma.o
                0x0000000008008094                . = ALIGN (0x4)

.ARM.extab      0x0000000008008094        0x0
                0x0000000008008094                . = ALIGN (0x4)
 *(.ARM.extab* .gnu.linkonce.armextab.*)
                0x0000000008008094                . = ALIGN (0x4)

.ARM            0x0000000008008094        0x8
                0x0000000008008094                . = ALIGN (0x4)
                0x0000000008008094                __exidx_start = .
 *(.ARM.exidx*)
 .ARM.exidx     0x0000000008008094        0x8 c:/st/stm32cubeide_1.11.0/stm32cubeide/plugins/com.st.stm32cube.ide.mcu.externaltools.gnu-tools-for-stm32.10.3-2021.10.win32_1.0.100.202210260954/tools/bin/../lib/gcc/arm-none-eabi/10.3.1/thumb/v7e-m+fp/hard\libgcc.a(_udivmoddi4.o)
                0x000000000800809c                __exidx_end = .
                0x000000000800809c                . = ALIGN (0x4)

.rel.dyn        0x000000000800809c        0x0
 .rel.iplt      0x000000000800809c        0x0 c:/st/stm32cubeide_1.11.0/stm32cubeide/plugins/com.st.stm32cube.ide.mcu.externaltools.gnu-tools-for-stm32.10.3-2021.10.win32_1.0.100.202210260954/tools/bin/../lib/gcc/arm-none-eabi/10.3.1/thumb/v7e-m+fp/hard/crtbegin.o

.preinit_array  0x000000000800809c        0x0
                0x000000000800809c                . = ALIGN (0x4)
                0x000000000800809c                PROVIDE (__preinit_array_start = .)
 *(.preinit_array*)
                0x000000000800809c                PROVIDE (__preinit_array_end = .)
                0x000000000800809c                . = ALIGN (0x4)

.init_array     0x000000000800809c        0x4
                0x000000000800809c                . = ALIGN (0x4)
                0x000000000800809c                PROVIDE (__init_array_start = .)
 *(SORT_BY_NAME(.init_array.*))
 *(.init_array*)
 .init_array    0x000000000800809c        0x4 c:/st/stm32cubeide_1.11.0/stm32cubeide/plugins/com.st.stm32cube.ide.mcu.externaltools.gnu-tools-for-stm32.10.3-2021.10.win32_1.0.100.202210260954/tools/bin/../lib/gcc/arm-none-eabi/10.3.1/thumb/v7e-m+fp/hard/crtbegin.o
                0x00000000080080a0                PROVIDE (__init_array_end = .)
                0x00000000080080a0                . = ALIGN (0x4)

.fini_array     0x00000000080080a0        0x4
                0x00000000080080a0                . = ALIGN (0x4)
                [!provide]                        PROVIDE (__fini_array_start = .)
 *(SORT_BY_NAME(.fini_array.*))
 *(.fini_array*)
 .fini_array    0x00000000080080a0        0x4 c:/st/stm32cubeide_1.11.0/stm32cubeide/plugins/com.st.stm32cube.ide.mcu.externaltools.gnu-tools-for-stm32.10.3-2021.10.win32_1.0.100.202210260954/tools/bin/../lib/gcc/arm-none-eabi/10.3.1/thumb/v7e-m+fp/hard/crtbegin.o
                [!provide]                        PROVIDE (__fini_array_end = .)
                0x00000000080080a4                . = ALIGN (0x4)
                0x00000000080080a4                _sidata = LOADADDR (.data)

.data           0x0000000020000000      0x228 load address 0x00000000080080a4
                0x0000000020000000                . = ALIGN (0x4)
                0x0000000020000000                _sdata = .
 *(.data)
 *(.data*)
 .data.data.10  0x0000000020000000        0x4 ./Core/Src/I2C_EndEffector.o
 .data.data.7   0x0000000020000004        0x2 ./Core/Src/I2C_EndEffector.o
 *fill*         0x0000000020000006        0x2 
 .data.data.6   0x0000000020000008        0x2 ./Core/Src/I2C_EndEffector.o
 *fill*         0x000000002000000a        0x2 
 .data.data.5   0x000000002000000c        0x2 ./Core/Src/I2C_EndEffector.o
 *fill*         0x000000002000000e        0x2 
 .data.data.4   0x0000000020000010        0x2 ./Core/Src/I2C_EndEffector.o
 *fill*         0x0000000020000012        0x2 
 .data.data.3   0x0000000020000014        0x2 ./Core/Src/I2C_EndEffector.o
 *fill*         0x0000000020000016        0x2 
 .data.data.2   0x0000000020000018        0x2 ./Core/Src/I2C_EndEffector.o
 *fill*         0x000000002000001a        0x2 
 .data.auchCRCLo
                0x000000002000001c      0x100 ./Core/Src/ModBusRTU.o
 .data.auchCRCHi
                0x000000002000011c      0x100 ./Core/Src/ModBusRTU.o
 .data.SystemCoreClock
                0x000000002000021c        0x4 ./Core/Src/system_stm32f4xx.o
                0x000000002000021c                SystemCoreClock
 .data.uwTickPrio
                0x0000000020000220        0x4 ./Drivers/STM32F4xx_HAL_Driver/Src/stm32f4xx_hal.o
                0x0000000020000220                uwTickPrio
 .data.uwTickFreq
                0x0000000020000224        0x1 ./Drivers/STM32F4xx_HAL_Driver/Src/stm32f4xx_hal.o
                0x0000000020000224                uwTickFreq
 *(.RamFunc)
 *(.RamFunc*)
                0x0000000020000228                . = ALIGN (0x4)
 *fill*         0x0000000020000225        0x3 
                0x0000000020000228                _edata = .

.igot.plt       0x0000000020000228        0x0 load address 0x00000000080082cc
 .igot.plt      0x0000000020000228        0x0 c:/st/stm32cubeide_1.11.0/stm32cubeide/plugins/com.st.stm32cube.ide.mcu.externaltools.gnu-tools-for-stm32.10.3-2021.10.win32_1.0.100.202210260954/tools/bin/../lib/gcc/arm-none-eabi/10.3.1/thumb/v7e-m+fp/hard/crtbegin.o
                0x0000000020000228                . = ALIGN (0x4)

.bss            0x0000000020000228      0x954 load address 0x00000000080082cc
                0x0000000020000228                _sbss = .
                0x0000000020000228                __bss_start__ = _sbss
 *(.bss)
 .bss           0x0000000020000228       0x1c c:/st/stm32cubeide_1.11.0/stm32cubeide/plugins/com.st.stm32cube.ide.mcu.externaltools.gnu-tools-for-stm32.10.3-2021.10.win32_1.0.100.202210260954/tools/bin/../lib/gcc/arm-none-eabi/10.3.1/thumb/v7e-m+fp/hard/crtbegin.o
 *(.bss*)
 .bss.timestamp
                0x0000000020000244        0x4 ./Core/Src/I2C_EndEffector.o
                0x0000000020000244                timestamp
 .bss.complete  0x0000000020000248        0x4 ./Core/Src/I2C_EndEffector.o
                0x0000000020000248                complete
 .bss.END_EFFECTOR_STATE.1
                0x000000002000024c        0x1 ./Core/Src/I2C_EndEffector.o
 *fill*         0x000000002000024d        0x3 
 .bss.picked.0  0x0000000020000250        0x4 ./Core/Src/I2C_EndEffector.o
 .bss.hModbus   0x0000000020000254        0x4 ./Core/Src/ModBusRTU.o
                0x0000000020000254                hModbus
 .bss.hi2c1     0x0000000020000258       0x54 ./Core/Src/i2c.o
                0x0000000020000258                hi2c1
 .bss.hmodbus   0x00000000200002ac      0x4d8 ./Core/Src/main.o
                0x00000000200002ac                hmodbus
 .bss.registerFrame
                0x0000000020000784      0x190 ./Core/Src/main.o
                0x0000000020000784                registerFrame
 .bss.reset     0x0000000020000914        0x4 ./Core/Src/main.o
                0x0000000020000914                reset
 .bss.start     0x0000000020000918        0x4 ./Core/Src/main.o
                0x0000000020000918                start
 .bss.pick      0x000000002000091c        0x4 ./Core/Src/main.o
                0x000000002000091c                pick
 .bss.place     0x0000000020000920        0x4 ./Core/Src/main.o
                0x0000000020000920                place
 .bss.stop      0x0000000020000924        0x4 ./Core/Src/main.o
                0x0000000020000924                stop
 .bss.test      0x0000000020000928        0x4 ./Core/Src/main.o
                0x0000000020000928                test
 .bss.stoptest  0x000000002000092c        0x4 ./Core/Src/main.o
                0x000000002000092c                stoptest
 .bss.RecieveData
                0x0000000020000930        0x1 ./Core/Src/main.o
                0x0000000020000930                RecieveData
 *fill*         0x0000000020000931        0x3 
 .bss.RxBuffer  0x0000000020000934        0x5 ./Core/Src/main.o
                0x0000000020000934                RxBuffer
 *fill*         0x0000000020000939        0x3 
 .bss.receivedByte
                0x000000002000093c       0x14 ./Core/Src/main.o
                0x000000002000093c                receivedByte
 .bss.SetTrayPos
                0x0000000020000950        0x4 ./Core/Src/main.o
                0x0000000020000950                SetTrayPos
 .bss.PosData   0x0000000020000954       0x20 ./Core/Src/main.o
                0x0000000020000954                PosData
 .bss.timestamp.1
                0x0000000020000974        0x4 ./Core/Src/main.o
 .bss.point.0   0x0000000020000978        0x4 ./Core/Src/main.o
 .bss.htim11    0x000000002000097c       0xb4 ./Core/Src/tim.o
                0x000000002000097c                htim11
 .bss.huart1    0x0000000020000a30       0x74 ./Core/Src/usart.o
                0x0000000020000a30                huart1
 .bss.huart2    0x0000000020000aa4       0x74 ./Core/Src/usart.o
                0x0000000020000aa4                huart2
 .bss.hdma_usart2_tx
                0x0000000020000b18       0x60 ./Core/Src/usart.o
                0x0000000020000b18                hdma_usart2_tx
 .bss.uwTick    0x0000000020000b78        0x4 ./Drivers/STM32F4xx_HAL_Driver/Src/stm32f4xx_hal.o
                0x0000000020000b78                uwTick
 *(COMMON)
                0x0000000020000b7c                . = ALIGN (0x4)
                0x0000000020000b7c                _ebss = .
                0x0000000020000b7c                __bss_end__ = _ebss

._user_heap_stack
                0x0000000020000b7c      0x604 load address 0x00000000080082cc
                0x0000000020000b80                . = ALIGN (0x8)
 *fill*         0x0000000020000b7c        0x4 
                [!provide]                        PROVIDE (end = .)
                0x0000000020000b80                PROVIDE (_end = .)
                0x0000000020000d80                . = (. + _Min_Heap_Size)
 *fill*         0x0000000020000b80      0x200 
                0x0000000020001180                . = (. + _Min_Stack_Size)
 *fill*         0x0000000020000d80      0x400 
                0x0000000020001180                . = ALIGN (0x8)

/DISCARD/
 libc.a(*)
 libm.a(*)
 libgcc.a(*)

.ARM.attributes
                0x0000000000000000       0x30
 *(.ARM.attributes)
 .ARM.attributes
                0x0000000000000000       0x1e c:/st/stm32cubeide_1.11.0/stm32cubeide/plugins/com.st.stm32cube.ide.mcu.externaltools.gnu-tools-for-stm32.10.3-2021.10.win32_1.0.100.202210260954/tools/bin/../lib/gcc/arm-none-eabi/10.3.1/thumb/v7e-m+fp/hard/crti.o
 .ARM.attributes
                0x000000000000001e       0x34 c:/st/stm32cubeide_1.11.0/stm32cubeide/plugins/com.st.stm32cube.ide.mcu.externaltools.gnu-tools-for-stm32.10.3-2021.10.win32_1.0.100.202210260954/tools/bin/../lib/gcc/arm-none-eabi/10.3.1/thumb/v7e-m+fp/hard/crtbegin.o
 .ARM.attributes
                0x0000000000000052       0x34 ./Core/Src/I2C_EndEffector.o
 .ARM.attributes
                0x0000000000000086       0x34 ./Core/Src/ModBusRTU.o
 .ARM.attributes
                0x00000000000000ba       0x34 ./Core/Src/dma.o
 .ARM.attributes
                0x00000000000000ee       0x34 ./Core/Src/gpio.o
 .ARM.attributes
                0x0000000000000122       0x34 ./Core/Src/i2c.o
 .ARM.attributes
                0x0000000000000156       0x34 ./Core/Src/main.o
 .ARM.attributes
                0x000000000000018a       0x34 ./Core/Src/stm32f4xx_hal_msp.o
 .ARM.attributes
                0x00000000000001be       0x34 ./Core/Src/stm32f4xx_it.o
 .ARM.attributes
                0x00000000000001f2       0x34 ./Core/Src/system_stm32f4xx.o
 .ARM.attributes
                0x0000000000000226       0x34 ./Core/Src/tim.o
 .ARM.attributes
                0x000000000000025a       0x34 ./Core/Src/usart.o
 .ARM.attributes
                0x000000000000028e       0x21 ./Core/Startup/startup_stm32f411retx.o
 .ARM.attributes
                0x00000000000002af       0x34 ./Drivers/STM32F4xx_HAL_Driver/Src/stm32f4xx_hal.o
 .ARM.attributes
                0x00000000000002e3       0x34 ./Drivers/STM32F4xx_HAL_Driver/Src/stm32f4xx_hal_cortex.o
 .ARM.attributes
                0x0000000000000317       0x34 ./Drivers/STM32F4xx_HAL_Driver/Src/stm32f4xx_hal_dma.o
 .ARM.attributes
                0x000000000000034b       0x34 ./Drivers/STM32F4xx_HAL_Driver/Src/stm32f4xx_hal_gpio.o
 .ARM.attributes
                0x000000000000037f       0x34 ./Drivers/STM32F4xx_HAL_Driver/Src/stm32f4xx_hal_i2c.o
 .ARM.attributes
                0x00000000000003b3       0x34 ./Drivers/STM32F4xx_HAL_Driver/Src/stm32f4xx_hal_rcc.o
 .ARM.attributes
                0x00000000000003e7       0x34 ./Drivers/STM32F4xx_HAL_Driver/Src/stm32f4xx_hal_tim.o
 .ARM.attributes
                0x000000000000041b       0x34 ./Drivers/STM32F4xx_HAL_Driver/Src/stm32f4xx_hal_tim_ex.o
 .ARM.attributes
                0x000000000000044f       0x34 ./Drivers/STM32F4xx_HAL_Driver/Src/stm32f4xx_hal_uart.o
 .ARM.attributes
                0x0000000000000483       0x34 c:/st/stm32cubeide_1.11.0/stm32cubeide/plugins/com.st.stm32cube.ide.mcu.externaltools.gnu-tools-for-stm32.10.3-2021.10.win32_1.0.100.202210260954/tools/bin/../lib/gcc/arm-none-eabi/10.3.1/../../../../arm-none-eabi/lib/thumb/v7e-m+fp/hard\libc_nano.a(lib_a-init.o)
 .ARM.attributes
                0x00000000000004b7       0x34 c:/st/stm32cubeide_1.11.0/stm32cubeide/plugins/com.st.stm32cube.ide.mcu.externaltools.gnu-tools-for-stm32.10.3-2021.10.win32_1.0.100.202210260954/tools/bin/../lib/gcc/arm-none-eabi/10.3.1/../../../../arm-none-eabi/lib/thumb/v7e-m+fp/hard\libc_nano.a(lib_a-memcpy-stub.o)
 .ARM.attributes
                0x00000000000004eb       0x34 c:/st/stm32cubeide_1.11.0/stm32cubeide/plugins/com.st.stm32cube.ide.mcu.externaltools.gnu-tools-for-stm32.10.3-2021.10.win32_1.0.100.202210260954/tools/bin/../lib/gcc/arm-none-eabi/10.3.1/../../../../arm-none-eabi/lib/thumb/v7e-m+fp/hard\libc_nano.a(lib_a-memset.o)
 .ARM.attributes
                0x000000000000051f       0x1e c:/st/stm32cubeide_1.11.0/stm32cubeide/plugins/com.st.stm32cube.ide.mcu.externaltools.gnu-tools-for-stm32.10.3-2021.10.win32_1.0.100.202210260954/tools/bin/../lib/gcc/arm-none-eabi/10.3.1/thumb/v7e-m+fp/hard\libgcc.a(_aeabi_uldivmod.o)
 .ARM.attributes
                0x000000000000053d       0x34 c:/st/stm32cubeide_1.11.0/stm32cubeide/plugins/com.st.stm32cube.ide.mcu.externaltools.gnu-tools-for-stm32.10.3-2021.10.win32_1.0.100.202210260954/tools/bin/../lib/gcc/arm-none-eabi/10.3.1/thumb/v7e-m+fp/hard\libgcc.a(_udivmoddi4.o)
 .ARM.attributes
                0x0000000000000571       0x1e c:/st/stm32cubeide_1.11.0/stm32cubeide/plugins/com.st.stm32cube.ide.mcu.externaltools.gnu-tools-for-stm32.10.3-2021.10.win32_1.0.100.202210260954/tools/bin/../lib/gcc/arm-none-eabi/10.3.1/thumb/v7e-m+fp/hard\libgcc.a(_dvmd_tls.o)
 .ARM.attributes
                0x000000000000058f       0x1e c:/st/stm32cubeide_1.11.0/stm32cubeide/plugins/com.st.stm32cube.ide.mcu.externaltools.gnu-tools-for-stm32.10.3-2021.10.win32_1.0.100.202210260954/tools/bin/../lib/gcc/arm-none-eabi/10.3.1/thumb/v7e-m+fp/hard/crtn.o
OUTPUT(BASE_SYSTEM.elf elf32-littlearm)
LOAD linker stubs
LOAD c:/st/stm32cubeide_1.11.0/stm32cubeide/plugins/com.st.stm32cube.ide.mcu.externaltools.gnu-tools-for-stm32.10.3-2021.10.win32_1.0.100.202210260954/tools/bin/../lib/gcc/arm-none-eabi/10.3.1/../../../../arm-none-eabi/lib/thumb/v7e-m+fp/hard\libc.a
LOAD c:/st/stm32cubeide_1.11.0/stm32cubeide/plugins/com.st.stm32cube.ide.mcu.externaltools.gnu-tools-for-stm32.10.3-2021.10.win32_1.0.100.202210260954/tools/bin/../lib/gcc/arm-none-eabi/10.3.1/../../../../arm-none-eabi/lib/thumb/v7e-m+fp/hard\libm.a
LOAD c:/st/stm32cubeide_1.11.0/stm32cubeide/plugins/com.st.stm32cube.ide.mcu.externaltools.gnu-tools-for-stm32.10.3-2021.10.win32_1.0.100.202210260954/tools/bin/../lib/gcc/arm-none-eabi/10.3.1/thumb/v7e-m+fp/hard\libgcc.a

.debug_info     0x0000000000000000    0x14e66
 .debug_info    0x0000000000000000      0x94b ./Core/Src/I2C_EndEffector.o
 .debug_info    0x000000000000094b     0x12b0 ./Core/Src/ModBusRTU.o
 .debug_info    0x0000000000001bfb      0x488 ./Core/Src/dma.o
 .debug_info    0x0000000000002083      0x49d ./Core/Src/gpio.o
 .debug_info    0x0000000000002520      0xc24 ./Core/Src/i2c.o
 .debug_info    0x0000000000003144     0x18ae ./Core/Src/main.o
 .debug_info    0x00000000000049f2      0x2e7 ./Core/Src/stm32f4xx_hal_msp.o
 .debug_info    0x0000000000004cd9      0xf97 ./Core/Src/stm32f4xx_it.o
 .debug_info    0x0000000000005c70      0x54f ./Core/Src/system_stm32f4xx.o
 .debug_info    0x00000000000061bf      0xd81 ./Core/Src/tim.o
 .debug_info    0x0000000000006f40      0xd17 ./Core/Src/usart.o
 .debug_info    0x0000000000007c57       0x22 ./Core/Startup/startup_stm32f411retx.o
 .debug_info    0x0000000000007c79      0x90d ./Drivers/STM32F4xx_HAL_Driver/Src/stm32f4xx_hal.o
 .debug_info    0x0000000000008586      0xd8b ./Drivers/STM32F4xx_HAL_Driver/Src/stm32f4xx_hal_cortex.o
 .debug_info    0x0000000000009311      0x947 ./Drivers/STM32F4xx_HAL_Driver/Src/stm32f4xx_hal_dma.o
 .debug_info    0x0000000000009c58      0x78e ./Drivers/STM32F4xx_HAL_Driver/Src/stm32f4xx_hal_gpio.o
 .debug_info    0x000000000000a3e6     0x260f ./Drivers/STM32F4xx_HAL_Driver/Src/stm32f4xx_hal_i2c.o
 .debug_info    0x000000000000c9f5      0x98d ./Drivers/STM32F4xx_HAL_Driver/Src/stm32f4xx_hal_rcc.o
 .debug_info    0x000000000000d382     0x2f2f ./Drivers/STM32F4xx_HAL_Driver/Src/stm32f4xx_hal_tim.o
 .debug_info    0x00000000000102b1     0x175a ./Drivers/STM32F4xx_HAL_Driver/Src/stm32f4xx_hal_tim_ex.o
 .debug_info    0x0000000000011a0b     0x345b ./Drivers/STM32F4xx_HAL_Driver/Src/stm32f4xx_hal_uart.o

.debug_abbrev   0x0000000000000000     0x2ae5
 .debug_abbrev  0x0000000000000000      0x1aa ./Core/Src/I2C_EndEffector.o
 .debug_abbrev  0x00000000000001aa      0x330 ./Core/Src/ModBusRTU.o
 .debug_abbrev  0x00000000000004da      0x10a ./Core/Src/dma.o
 .debug_abbrev  0x00000000000005e4      0x146 ./Core/Src/gpio.o
 .debug_abbrev  0x000000000000072a      0x1fe ./Core/Src/i2c.o
 .debug_abbrev  0x0000000000000928      0x31f ./Core/Src/main.o
 .debug_abbrev  0x0000000000000c47       0xf0 ./Core/Src/stm32f4xx_hal_msp.o
 .debug_abbrev  0x0000000000000d37      0x1c7 ./Core/Src/stm32f4xx_it.o
 .debug_abbrev  0x0000000000000efe      0x116 ./Core/Src/system_stm32f4xx.o
 .debug_abbrev  0x0000000000001014      0x202 ./Core/Src/tim.o
 .debug_abbrev  0x0000000000001216      0x218 ./Core/Src/usart.o
 .debug_abbrev  0x000000000000142e       0x12 ./Core/Startup/startup_stm32f411retx.o
 .debug_abbrev  0x0000000000001440      0x23e ./Drivers/STM32F4xx_HAL_Driver/Src/stm32f4xx_hal.o
 .debug_abbrev  0x000000000000167e      0x316 ./Drivers/STM32F4xx_HAL_Driver/Src/stm32f4xx_hal_cortex.o
 .debug_abbrev  0x0000000000001994      0x21b ./Drivers/STM32F4xx_HAL_Driver/Src/stm32f4xx_hal_dma.o
 .debug_abbrev  0x0000000000001baf      0x1c4 ./Drivers/STM32F4xx_HAL_Driver/Src/stm32f4xx_hal_gpio.o
 .debug_abbrev  0x0000000000001d73      0x2a8 ./Drivers/STM32F4xx_HAL_Driver/Src/stm32f4xx_hal_i2c.o
 .debug_abbrev  0x000000000000201b      0x2aa ./Drivers/STM32F4xx_HAL_Driver/Src/stm32f4xx_hal_rcc.o
 .debug_abbrev  0x00000000000022c5      0x294 ./Drivers/STM32F4xx_HAL_Driver/Src/stm32f4xx_hal_tim.o
 .debug_abbrev  0x0000000000002559      0x287 ./Drivers/STM32F4xx_HAL_Driver/Src/stm32f4xx_hal_tim_ex.o
 .debug_abbrev  0x00000000000027e0      0x305 ./Drivers/STM32F4xx_HAL_Driver/Src/stm32f4xx_hal_uart.o

.debug_aranges  0x0000000000000000     0x1080
 .debug_aranges
                0x0000000000000000       0x68 ./Core/Src/I2C_EndEffector.o
 .debug_aranges
                0x0000000000000068       0x70 ./Core/Src/ModBusRTU.o
 .debug_aranges
                0x00000000000000d8       0x20 ./Core/Src/dma.o
 .debug_aranges
                0x00000000000000f8       0x20 ./Core/Src/gpio.o
 .debug_aranges
                0x0000000000000118       0x30 ./Core/Src/i2c.o
 .debug_aranges
                0x0000000000000148       0x40 ./Core/Src/main.o
 .debug_aranges
                0x0000000000000188       0x20 ./Core/Src/stm32f4xx_hal_msp.o
 .debug_aranges
                0x00000000000001a8       0x90 ./Core/Src/stm32f4xx_it.o
 .debug_aranges
                0x0000000000000238       0x28 ./Core/Src/system_stm32f4xx.o
 .debug_aranges
                0x0000000000000260       0x30 ./Core/Src/tim.o
 .debug_aranges
                0x0000000000000290       0x38 ./Core/Src/usart.o
 .debug_aranges
                0x00000000000002c8       0x28 ./Core/Startup/startup_stm32f411retx.o
 .debug_aranges
                0x00000000000002f0       0xf0 ./Drivers/STM32F4xx_HAL_Driver/Src/stm32f4xx_hal.o
 .debug_aranges
                0x00000000000003e0      0x118 ./Drivers/STM32F4xx_HAL_Driver/Src/stm32f4xx_hal_cortex.o
 .debug_aranges
                0x00000000000004f8       0x90 ./Drivers/STM32F4xx_HAL_Driver/Src/stm32f4xx_hal_dma.o
 .debug_aranges
                0x0000000000000588       0x58 ./Drivers/STM32F4xx_HAL_Driver/Src/stm32f4xx_hal_gpio.o
 .debug_aranges
                0x00000000000005e0      0x2a0 ./Drivers/STM32F4xx_HAL_Driver/Src/stm32f4xx_hal_i2c.o
 .debug_aranges
                0x0000000000000880       0x88 ./Drivers/STM32F4xx_HAL_Driver/Src/stm32f4xx_hal_rcc.o
 .debug_aranges
                0x0000000000000908      0x3e8 ./Drivers/STM32F4xx_HAL_Driver/Src/stm32f4xx_hal_tim.o
 .debug_aranges
                0x0000000000000cf0      0x168 ./Drivers/STM32F4xx_HAL_Driver/Src/stm32f4xx_hal_tim_ex.o
 .debug_aranges
                0x0000000000000e58      0x228 ./Drivers/STM32F4xx_HAL_Driver/Src/stm32f4xx_hal_uart.o

.debug_ranges   0x0000000000000000      0xf80
 .debug_ranges  0x0000000000000000       0x58 ./Core/Src/I2C_EndEffector.o
 .debug_ranges  0x0000000000000058       0x60 ./Core/Src/ModBusRTU.o
 .debug_ranges  0x00000000000000b8       0x10 ./Core/Src/dma.o
 .debug_ranges  0x00000000000000c8       0x10 ./Core/Src/gpio.o
 .debug_ranges  0x00000000000000d8       0x20 ./Core/Src/i2c.o
 .debug_ranges  0x00000000000000f8       0x30 ./Core/Src/main.o
 .debug_ranges  0x0000000000000128       0x10 ./Core/Src/stm32f4xx_hal_msp.o
 .debug_ranges  0x0000000000000138       0x80 ./Core/Src/stm32f4xx_it.o
 .debug_ranges  0x00000000000001b8       0x18 ./Core/Src/system_stm32f4xx.o
 .debug_ranges  0x00000000000001d0       0x20 ./Core/Src/tim.o
 .debug_ranges  0x00000000000001f0       0x28 ./Core/Src/usart.o
 .debug_ranges  0x0000000000000218       0x20 ./Core/Startup/startup_stm32f411retx.o
 .debug_ranges  0x0000000000000238       0xe0 ./Drivers/STM32F4xx_HAL_Driver/Src/stm32f4xx_hal.o
 .debug_ranges  0x0000000000000318      0x108 ./Drivers/STM32F4xx_HAL_Driver/Src/stm32f4xx_hal_cortex.o
 .debug_ranges  0x0000000000000420       0x80 ./Drivers/STM32F4xx_HAL_Driver/Src/stm32f4xx_hal_dma.o
 .debug_ranges  0x00000000000004a0       0x48 ./Drivers/STM32F4xx_HAL_Driver/Src/stm32f4xx_hal_gpio.o
 .debug_ranges  0x00000000000004e8      0x2a8 ./Drivers/STM32F4xx_HAL_Driver/Src/stm32f4xx_hal_i2c.o
 .debug_ranges  0x0000000000000790       0x78 ./Drivers/STM32F4xx_HAL_Driver/Src/stm32f4xx_hal_rcc.o
 .debug_ranges  0x0000000000000808      0x3d8 ./Drivers/STM32F4xx_HAL_Driver/Src/stm32f4xx_hal_tim.o
 .debug_ranges  0x0000000000000be0      0x158 ./Drivers/STM32F4xx_HAL_Driver/Src/stm32f4xx_hal_tim_ex.o
 .debug_ranges  0x0000000000000d38      0x248 ./Drivers/STM32F4xx_HAL_Driver/Src/stm32f4xx_hal_uart.o

.debug_macro    0x0000000000000000    0x1773d
 .debug_macro   0x0000000000000000      0x2db ./Core/Src/I2C_EndEffector.o
 .debug_macro   0x00000000000002db      0xa78 ./Core/Src/I2C_EndEffector.o
 .debug_macro   0x0000000000000d53      0x2a1 ./Core/Src/I2C_EndEffector.o
 .debug_macro   0x0000000000000ff4       0x2e ./Core/Src/I2C_EndEffector.o
 .debug_macro   0x0000000000001022       0x28 ./Core/Src/I2C_EndEffector.o
 .debug_macro   0x000000000000104a       0x22 ./Core/Src/I2C_EndEffector.o
 .debug_macro   0x000000000000106c       0x8e ./Core/Src/I2C_EndEffector.o
 .debug_macro   0x00000000000010fa       0x51 ./Core/Src/I2C_EndEffector.o
 .debug_macro   0x000000000000114b      0x103 ./Core/Src/I2C_EndEffector.o
 .debug_macro   0x000000000000124e       0x6a ./Core/Src/I2C_EndEffector.o
 .debug_macro   0x00000000000012b8      0x1df ./Core/Src/I2C_EndEffector.o
 .debug_macro   0x0000000000001497       0x1c ./Core/Src/I2C_EndEffector.o
 .debug_macro   0x00000000000014b3       0x22 ./Core/Src/I2C_EndEffector.o
 .debug_macro   0x00000000000014d5       0xd9 ./Core/Src/I2C_EndEffector.o
 .debug_macro   0x00000000000015ae     0x102d ./Core/Src/I2C_EndEffector.o
 .debug_macro   0x00000000000025db      0x11f ./Core/Src/I2C_EndEffector.o
 .debug_macro   0x00000000000026fa     0xb953 ./Core/Src/I2C_EndEffector.o
 .debug_macro   0x000000000000e04d       0x6d ./Core/Src/I2C_EndEffector.o
 .debug_macro   0x000000000000e0ba     0x367e ./Core/Src/I2C_EndEffector.o
 .debug_macro   0x0000000000011738      0x174 ./Core/Src/I2C_EndEffector.o
 .debug_macro   0x00000000000118ac       0x5c ./Core/Src/I2C_EndEffector.o
 .debug_macro   0x0000000000011908      0x447 ./Core/Src/I2C_EndEffector.o
 .debug_macro   0x0000000000011d4f      0x9fe ./Core/Src/I2C_EndEffector.o
 .debug_macro   0x000000000001274d      0x115 ./Core/Src/I2C_EndEffector.o
 .debug_macro   0x0000000000012862      0x11b ./Core/Src/I2C_EndEffector.o
 .debug_macro   0x000000000001297d       0xa5 ./Core/Src/I2C_EndEffector.o
 .debug_macro   0x0000000000012a22      0x15f ./Core/Src/I2C_EndEffector.o
 .debug_macro   0x0000000000012b81      0x287 ./Core/Src/I2C_EndEffector.o
 .debug_macro   0x0000000000012e08       0x5f ./Core/Src/I2C_EndEffector.o
 .debug_macro   0x0000000000012e67      0x236 ./Core/Src/I2C_EndEffector.o
 .debug_macro   0x000000000001309d      0x132 ./Core/Src/I2C_EndEffector.o
 .debug_macro   0x00000000000131cf      0x264 ./Core/Src/I2C_EndEffector.o
 .debug_macro   0x0000000000013433       0x2e ./Core/Src/I2C_EndEffector.o
 .debug_macro   0x0000000000013461      0x1b5 ./Core/Src/I2C_EndEffector.o
 .debug_macro   0x0000000000013616       0x22 ./Core/Src/I2C_EndEffector.o
 .debug_macro   0x0000000000013638       0xd6 ./Core/Src/I2C_EndEffector.o
 .debug_macro   0x000000000001370e      0x11a ./Core/Src/I2C_EndEffector.o
 .debug_macro   0x0000000000013828       0x85 ./Core/Src/I2C_EndEffector.o
 .debug_macro   0x00000000000138ad       0x89 ./Core/Src/I2C_EndEffector.o
 .debug_macro   0x0000000000013936      0x8e6 ./Core/Src/I2C_EndEffector.o
 .debug_macro   0x000000000001421c       0x47 ./Core/Src/I2C_EndEffector.o
 .debug_macro   0x0000000000014263      0x29c ./Core/Src/I2C_EndEffector.o
 .debug_macro   0x00000000000144ff      0x126 ./Core/Src/I2C_EndEffector.o
 .debug_macro   0x0000000000014625       0x52 ./Core/Src/I2C_EndEffector.o
 .debug_macro   0x0000000000014677       0x1e ./Core/Src/I2C_EndEffector.o
 .debug_macro   0x0000000000014695       0x3c ./Core/Src/I2C_EndEffector.o
 .debug_macro   0x00000000000146d1       0x34 ./Core/Src/I2C_EndEffector.o
 .debug_macro   0x0000000000014705       0x16 ./Core/Src/I2C_EndEffector.o
 .debug_macro   0x000000000001471b       0x43 ./Core/Src/I2C_EndEffector.o
 .debug_macro   0x000000000001475e       0x34 ./Core/Src/I2C_EndEffector.o
 .debug_macro   0x0000000000014792       0x10 ./Core/Src/I2C_EndEffector.o
 .debug_macro   0x00000000000147a2       0x58 ./Core/Src/I2C_EndEffector.o
 .debug_macro   0x00000000000147fa       0x71 ./Core/Src/I2C_EndEffector.o
 .debug_macro   0x000000000001486b       0x1c ./Core/Src/I2C_EndEffector.o
 .debug_macro   0x0000000000014887      0x12a ./Core/Src/I2C_EndEffector.o
 .debug_macro   0x00000000000149b1      0x341 ./Core/Src/I2C_EndEffector.o
 .debug_macro   0x0000000000014cf2      0x19b ./Core/Src/I2C_EndEffector.o
 .debug_macro   0x0000000000014e8d       0x16 ./Core/Src/I2C_EndEffector.o
 .debug_macro   0x0000000000014ea3       0x35 ./Core/Src/I2C_EndEffector.o
 .debug_macro   0x0000000000014ed8       0x20 ./Core/Src/I2C_EndEffector.o
 .debug_macro   0x0000000000014ef8       0x10 ./Core/Src/I2C_EndEffector.o
 .debug_macro   0x0000000000014f08      0x2cb ./Core/Src/ModBusRTU.o
 .debug_macro   0x00000000000151d3       0x10 ./Core/Src/ModBusRTU.o
 .debug_macro   0x00000000000151e3      0x200 ./Core/Src/dma.o
 .debug_macro   0x00000000000153e3       0x58 ./Core/Src/dma.o
 .debug_macro   0x000000000001543b      0x200 ./Core/Src/gpio.o
 .debug_macro   0x000000000001563b      0x200 ./Core/Src/i2c.o
 .debug_macro   0x000000000001583b      0x32d ./Core/Src/main.o
 .debug_macro   0x0000000000015b68      0x1f6 ./Core/Src/stm32f4xx_hal_msp.o
 .debug_macro   0x0000000000015d5e      0x200 ./Core/Src/stm32f4xx_it.o
 .debug_macro   0x0000000000015f5e      0x1e7 ./Core/Src/system_stm32f4xx.o
 .debug_macro   0x0000000000016145      0x200 ./Core/Src/tim.o
 .debug_macro   0x0000000000016345      0x200 ./Core/Src/usart.o
 .debug_macro   0x0000000000016545      0x247 ./Drivers/STM32F4xx_HAL_Driver/Src/stm32f4xx_hal.o
 .debug_macro   0x000000000001678c      0x1e7 ./Drivers/STM32F4xx_HAL_Driver/Src/stm32f4xx_hal_cortex.o
 .debug_macro   0x0000000000016973      0x1ed ./Drivers/STM32F4xx_HAL_Driver/Src/stm32f4xx_hal_dma.o
 .debug_macro   0x0000000000016b60      0x1ed ./Drivers/STM32F4xx_HAL_Driver/Src/stm32f4xx_hal_gpio.o
 .debug_macro   0x0000000000016d4d      0x22e ./Drivers/STM32F4xx_HAL_Driver/Src/stm32f4xx_hal_i2c.o
 .debug_macro   0x0000000000016f7b      0x20b ./Drivers/STM32F4xx_HAL_Driver/Src/stm32f4xx_hal_rcc.o
 .debug_macro   0x0000000000017186      0x1e8 ./Drivers/STM32F4xx_HAL_Driver/Src/stm32f4xx_hal_tim.o
 .debug_macro   0x000000000001736e      0x1e7 ./Drivers/STM32F4xx_HAL_Driver/Src/stm32f4xx_hal_tim_ex.o
 .debug_macro   0x0000000000017555      0x1e8 ./Drivers/STM32F4xx_HAL_Driver/Src/stm32f4xx_hal_uart.o

.debug_line     0x0000000000000000    0x155b1
 .debug_line    0x0000000000000000      0xb6d ./Core/Src/I2C_EndEffector.o
 .debug_line    0x0000000000000b6d      0xd16 ./Core/Src/ModBusRTU.o
 .debug_line    0x0000000000001883      0x6f0 ./Core/Src/dma.o
 .debug_line    0x0000000000001f73      0x70e ./Core/Src/gpio.o
 .debug_line    0x0000000000002681      0x764 ./Core/Src/i2c.o
 .debug_line    0x0000000000002de5      0xa72 ./Core/Src/main.o
 .debug_line    0x0000000000003857      0x6f5 ./Core/Src/stm32f4xx_hal_msp.o
 .debug_line    0x0000000000003f4c      0x847 ./Core/Src/stm32f4xx_it.o
 .debug_line    0x0000000000004793      0x776 ./Core/Src/system_stm32f4xx.o
 .debug_line    0x0000000000004f09      0x769 ./Core/Src/tim.o
 .debug_line    0x0000000000005672      0x7f5 ./Core/Src/usart.o
 .debug_line    0x0000000000005e67       0x88 ./Core/Startup/startup_stm32f411retx.o
 .debug_line    0x0000000000005eef      0x9dc ./Drivers/STM32F4xx_HAL_Driver/Src/stm32f4xx_hal.o
 .debug_line    0x00000000000068cb      0xc8b ./Drivers/STM32F4xx_HAL_Driver/Src/stm32f4xx_hal_cortex.o
 .debug_line    0x0000000000007556      0xf40 ./Drivers/STM32F4xx_HAL_Driver/Src/stm32f4xx_hal_dma.o
 .debug_line    0x0000000000008496      0xb14 ./Drivers/STM32F4xx_HAL_Driver/Src/stm32f4xx_hal_gpio.o
 .debug_line    0x0000000000008faa     0x3991 ./Drivers/STM32F4xx_HAL_Driver/Src/stm32f4xx_hal_i2c.o
 .debug_line    0x000000000000c93b      0xd58 ./Drivers/STM32F4xx_HAL_Driver/Src/stm32f4xx_hal_rcc.o
 .debug_line    0x000000000000d693     0x3865 ./Drivers/STM32F4xx_HAL_Driver/Src/stm32f4xx_hal_tim.o
 .debug_line    0x0000000000010ef8     0x1995 ./Drivers/STM32F4xx_HAL_Driver/Src/stm32f4xx_hal_tim_ex.o
 .debug_line    0x000000000001288d     0x2d24 ./Drivers/STM32F4xx_HAL_Driver/Src/stm32f4xx_hal_uart.o

.debug_str      0x0000000000000000    0x911d9
 .debug_str     0x0000000000000000    0x8bf63 ./Core/Src/I2C_EndEffector.o
                                      0x8c261 (size before relaxing)
 .debug_str     0x000000000008bf63     0x10e8 ./Core/Src/ModBusRTU.o
                                      0x8c9d5 (size before relaxing)
 .debug_str     0x000000000008d04b      0x627 ./Core/Src/dma.o
                                      0x88b61 (size before relaxing)
 .debug_str     0x000000000008d672       0xd8 ./Core/Src/gpio.o
                                      0x88867 (size before relaxing)
 .debug_str     0x000000000008d74a       0x9b ./Core/Src/i2c.o
                                      0x89177 (size before relaxing)
 .debug_str     0x000000000008d7e5      0x309 ./Core/Src/main.o
                                      0x8d2df (size before relaxing)
 .debug_str     0x000000000008daee       0x49 ./Core/Src/stm32f4xx_hal_msp.o
                                      0x887b9 (size before relaxing)
 .debug_str     0x000000000008db37      0x1be ./Core/Src/stm32f4xx_it.o
                                      0x89512 (size before relaxing)
 .debug_str     0x000000000008dcf5       0xdb ./Core/Src/system_stm32f4xx.o
                                      0x88726 (size before relaxing)
 .debug_str     0x000000000008ddd0      0x103 ./Core/Src/tim.o
                                      0x89458 (size before relaxing)
 .debug_str     0x000000000008ded3       0x6d ./Core/Src/usart.o
                                      0x891f6 (size before relaxing)
 .debug_str     0x000000000008df40       0x36 ./Core/Startup/startup_stm32f411retx.o
                                         0x5a (size before relaxing)
 .debug_str     0x000000000008df76      0x5ee ./Drivers/STM32F4xx_HAL_Driver/Src/stm32f4xx_hal.o
                                      0x89152 (size before relaxing)
 .debug_str     0x000000000008e564      0x32d ./Drivers/STM32F4xx_HAL_Driver/Src/stm32f4xx_hal_cortex.o
                                      0x88e73 (size before relaxing)
 .debug_str     0x000000000008e891      0x2f4 ./Drivers/STM32F4xx_HAL_Driver/Src/stm32f4xx_hal_dma.o
                                      0x88b2e (size before relaxing)
 .debug_str     0x000000000008eb85      0x121 ./Drivers/STM32F4xx_HAL_Driver/Src/stm32f4xx_hal_gpio.o
                                      0x888a1 (size before relaxing)
 .debug_str     0x000000000008eca6      0xa6b ./Drivers/STM32F4xx_HAL_Driver/Src/stm32f4xx_hal_i2c.o
                                      0x896e4 (size before relaxing)
 .debug_str     0x000000000008f711      0x213 ./Drivers/STM32F4xx_HAL_Driver/Src/stm32f4xx_hal_rcc.o
                                      0x88b5a (size before relaxing)
 .debug_str     0x000000000008f924      0xdf4 ./Drivers/STM32F4xx_HAL_Driver/Src/stm32f4xx_hal_tim.o
                                      0x8a101 (size before relaxing)
 .debug_str     0x0000000000090718      0x4a6 ./Drivers/STM32F4xx_HAL_Driver/Src/stm32f4xx_hal_tim_ex.o
                                      0x89506 (size before relaxing)
 .debug_str     0x0000000000090bbe      0x61b ./Drivers/STM32F4xx_HAL_Driver/Src/stm32f4xx_hal_uart.o
                                      0x893f2 (size before relaxing)

.comment        0x0000000000000000       0x50
 .comment       0x0000000000000000       0x50 ./Core/Src/I2C_EndEffector.o
                                         0x51 (size before relaxing)
 .comment       0x0000000000000050       0x51 ./Core/Src/ModBusRTU.o
 .comment       0x0000000000000050       0x51 ./Core/Src/dma.o
 .comment       0x0000000000000050       0x51 ./Core/Src/gpio.o
 .comment       0x0000000000000050       0x51 ./Core/Src/i2c.o
 .comment       0x0000000000000050       0x51 ./Core/Src/main.o
 .comment       0x0000000000000050       0x51 ./Core/Src/stm32f4xx_hal_msp.o
 .comment       0x0000000000000050       0x51 ./Core/Src/stm32f4xx_it.o
 .comment       0x0000000000000050       0x51 ./Core/Src/system_stm32f4xx.o
 .comment       0x0000000000000050       0x51 ./Core/Src/tim.o
 .comment       0x0000000000000050       0x51 ./Core/Src/usart.o
 .comment       0x0000000000000050       0x51 ./Drivers/STM32F4xx_HAL_Driver/Src/stm32f4xx_hal.o
 .comment       0x0000000000000050       0x51 ./Drivers/STM32F4xx_HAL_Driver/Src/stm32f4xx_hal_cortex.o
 .comment       0x0000000000000050       0x51 ./Drivers/STM32F4xx_HAL_Driver/Src/stm32f4xx_hal_dma.o
 .comment       0x0000000000000050       0x51 ./Drivers/STM32F4xx_HAL_Driver/Src/stm32f4xx_hal_gpio.o
 .comment       0x0000000000000050       0x51 ./Drivers/STM32F4xx_HAL_Driver/Src/stm32f4xx_hal_i2c.o
 .comment       0x0000000000000050       0x51 ./Drivers/STM32F4xx_HAL_Driver/Src/stm32f4xx_hal_rcc.o
 .comment       0x0000000000000050       0x51 ./Drivers/STM32F4xx_HAL_Driver/Src/stm32f4xx_hal_tim.o
 .comment       0x0000000000000050       0x51 ./Drivers/STM32F4xx_HAL_Driver/Src/stm32f4xx_hal_tim_ex.o
 .comment       0x0000000000000050       0x51 ./Drivers/STM32F4xx_HAL_Driver/Src/stm32f4xx_hal_uart.o

.debug_frame    0x0000000000000000     0x4520
 .debug_frame   0x0000000000000000      0x17c ./Core/Src/I2C_EndEffector.o
 .debug_frame   0x000000000000017c      0x1ac ./Core/Src/ModBusRTU.o
 .debug_frame   0x0000000000000328       0x34 ./Core/Src/dma.o
 .debug_frame   0x000000000000035c       0x34 ./Core/Src/gpio.o
 .debug_frame   0x0000000000000390       0x74 ./Core/Src/i2c.o
 .debug_frame   0x0000000000000404       0xac ./Core/Src/main.o
 .debug_frame   0x00000000000004b0       0x34 ./Core/Src/stm32f4xx_hal_msp.o
 .debug_frame   0x00000000000004e4      0x1ac ./Core/Src/stm32f4xx_it.o
 .debug_frame   0x0000000000000690       0x58 ./Core/Src/system_stm32f4xx.o
 .debug_frame   0x00000000000006e8       0x7c ./Core/Src/tim.o
 .debug_frame   0x0000000000000764       0x90 ./Core/Src/usart.o
 .debug_frame   0x00000000000007f4      0x374 ./Drivers/STM32F4xx_HAL_Driver/Src/stm32f4xx_hal.o
 .debug_frame   0x0000000000000b68      0x498 ./Drivers/STM32F4xx_HAL_Driver/Src/stm32f4xx_hal_cortex.o
 .debug_frame   0x0000000000001000      0x250 ./Drivers/STM32F4xx_HAL_Driver/Src/stm32f4xx_hal_dma.o
 .debug_frame   0x0000000000001250      0x14c ./Drivers/STM32F4xx_HAL_Driver/Src/stm32f4xx_hal_gpio.o
 .debug_frame   0x000000000000139c      0xc5c ./Drivers/STM32F4xx_HAL_Driver/Src/stm32f4xx_hal_i2c.o
 .debug_frame   0x0000000000001ff8      0x1f4 ./Drivers/STM32F4xx_HAL_Driver/Src/stm32f4xx_hal_rcc.o
 .debug_frame   0x00000000000021ec     0x1234 ./Drivers/STM32F4xx_HAL_Driver/Src/stm32f4xx_hal_tim.o
 .debug_frame   0x0000000000003420      0x638 ./Drivers/STM32F4xx_HAL_Driver/Src/stm32f4xx_hal_tim_ex.o
 .debug_frame   0x0000000000003a58      0x9f4 ./Drivers/STM32F4xx_HAL_Driver/Src/stm32f4xx_hal_uart.o
 .debug_frame   0x000000000000444c       0x2c c:/st/stm32cubeide_1.11.0/stm32cubeide/plugins/com.st.stm32cube.ide.mcu.externaltools.gnu-tools-for-stm32.10.3-2021.10.win32_1.0.100.202210260954/tools/bin/../lib/gcc/arm-none-eabi/10.3.1/../../../../arm-none-eabi/lib/thumb/v7e-m+fp/hard\libc_nano.a(lib_a-init.o)
 .debug_frame   0x0000000000004478       0x28 c:/st/stm32cubeide_1.11.0/stm32cubeide/plugins/com.st.stm32cube.ide.mcu.externaltools.gnu-tools-for-stm32.10.3-2021.10.win32_1.0.100.202210260954/tools/bin/../lib/gcc/arm-none-eabi/10.3.1/../../../../arm-none-eabi/lib/thumb/v7e-m+fp/hard\libc_nano.a(lib_a-memcpy-stub.o)
 .debug_frame   0x00000000000044a0       0x20 c:/st/stm32cubeide_1.11.0/stm32cubeide/plugins/com.st.stm32cube.ide.mcu.externaltools.gnu-tools-for-stm32.10.3-2021.10.win32_1.0.100.202210260954/tools/bin/../lib/gcc/arm-none-eabi/10.3.1/../../../../arm-none-eabi/lib/thumb/v7e-m+fp/hard\libc_nano.a(lib_a-memset.o)
 .debug_frame   0x00000000000044c0       0x2c c:/st/stm32cubeide_1.11.0/stm32cubeide/plugins/com.st.stm32cube.ide.mcu.externaltools.gnu-tools-for-stm32.10.3-2021.10.win32_1.0.100.202210260954/tools/bin/../lib/gcc/arm-none-eabi/10.3.1/thumb/v7e-m+fp/hard\libgcc.a(_aeabi_uldivmod.o)
 .debug_frame   0x00000000000044ec       0x34 c:/st/stm32cubeide_1.11.0/stm32cubeide/plugins/com.st.stm32cube.ide.mcu.externaltools.gnu-tools-for-stm32.10.3-2021.10.win32_1.0.100.202210260954/tools/bin/../lib/gcc/arm-none-eabi/10.3.1/thumb/v7e-m+fp/hard\libgcc.a(_udivmoddi4.o)
